Archive member included to satisfy reference by file (symbol)

e:/nucleistudio_ide_202102-win64/nucleistudio/toolchain/gcc/bin/../lib/gcc/riscv-nuclei-elf/9.2.0/../../../../riscv-nuclei-elf/lib/rv32imac/ilp32\libm.a(lib_a-w_sqrt.o)
                              ./application/touch.o (sqrt)
e:/nucleistudio_ide_202102-win64/nucleistudio/toolchain/gcc/bin/../lib/gcc/riscv-nuclei-elf/9.2.0/../../../../riscv-nuclei-elf/lib/rv32imac/ilp32\libm.a(lib_a-e_sqrt.o)
                              e:/nucleistudio_ide_202102-win64/nucleistudio/toolchain/gcc/bin/../lib/gcc/riscv-nuclei-elf/9.2.0/../../../../riscv-nuclei-elf/lib/rv32imac/ilp32\libm.a(lib_a-w_sqrt.o) (__ieee754_sqrt)
e:/nucleistudio_ide_202102-win64/nucleistudio/toolchain/gcc/bin/../lib/gcc/riscv-nuclei-elf/9.2.0/../../../../riscv-nuclei-elf/lib/rv32imac/ilp32\libm.a(lib_a-s_lib_ver.o)
                              e:/nucleistudio_ide_202102-win64/nucleistudio/toolchain/gcc/bin/../lib/gcc/riscv-nuclei-elf/9.2.0/../../../../riscv-nuclei-elf/lib/rv32imac/ilp32\libm.a(lib_a-w_sqrt.o) (__fdlib_version)
e:/nucleistudio_ide_202102-win64/nucleistudio/toolchain/gcc/bin/../lib/gcc/riscv-nuclei-elf/9.2.0/../../../../riscv-nuclei-elf/lib/rv32imac/ilp32\libm.a(lib_a-s_matherr.o)
                              e:/nucleistudio_ide_202102-win64/nucleistudio/toolchain/gcc/bin/../lib/gcc/riscv-nuclei-elf/9.2.0/../../../../riscv-nuclei-elf/lib/rv32imac/ilp32\libm.a(lib_a-w_sqrt.o) (matherr)
e:/nucleistudio_ide_202102-win64/nucleistudio/toolchain/gcc/bin/../lib/gcc/riscv-nuclei-elf/9.2.0/rv32imac/ilp32\libgcc.a(_udivdi3.o)
                              ./nuclei_sdk/SoC/gd32vf103/Common/Source/Stubs/gettimeofday.o (__udivdi3)
e:/nucleistudio_ide_202102-win64/nucleistudio/toolchain/gcc/bin/../lib/gcc/riscv-nuclei-elf/9.2.0/rv32imac/ilp32\libgcc.a(_umoddi3.o)
                              ./nuclei_sdk/SoC/gd32vf103/Common/Source/Stubs/gettimeofday.o (__umoddi3)
e:/nucleistudio_ide_202102-win64/nucleistudio/toolchain/gcc/bin/../lib/gcc/riscv-nuclei-elf/9.2.0/rv32imac/ilp32\libgcc.a(adddf3.o)
                              e:/nucleistudio_ide_202102-win64/nucleistudio/toolchain/gcc/bin/../lib/gcc/riscv-nuclei-elf/9.2.0/../../../../riscv-nuclei-elf/lib/rv32imac/ilp32\libm.a(lib_a-e_sqrt.o) (__adddf3)
e:/nucleistudio_ide_202102-win64/nucleistudio/toolchain/gcc/bin/../lib/gcc/riscv-nuclei-elf/9.2.0/rv32imac/ilp32\libgcc.a(divdf3.o)
                              e:/nucleistudio_ide_202102-win64/nucleistudio/toolchain/gcc/bin/../lib/gcc/riscv-nuclei-elf/9.2.0/../../../../riscv-nuclei-elf/lib/rv32imac/ilp32\libm.a(lib_a-w_sqrt.o) (__divdf3)
e:/nucleistudio_ide_202102-win64/nucleistudio/toolchain/gcc/bin/../lib/gcc/riscv-nuclei-elf/9.2.0/rv32imac/ilp32\libgcc.a(gedf2.o)
                              ./application/touch.o (__gtdf2)
e:/nucleistudio_ide_202102-win64/nucleistudio/toolchain/gcc/bin/../lib/gcc/riscv-nuclei-elf/9.2.0/rv32imac/ilp32\libgcc.a(ledf2.o)
                              ./application/touch.o (__ltdf2)
e:/nucleistudio_ide_202102-win64/nucleistudio/toolchain/gcc/bin/../lib/gcc/riscv-nuclei-elf/9.2.0/rv32imac/ilp32\libgcc.a(muldf3.o)
                              e:/nucleistudio_ide_202102-win64/nucleistudio/toolchain/gcc/bin/../lib/gcc/riscv-nuclei-elf/9.2.0/../../../../riscv-nuclei-elf/lib/rv32imac/ilp32\libm.a(lib_a-e_sqrt.o) (__muldf3)
e:/nucleistudio_ide_202102-win64/nucleistudio/toolchain/gcc/bin/../lib/gcc/riscv-nuclei-elf/9.2.0/rv32imac/ilp32\libgcc.a(subdf3.o)
                              e:/nucleistudio_ide_202102-win64/nucleistudio/toolchain/gcc/bin/../lib/gcc/riscv-nuclei-elf/9.2.0/../../../../riscv-nuclei-elf/lib/rv32imac/ilp32\libm.a(lib_a-e_sqrt.o) (__subdf3)
e:/nucleistudio_ide_202102-win64/nucleistudio/toolchain/gcc/bin/../lib/gcc/riscv-nuclei-elf/9.2.0/rv32imac/ilp32\libgcc.a(unorddf2.o)
                              e:/nucleistudio_ide_202102-win64/nucleistudio/toolchain/gcc/bin/../lib/gcc/riscv-nuclei-elf/9.2.0/../../../../riscv-nuclei-elf/lib/rv32imac/ilp32\libm.a(lib_a-w_sqrt.o) (__unorddf2)
e:/nucleistudio_ide_202102-win64/nucleistudio/toolchain/gcc/bin/../lib/gcc/riscv-nuclei-elf/9.2.0/rv32imac/ilp32\libgcc.a(fixunsdfsi.o)
                              ./application/touch.o (__fixunsdfsi)
e:/nucleistudio_ide_202102-win64/nucleistudio/toolchain/gcc/bin/../lib/gcc/riscv-nuclei-elf/9.2.0/rv32imac/ilp32\libgcc.a(floatunsidf.o)
                              ./application/touch.o (__floatunsidf)
e:/nucleistudio_ide_202102-win64/nucleistudio/toolchain/gcc/bin/../lib/gcc/riscv-nuclei-elf/9.2.0/rv32imac/ilp32\libgcc.a(addsf3.o)
                              ./application/touch.o (__addsf3)
e:/nucleistudio_ide_202102-win64/nucleistudio/toolchain/gcc/bin/../lib/gcc/riscv-nuclei-elf/9.2.0/rv32imac/ilp32\libgcc.a(divsf3.o)
                              ./application/touch.o (__divsf3)
e:/nucleistudio_ide_202102-win64/nucleistudio/toolchain/gcc/bin/../lib/gcc/riscv-nuclei-elf/9.2.0/rv32imac/ilp32\libgcc.a(mulsf3.o)
[...]
Memory Configuration

Name             Origin             Length             Attributes
flash            0x0000000008000000 0x0000000000020000 axrl !w
ram              0x0000000020000000 0x0000000000005000 axw !rl
*default*        0x0000000000000000 0xffffffffffffffff

Linker script and memory map

LOAD ./nuclei_sdk/SoC/gd32vf103/Common/Source/Stubs/clock_getres.o
LOAD ./nuclei_sdk/SoC/gd32vf103/Common/Source/Stubs/clock_gettime.o
LOAD ./nuclei_sdk/SoC/gd32vf103/Common/Source/Stubs/clock_settime.o
LOAD ./nuclei_sdk/SoC/gd32vf103/Common/Source/Stubs/close.o
LOAD ./nuclei_sdk/SoC/gd32vf103/Common/Source/Stubs/execve.o
LOAD ./nuclei_sdk/SoC/gd32vf103/Common/Source/Stubs/exit.o
LOAD ./nuclei_sdk/SoC/gd32vf103/Common/Source/Stubs/fork.o
LOAD ./nuclei_sdk/SoC/gd32vf103/Common/Source/Stubs/fstat.o
LOAD ./nuclei_sdk/SoC/gd32vf103/Common/Source/Stubs/getpid.o
LOAD ./nuclei_sdk/SoC/gd32vf103/Common/Source/Stubs/gettimeofday.o
LOAD ./nuclei_sdk/SoC/gd32vf103/Common/Source/Stubs/isatty.o
LOAD ./nuclei_sdk/SoC/gd32vf103/Common/Source/Stubs/kill.o
LOAD ./nuclei_sdk/SoC/gd32vf103/Common/Source/Stubs/link.o
LOAD ./nuclei_sdk/SoC/gd32vf103/Common/Source/Stubs/lseek.o
LOAD ./nuclei_sdk/SoC/gd32vf103/Common/Source/Stubs/open.o
LOAD ./nuclei_sdk/SoC/gd32vf103/Common/Source/Stubs/read.o
LOAD ./nuclei_sdk/SoC/gd32vf103/Common/Source/Stubs/sbrk.o
LOAD ./nuclei_sdk/SoC/gd32vf103/Common/Source/Stubs/stat.o
LOAD ./nuclei_sdk/SoC/gd32vf103/Common/Source/Stubs/times.o
LOAD ./nuclei_sdk/SoC/gd32vf103/Common/Source/Stubs/unlink.o
LOAD ./nuclei_sdk/SoC/gd32vf103/Common/Source/Stubs/wait.o
LOAD ./nuclei_sdk/SoC/gd32vf103/Common/Source/Stubs/write.o
LOAD ./nuclei_sdk/SoC/gd32vf103/Common/Source/GCC/intexc_gd32vf103.o
LOAD ./nuclei_sdk/SoC/gd32vf103/Common/Source/GCC/startup_gd32vf103.o
LOAD ./nuclei_sdk/SoC/gd32vf103/Common/Source/Drivers/Usb/drv_usb_core.o
LOAD ./nuclei_sdk/SoC/gd32vf103/Common/Source/Drivers/Usb/drv_usb_dev.o
LOAD ./nuclei_sdk/SoC/gd32vf103/Common/Source/Drivers/Usb/drv_usb_host.o
LOAD ./nuclei_sdk/SoC/gd32vf103/Common/Source/Drivers/Usb/drv_usbd_int.o
LOAD ./nuclei_sdk/SoC/gd32vf103/Common/Source/Drivers/Usb/drv_usbh_int.o
LOAD ./nuclei_sdk/SoC/gd32vf103/Common/Source/Drivers/Usb/gd32vf103_usb_hw.o
LOAD ./nuclei_sdk/SoC/gd32vf103/Common/Source/Drivers/Usb/usbd_core.o
LOAD ./nuclei_sdk/SoC/gd32vf103/Common/Source/Drivers/Usb/usbd_enum.o
LOAD ./nuclei_sdk/SoC/gd32vf103/Common/Source/Drivers/Usb/usbd_transc.o
LOAD ./nuclei_sdk/SoC/gd32vf103/Common/Source/Drivers/Usb/usbh_core.o
LOAD ./nuclei_sdk/SoC/gd32vf103/Common/Source/Drivers/Usb/usbh_enum.o
LOAD ./nuclei_sdk/SoC/gd32vf103/Common/Source/Drivers/Usb/usbh_pipe.o
LOAD ./nuclei_sdk/SoC/gd32vf103/Common/Source/Drivers/Usb/usbh_transc.o
LOAD ./nuclei_sdk/SoC/gd32vf103/Common/Source/Drivers/gd32vf103_adc.o
LOAD ./nuclei_sdk/SoC/gd32vf103/Common/Source/Drivers/gd32vf103_bkp.o
LOAD ./nuclei_sdk/SoC/gd32vf103/Common/Source/Drivers/gd32vf103_can.o
LOAD ./nuclei_sdk/SoC/gd32vf103/Common/Source/Drivers/gd32vf103_crc.o
LOAD ./nuclei_sdk/SoC/gd32vf103/Common/Source/Drivers/gd32vf103_dac.o
LOAD ./nuclei_sdk/SoC/gd32vf103/Common/Source/Drivers/gd32vf103_dbg.o
LOAD ./nuclei_sdk/SoC/gd32vf103/Common/Source/Drivers/gd32vf103_dma.o
LOAD ./nuclei_sdk/SoC/gd32vf103/Common/Source/Drivers/gd32vf103_eclic.o
LOAD ./nuclei_sdk/SoC/gd32vf103/Common/Source/Drivers/gd32vf103_exmc.o
LOAD ./nuclei_sdk/SoC/gd32vf103/Common/Source/Drivers/gd32vf103_exti.o
LOAD ./nuclei_sdk/SoC/gd32vf103/Common/Source/Drivers/gd32vf103_fmc.o
LOAD ./nuclei_sdk/SoC/gd32vf103/Common/Source/Drivers/gd32vf103_fwdgt.o
LOAD ./nuclei_sdk/SoC/gd32vf103/Common/Source/Drivers/gd32vf103_gpio.o
LOAD ./nuclei_sdk/SoC/gd32vf103/Common/Source/Drivers/gd32vf103_i2c.o
LOAD ./nuclei_sdk/SoC/gd32vf103/Common/Source/Drivers/gd32vf103_pmu.o
LOAD ./nuclei_sdk/SoC/gd32vf103/Common/Source/Drivers/gd32vf103_rcu.o
LOAD ./nuclei_sdk/SoC/gd32vf103/Common/Source/Drivers/gd32vf103_rtc.o
LOAD ./nuclei_sdk/SoC/gd32vf103/Common/Source/Drivers/gd32vf103_spi.o
LOAD ./nuclei_sdk/SoC/gd32vf103/Common/Source/Drivers/gd32vf103_timer.o
LOAD ./nuclei_sdk/SoC/gd32vf103/Common/Source/Drivers/gd32vf103_usart.o
LOAD ./nuclei_sdk/SoC/gd32vf103/Common/Source/Drivers/gd32vf103_wwdgt.o
LOAD ./nuclei_sdk/SoC/gd32vf103/Common/Source/Drivers/rtc.o
LOAD ./nuclei_sdk/SoC/gd32vf103/Common/Source/gd32vf103_soc.o
LOAD ./nuclei_sdk/SoC/gd32vf103/Common/Source/system_gd32vf103.o
LOAD ./nuclei_sdk/SoC/gd32vf103/Common/Include/n200_func.o
LOAD ./nuclei_sdk/SoC/gd32vf103/Board/gd32vf103v_rvstar/Source/gd32vf103v_rvstar.o
LOAD ./application/GUI/ugui.o
LOAD ./application/exmc_lcd.o
LOAD ./application/exmc_sram.o
LOAD ./application/gui_28.o
LOAD ./application/i2c.o
LOAD ./application/ili9320.o
LOAD ./application/lcd_28.o
LOAD ./application/main.o
LOAD ./application/mpu.o
LOAD ./application/picture.o
LOAD ./application/touch.o
LOAD D:\risc_studio\456\nuclei_sdk\NMSIS\Library\DSP\GCC\libnmsis_dsp_rv32imac.a
LOAD D:\risc_studio\456\nuclei_sdk\NMSIS\Library\NN\GCC\libnmsis_nn_rv32imac.a
LOAD e:/nucleistudio_ide_202102-win64/nucleistudio/toolchain/gcc/bin/../lib/gcc/riscv-nuclei-elf/9.2.0/../../../../riscv-nuclei-elf/lib/rv32imac/ilp32\libstdc++.a
LOAD e:/nucleistudio_ide_202102-win64/nucleistudio/toolchain/gcc/bin/../lib/gcc/riscv-nuclei-elf/9.2.0/../../../../riscv-nuclei-elf/lib/rv32imac/ilp32\libstdc++.a
LOAD e:/nucleistudio_ide_202102-win64/nucleistudio/toolchain/gcc/bin/../lib/gcc/riscv-nuclei-elf/9.2.0/../../../../riscv-nuclei-elf/lib/rv32imac/ilp32\libm.a
LOAD e:/nucleistudio_ide_202102-win64/nucleistudio/toolchain/gcc/bin/../lib/gcc/riscv-nuclei-elf/9.2.0/rv32imac/ilp32\libgcc.a
LOAD e:/nucleistudio_ide_202102-win64/nucleistudio/toolchain/gcc/bin/../lib/gcc/riscv-nuclei-elf/9.2.0/../../../../riscv-nuclei-elf/lib/rv32imac/ilp32\libg_nano.a
LOAD e:/nucleistudio_ide_202102-win64/nucleistudio/toolchain/gcc/bin/../lib/gcc/riscv-nuclei-elf/9.2.0/../../../../riscv-nuclei-elf/lib/rv32imac/ilp32\libc_nano.a
LOAD e:/nucleistudio_ide_202102-win64/nucleistudio/toolchain/gcc/bin/../lib/gcc/riscv-nuclei-elf/9.2.0/rv32imac/ilp32\libgcc.a
START GROUP
LOAD e:/nucleistudio_ide_202102-win64/nucleistudio/toolchain/gcc/bin/../lib/gcc/riscv-nuclei-elf/9.2.0/rv32imac/ilp32\libgcc.a
LOAD e:/nucleistudio_ide_202102-win64/nucleistudio/toolchain/gcc/bin/../lib/gcc/riscv-nuclei-elf/9.2.0/../../../../riscv-nuclei-elf/lib/rv32imac/ilp32\libc_nano.a
LOAD e:/nucleistudio_ide_202102-win64/nucleistudio/toolchain/gcc/bin/../lib/gcc/riscv-nuclei-elf/9.2.0/../../../../riscv-nuclei-elf/lib/rv32imac/ilp32\libnosys.a
END GROUP
START GROUP
LOAD e:/nucleistudio_ide_202102-win64/nucleistudio/toolchain/gcc/bin/../lib/gcc/riscv-nuclei-elf/9.2.0/rv32imac/ilp32\libgcc.a
LOAD e:/nucleistudio_ide_202102-win64/nucleistudio/toolchain/gcc/bin/../lib/gcc/riscv-nuclei-elf/9.2.0/../../../../riscv-nuclei-elf/lib/rv32imac/ilp32\libc_nano.a
LOAD e:/nucleistudio_ide_202102-win64/nucleistudio/toolchain/gcc/bin/../lib/gcc/riscv-nuclei-elf/9.2.0/../../../../riscv-nuclei-elf/lib/rv32imac/ilp32\libnosys.a
END GROUP
                0x0000000008000000                __ROM_BASE = 0x8000000
                0x0000000000020000                __ROM_SIZE = 0x20000
                0x0000000080000000                __ILM_RAM_BASE = 0x80000000
                0x0000000000010000                __ILM_RAM_SIZE = 0x10000
                0x0000000020000000                __RAM_BASE = 0x20000000
                0x0000000000005000                __RAM_SIZE = 0x5000
                0x0000000000000800                __STACK_SIZE = 0x800
                0x0000000000000800                __HEAP_SIZE = 0x800
                0x0000000000000800                __STACK_SIZE = DEFINED (__STACK_SIZE)?__STACK_SIZE:0x800

.init           0x0000000008000000      0x26e
 *(.vtable)
 .vtable        0x0000000008000000      0x15c ./nuclei_sdk/SoC/gd32vf103/Common/Source/GCC/startup_gd32vf103.o
                0x0000000008000000                vector_base
 *(SORT_NONE(.init))
 .init          0x000000000800015c      0x112 ./nuclei_sdk/SoC/gd32vf103/Common/Source/GCC/startup_gd32vf103.o
                0x000000000800015c                _start

.ilalign        0x000000000800026e        0x2
                0x0000000008000270                . = ALIGN (0x4)
 *fill*         0x000000000800026e        0x2 
                0x0000000008000270                PROVIDE (_ilm_lma = .)

.ialign         0x0000000008000270        0x0
                0x0000000008000270                PROVIDE (_ilm = .)

.text           0x0000000008000280     0x97ea
 *(.text.unlikely .text.unlikely.*)
 *(.text.startup .text.startup.*)
 *(.text .text.*)
 .text._close   0x0000000008000280       0x1c ./nuclei_sdk/SoC/gd32vf103/Common/Source/Stubs/close.o
                0x0000000008000280                _close
 .text._fstat   0x000000000800029c       0x40 ./nuclei_sdk/SoC/gd32vf103/Common/Source/Stubs/fstat.o
                0x000000000800029c                _fstat
 .text._isatty  0x00000000080002dc       0x14 ./nuclei_sdk/SoC/gd32vf103/Common/Source/Stubs/isatty.o
                0x00000000080002dc                _isatty
 .text._lseek   0x00000000080002f0       0x1c ./nuclei_sdk/SoC/gd32vf103/Common/Source/Stubs/lseek.o
                0x00000000080002f0                _lseek
 .text._read    0x000000000800030c       0x46 ./nuclei_sdk/SoC/gd32vf103/Common/Source/Stubs/read.o
                0x000000000800030c                _read
 .text._sbrk    0x0000000008000352       0x78 ./nuclei_sdk/SoC/gd32vf103/Common/Source/Stubs/sbrk.o
                0x0000000008000352                _sbrk
 .text._write   0x00000000080003ca       0x8c ./nuclei_sdk/SoC/gd32vf103/Common/Source/Stubs/write.o
                0x00000000080003ca                _write
 *fill*         0x0000000008000456       0x2a 
 .text.trap     0x0000000008000480       0x7e ./nuclei_sdk/SoC/gd32vf103/Common/Source/GCC/intexc_gd32vf103.o
                0x0000000008000480                exc_entry
 *fill*         0x00000000080004fe        0x2 
 .text.irq      0x0000000008000500       0x76 ./nuclei_sdk/SoC/gd32vf103/Common/Source/GCC/intexc_gd32vf103.o
                0x0000000008000500                irq_entry
                0x0000000008000572                default_intexc_handler
 .text.eclic_global_interrupt_enable
                0x0000000008000576       0x16 ./nuclei_sdk/SoC/gd32vf103/Common/Source/Drivers/gd32vf103_eclic.o
                0x0000000008000576                eclic_global_interrupt_enable
 .text.eclic_irq_enable
                0x000000000800058c       0x48 ./nuclei_sdk/SoC/gd32vf103/Common/Source/Drivers/gd32vf103_eclic.o
                0x000000000800058c                eclic_irq_enable
 .text.exmc_norsram_init
                0x00000000080005d4      0x120 ./nuclei_sdk/SoC/gd32vf103/Common/Source/Drivers/gd32vf103_exmc.o
                0x00000000080005d4                exmc_norsram_init
 .text.exmc_norsram_enable
                0x00000000080006f4       0x32 ./nuclei_sdk/SoC/gd32vf103/Common/Source/Drivers/gd32vf103_exmc.o
                0x00000000080006f4                exmc_norsram_enable
 .text.gpio_init
                0x0000000008000726      0x1d4 ./nuclei_sdk/SoC/gd32vf103/Common/Source/Drivers/gd32vf103_gpio.o
                0x0000000008000726                gpio_init
 .text.gpio_bit_write
                0x00000000080008fa       0x3e ./nuclei_sdk/SoC/gd32vf103/Common/Source/Drivers/gd32vf103_gpio.o
                0x00000000080008fa                gpio_bit_write
 .text.gpio_input_bit_get
                0x0000000008000938       0x2c ./nuclei_sdk/SoC/gd32vf103/Common/Source/Drivers/gd32vf103_gpio.o
                0x0000000008000938                gpio_input_bit_get
 .text.rcu_periph_clock_enable
                0x0000000008000964       0x40 ./nuclei_sdk/SoC/gd32vf103/Common/Source/Drivers/gd32vf103_rcu.o
                0x0000000008000964                rcu_periph_clock_enable
 .text.rcu_periph_reset_enable
                0x00000000080009a4       0x40 ./nuclei_sdk/SoC/gd32vf103/Common/Source/Drivers/gd32vf103_rcu.o
                0x00000000080009a4                rcu_periph_reset_enable
 .text.rcu_periph_reset_disable
                0x00000000080009e4       0x44 ./nuclei_sdk/SoC/gd32vf103/Common/Source/Drivers/gd32vf103_rcu.o
                0x00000000080009e4                rcu_periph_reset_disable
 .text.rcu_clock_freq_get
                0x0000000008000a28      0x2fa ./nuclei_sdk/SoC/gd32vf103/Common/Source/Drivers/gd32vf103_rcu.o
                0x0000000008000a28                rcu_clock_freq_get
 .text.timer_deinit
                0x0000000008000d22      0x130 ./nuclei_sdk/SoC/gd32vf103/Common/Source/Drivers/gd32vf103_timer.o
                0x0000000008000d22                timer_deinit
 .text.timer_struct_para_init
                0x0000000008000e52       0x44 ./nuclei_sdk/SoC/gd32vf103/Common/Source/Drivers/gd32vf103_timer.o
                0x0000000008000e52                timer_struct_para_init
 .text.timer_init
                0x0000000008000e96      0x170 ./nuclei_sdk/SoC/gd32vf103/Common/Source/Drivers/gd32vf103_timer.o
                0x0000000008000e96                timer_init
 .text.timer_enable
                0x0000000008001006       0x22 ./nuclei_sdk/SoC/gd32vf103/Common/Source/Drivers/gd32vf103_timer.o
                0x0000000008001006                timer_enable
 .text.timer_channel_output_struct_para_init
                0x0000000008001028       0x42 ./nuclei_sdk/SoC/gd32vf103/Common/Source/Drivers/gd32vf103_timer.o
                0x0000000008001028                timer_channel_output_struct_para_init
 .text.timer_channel_output_config
                0x000000000800106a      0x54e ./nuclei_sdk/SoC/gd32vf103/Common/Source/Drivers/gd32vf103_timer.o
                0x000000000800106a                timer_channel_output_config
 .text.timer_channel_output_mode_config
                0x00000000080015b8      0x104 ./nuclei_sdk/SoC/gd32vf103/Common/Source/Drivers/gd32vf103_timer.o
                0x00000000080015b8                timer_channel_output_mode_config
 .text.timer_channel_output_pulse_value_config
                0x00000000080016bc       0x8c ./nuclei_sdk/SoC/gd32vf103/Common/Source/Drivers/gd32vf103_timer.o
                0x00000000080016bc                timer_channel_output_pulse_value_config
 .text.timer_channel_output_shadow_config
                0x0000000008001748      0x104 ./nuclei_sdk/SoC/gd32vf103/Common/Source/Drivers/gd32vf103_timer.o
                0x0000000008001748                timer_channel_output_shadow_config
 .text.timer_interrupt_enable
                0x000000000800184c       0x2e ./nuclei_sdk/SoC/gd32vf103/Common/Source/Drivers/gd32vf103_timer.o
                0x000000000800184c                timer_interrupt_enable
 .text.timer_interrupt_flag_get
                0x000000000800187a       0x44 ./nuclei_sdk/SoC/gd32vf103/Common/Source/Drivers/gd32vf103_timer.o
                0x000000000800187a                timer_interrupt_flag_get
 .text.timer_interrupt_flag_clear
                0x00000000080018be       0x28 ./nuclei_sdk/SoC/gd32vf103/Common/Source/Drivers/gd32vf103_timer.o
                0x00000000080018be                timer_interrupt_flag_clear
 .text.usart_deinit
                0x00000000080018e6       0xec ./nuclei_sdk/SoC/gd32vf103/Common/Source/Drivers/gd32vf103_usart.o
                0x00000000080018e6                usart_deinit
 .text.usart_baudrate_set
                0x00000000080019d2      0x12e ./nuclei_sdk/SoC/gd32vf103/Common/Source/Drivers/gd32vf103_usart.o
                0x00000000080019d2                usart_baudrate_set
 .text.usart_parity_config
                0x0000000008001b00       0x42 ./nuclei_sdk/SoC/gd32vf103/Common/Source/Drivers/gd32vf103_usart.o
                0x0000000008001b00                usart_parity_config
 .text.usart_word_length_set
                0x0000000008001b42       0x46 ./nuclei_sdk/SoC/gd32vf103/Common/Source/Drivers/gd32vf103_usart.o
                0x0000000008001b42                usart_word_length_set
 .text.usart_stop_bit_set
                0x0000000008001b88       0x46 ./nuclei_sdk/SoC/gd32vf103/Common/Source/Drivers/gd32vf103_usart.o
                0x0000000008001b88                usart_stop_bit_set
 .text.usart_enable
                0x0000000008001bce       0x28 ./nuclei_sdk/SoC/gd32vf103/Common/Source/Drivers/gd32vf103_usart.o
                0x0000000008001bce                usart_enable
 .text.usart_transmit_config
                0x0000000008001bf6       0x4c ./nuclei_sdk/SoC/gd32vf103/Common/Source/Drivers/gd32vf103_usart.o
                0x0000000008001bf6                usart_transmit_config
 .text.usart_receive_config
                0x0000000008001c42       0x4c ./nuclei_sdk/SoC/gd32vf103/Common/Source/Drivers/gd32vf103_usart.o
                0x0000000008001c42                usart_receive_config
 .text.usart_data_transmit
                0x0000000008001c8e       0x28 ./nuclei_sdk/SoC/gd32vf103/Common/Source/Drivers/gd32vf103_usart.o
                0x0000000008001c8e                usart_data_transmit
 .text.usart_data_receive
                0x0000000008001cb6       0x26 ./nuclei_sdk/SoC/gd32vf103/Common/Source/Drivers/gd32vf103_usart.o
                0x0000000008001cb6                usart_data_receive
 .text.usart_hardware_flow_rts_config
                0x0000000008001cdc       0x4e ./nuclei_sdk/SoC/gd32vf103/Common/Source/Drivers/gd32vf103_usart.o
                0x0000000008001cdc                usart_hardware_flow_rts_config
 .text.usart_hardware_flow_cts_config
                0x0000000008001d2a       0x4e ./nuclei_sdk/SoC/gd32vf103/Common/Source/Drivers/gd32vf103_usart.o
                0x0000000008001d2a                usart_hardware_flow_cts_config
 .text.usart_flag_get
                0x0000000008001d78       0x3c ./nuclei_sdk/SoC/gd32vf103/Common/Source/Drivers/gd32vf103_usart.o
                0x0000000008001d78                usart_flag_get
 .text.usart_write
                0x0000000008001db4       0x3c ./nuclei_sdk/SoC/gd32vf103/Common/Source/Drivers/gd32vf103_usart.o
                0x0000000008001db4                usart_write
 .text.usart_read
                0x0000000008001df0       0x30 ./nuclei_sdk/SoC/gd32vf103/Common/Source/Drivers/gd32vf103_usart.o
                0x0000000008001df0                usart_read
 .text.get_timer_freq
                0x0000000008001e20       0x1a ./nuclei_sdk/SoC/gd32vf103/Common/Source/gd32vf103_soc.o
 .text.measure_cpu_freq
                0x0000000008001e3a       0xb6 ./nuclei_sdk/SoC/gd32vf103/Common/Source/gd32vf103_soc.o
                0x0000000008001e3a                measure_cpu_freq
 .text.get_cpu_freq
                0x0000000008001ef0       0x24 ./nuclei_sdk/SoC/gd32vf103/Common/Source/gd32vf103_soc.o
                0x0000000008001ef0                get_cpu_freq
 .text.delay_1ms
                0x0000000008001f14       0xc4 ./nuclei_sdk/SoC/gd32vf103/Common/Source/gd32vf103_soc.o
                0x0000000008001f14                delay_1ms
 .text.system_clock_108m_hxtal
                0x0000000008001fd8      0x198 ./nuclei_sdk/SoC/gd32vf103/Common/Source/system_gd32vf103.o
 .text.system_clock_config
                0x0000000008002170       0x14 ./nuclei_sdk/SoC/gd32vf103/Common/Source/system_gd32vf103.o
 .text.SystemInit
                0x0000000008002184       0xa8 ./nuclei_sdk/SoC/gd32vf103/Common/Source/system_gd32vf103.o
                0x0000000008002184                SystemInit
 .text.system_default_exception_handler
                0x000000000800222c       0x4e ./nuclei_sdk/SoC/gd32vf103/Common/Source/system_gd32vf103.o
 .text.Exception_Init
                0x000000000800227a       0x44 ./nuclei_sdk/SoC/gd32vf103/Common/Source/system_gd32vf103.o
 .text.core_exception_handler
                0x00000000080022be       0x88 ./nuclei_sdk/SoC/gd32vf103/Common/Source/system_gd32vf103.o
                0x00000000080022be                core_exception_handler
 .text.SystemBannerPrint
                0x0000000008002346       0x78 ./nuclei_sdk/SoC/gd32vf103/Common/Source/system_gd32vf103.o
                0x0000000008002346                SystemBannerPrint
 .text.ECLIC_Init
                0x00000000080023be       0x80 ./nuclei_sdk/SoC/gd32vf103/Common/Source/system_gd32vf103.o
                0x00000000080023be                ECLIC_Init
 .text._premain_init
                0x000000000800243e       0x2c ./nuclei_sdk/SoC/gd32vf103/Common/Source/system_gd32vf103.o
                0x000000000800243e                _premain_init
 .text._postmain_fini
                0x000000000800246a       0x12 ./nuclei_sdk/SoC/gd32vf103/Common/Source/system_gd32vf103.o
                0x000000000800246a                _postmain_fini
 .text._init    0x000000000800247c        0xe ./nuclei_sdk/SoC/gd32vf103/Common/Source/system_gd32vf103.o
                0x000000000800247c                _init
 .text._fini    0x000000000800248a        0xe ./nuclei_sdk/SoC/gd32vf103/Common/Source/system_gd32vf103.o
                0x000000000800248a                _fini
 .text.eclic_enable_interrupt
                0x0000000008002498       0x2a ./nuclei_sdk/SoC/gd32vf103/Common/Include/n200_func.o
                0x0000000008002498                eclic_enable_interrupt
 .text.eclic_set_intctrl
                0x00000000080024c2       0x32 ./nuclei_sdk/SoC/gd32vf103/Common/Include/n200_func.o
                0x00000000080024c2                eclic_set_intctrl
 .text.eclic_get_intctrl
                0x00000000080024f4       0x2a ./nuclei_sdk/SoC/gd32vf103/Common/Include/n200_func.o
                0x00000000080024f4                eclic_get_intctrl
 .text.eclic_set_cliccfg
                0x000000000800251e       0x20 ./nuclei_sdk/SoC/gd32vf103/Common/Include/n200_func.o
                0x000000000800251e                eclic_set_cliccfg
 .text.eclic_get_cliccfg
                0x000000000800253e       0x1a ./nuclei_sdk/SoC/gd32vf103/Common/Include/n200_func.o
                0x000000000800253e                eclic_get_cliccfg
 .text.eclic_set_nlbits
                0x0000000008002558       0x4c ./nuclei_sdk/SoC/gd32vf103/Common/Include/n200_func.o
                0x0000000008002558                eclic_set_nlbits
 .text.eclic_get_nlbits
                0x00000000080025a4       0x2e ./nuclei_sdk/SoC/gd32vf103/Common/Include/n200_func.o
                0x00000000080025a4                eclic_get_nlbits
 .text.eclic_set_irq_lvl_abs
                0x00000000080025d2       0x8c ./nuclei_sdk/SoC/gd32vf103/Common/Include/n200_func.o
                0x00000000080025d2                eclic_set_irq_lvl_abs
 .text.eclic_set_irq_priority
                0x000000000800265e       0x94 ./nuclei_sdk/SoC/gd32vf103/Common/Include/n200_func.o
                0x000000000800265e                eclic_set_irq_priority
 .text.gd_led_init
                0x00000000080026f2       0x86 ./nuclei_sdk/SoC/gd32vf103/Board/gd32vf103v_rvstar/Source/gd32vf103v_rvstar.o
                0x00000000080026f2                gd_led_init
 .text.gd_led_off
                0x0000000008002778       0x3c ./nuclei_sdk/SoC/gd32vf103/Board/gd32vf103v_rvstar/Source/gd32vf103v_rvstar.o
                0x0000000008002778                gd_led_off
 .text.gd_led_toggle
                0x00000000080027b4       0x80 ./nuclei_sdk/SoC/gd32vf103/Board/gd32vf103v_rvstar/Source/gd32vf103v_rvstar.o
                0x00000000080027b4                gd_led_toggle
 .text.gd_com_init
                0x0000000008002834       0xb2 ./nuclei_sdk/SoC/gd32vf103/Board/gd32vf103v_rvstar/Source/gd32vf103v_rvstar.o
                0x0000000008002834                gd_com_init
 .text.UG_Init  0x00000000080028e6      0x1b0 ./application/GUI/ugui.o
                0x00000000080028e6                UG_Init
 .text.UG_FillFrame
                0x0000000008002a96      0x128 ./application/GUI/ugui.o
                0x0000000008002a96                UG_FillFrame
 .text.UG_DrawFrame
                0x0000000008002bbe       0x90 ./application/GUI/ugui.o
                0x0000000008002bbe                UG_DrawFrame
 .text.UG_DrawLine
                0x0000000008002c4e      0x288 ./application/GUI/ugui.o
                0x0000000008002c4e                UG_DrawLine
 .text.UG_GetXDim
                0x0000000008002ed6       0x1c ./application/GUI/ugui.o
                0x0000000008002ed6                UG_GetXDim
 .text.UG_GetYDim
                0x0000000008002ef2       0x1c ./application/GUI/ugui.o
                0x0000000008002ef2                UG_GetYDim
 .text._UG_PutChar
                0x0000000008002f0e      0x6ca ./application/GUI/ugui.o
                0x0000000008002f0e                _UG_PutChar
 .text._UG_PutText
                0x00000000080035d8      0x3c2 ./application/GUI/ugui.o
                0x00000000080035d8                _UG_PutText
 .text._UG_GetFreeObject
                0x000000000800399a       0x6e ./application/GUI/ugui.o
                0x000000000800399a                _UG_GetFreeObject
 .text._UG_SearchObject
                0x0000000008003a08       0x9c ./application/GUI/ugui.o
                0x0000000008003a08                _UG_SearchObject
 .text._UG_ProcessTouchData
                0x0000000008003aa4      0x1ee ./application/GUI/ugui.o
                0x0000000008003aa4                _UG_ProcessTouchData
 .text._UG_UpdateObjects
                0x0000000008003c92       0xbe ./application/GUI/ugui.o
                0x0000000008003c92                _UG_UpdateObjects
 .text._UG_HandleEvents
                0x0000000008003d50       0xf4 ./application/GUI/ugui.o
                0x0000000008003d50                _UG_HandleEvents
 .text._UG_DrawObjectFrame
                0x0000000008003e44      0x39e ./application/GUI/ugui.o
                0x0000000008003e44                _UG_DrawObjectFrame
 .text._UG_SendObjectPrerenderEvent
                0x00000000080041e2       0x54 ./application/GUI/ugui.o
                0x00000000080041e2                _UG_SendObjectPrerenderEvent
 .text._UG_SendObjectPostrenderEvent
                0x0000000008004236       0x54 ./application/GUI/ugui.o
                0x0000000008004236                _UG_SendObjectPostrenderEvent
 .text.UG_DriverRegister
                0x000000000800428a       0x58 ./application/GUI/ugui.o
                0x000000000800428a                UG_DriverRegister
 .text.UG_DriverEnable
                0x00000000080042e2       0x74 ./application/GUI/ugui.o
                0x00000000080042e2                UG_DriverEnable
 .text.UG_DriverDisable
                0x0000000008004356       0x72 ./application/GUI/ugui.o
                0x0000000008004356                UG_DriverDisable
 .text.UG_Update
                0x00000000080043c8      0x220 ./application/GUI/ugui.o
                0x00000000080043c8                UG_Update
 .text.UG_TouchUpdate
                0x00000000080045e8       0x5a ./application/GUI/ugui.o
                0x00000000080045e8                UG_TouchUpdate
 .text.UG_WindowCreate
                0x0000000008004642      0x19c ./application/GUI/ugui.o
                0x0000000008004642                UG_WindowCreate
 .text.UG_WindowShow
                0x00000000080047de       0x5e ./application/GUI/ugui.o
                0x00000000080047de                UG_WindowShow
 .text.UG_WindowHide
                0x000000000800483c      0x140 ./application/GUI/ugui.o
                0x000000000800483c                UG_WindowHide
 .text.UG_WindowSetTitleTextColor
                0x000000000800497c       0x54 ./application/GUI/ugui.o
                0x000000000800497c                UG_WindowSetTitleTextColor
 .text.UG_WindowSetTitleText
                0x00000000080049d0       0x50 ./application/GUI/ugui.o
                0x00000000080049d0                UG_WindowSetTitleText
 .text.UG_WindowSetTitleTextFont
                0x0000000008004a20       0x9a ./application/GUI/ugui.o
                0x0000000008004a20                UG_WindowSetTitleTextFont
 .text.UG_WindowGetArea
                0x0000000008004aba      0x13e ./application/GUI/ugui.o
                0x0000000008004aba                UG_WindowGetArea
 .text.UG_WindowGetInnerWidth
                0x0000000008004bf8       0x78 ./application/GUI/ugui.o
                0x0000000008004bf8                UG_WindowGetInnerWidth
 .text._UG_WindowDrawTitle
                0x0000000008004c70      0x208 ./application/GUI/ugui.o
                0x0000000008004c70                _UG_WindowDrawTitle
 .text._UG_WindowUpdate
                0x0000000008004e78      0x200 ./application/GUI/ugui.o
                0x0000000008004e78                _UG_WindowUpdate
 .text._UG_WindowClear
                0x0000000008005078       0xf0 ./application/GUI/ugui.o
                0x0000000008005078                _UG_WindowClear
 .text.UG_ButtonCreate
                0x0000000008005168      0x1b2 ./application/GUI/ugui.o
                0x0000000008005168                UG_ButtonCreate
 .text.UG_ButtonSetForeColor
                0x000000000800531a       0x7a ./application/GUI/ugui.o
                0x000000000800531a                UG_ButtonSetForeColor
 .text.UG_ButtonSetBackColor
                0x0000000008005394       0x7a ./application/GUI/ugui.o
                0x0000000008005394                UG_ButtonSetBackColor
 .text.UG_ButtonSetText
                0x000000000800540e       0x74 ./application/GUI/ugui.o
                0x000000000800540e                UG_ButtonSetText
 .text.UG_ButtonSetFont
                0x0000000008005482       0x74 ./application/GUI/ugui.o
                0x0000000008005482                UG_ButtonSetFont
 .text._UG_ButtonUpdate
                0x00000000080054f6      0x536 ./application/GUI/ugui.o
                0x00000000080054f6                _UG_ButtonUpdate
 .text.UG_TextboxCreate
                0x0000000008005a2c      0x192 ./application/GUI/ugui.o
                0x0000000008005a2c                UG_TextboxCreate
 .text.UG_TextboxSetText
                0x0000000008005bbe       0x74 ./application/GUI/ugui.o
                0x0000000008005bbe                UG_TextboxSetText
 .text.UG_TextboxSetFont
                0x0000000008005c32       0x74 ./application/GUI/ugui.o
                0x0000000008005c32                UG_TextboxSetFont
 .text.UG_TextboxSetAlignment
                0x0000000008005ca6       0x7a ./application/GUI/ugui.o
                0x0000000008005ca6                UG_TextboxSetAlignment
 .text._UG_TextboxUpdate
                0x0000000008005d20      0x26a ./application/GUI/ugui.o
                0x0000000008005d20                _UG_TextboxUpdate
 .text.exmc_lcd_init
                0x0000000008005f8a       0xee ./application/exmc_lcd.o
                0x0000000008005f8a                exmc_lcd_init
 .text.GUI_DrawPoint
                0x0000000008006078       0x42 ./application/gui_28.o
                0x0000000008006078                GUI_DrawPoint
 .text.LCD_Fill
                0x00000000080060ba       0xe0 ./application/gui_28.o
                0x00000000080060ba                LCD_Fill
 .text.LCD_DrawLine
                0x000000000800619a      0x186 ./application/gui_28.o
                0x000000000800619a                LCD_DrawLine
 .text.LCD_DrawFillRectangle
                0x0000000008006320       0x4c ./application/gui_28.o
                0x0000000008006320                LCD_DrawFillRectangle
 .text.LCD_ShowChar
                0x000000000800636c      0x288 ./application/gui_28.o
                0x000000000800636c                LCD_ShowChar
 .text.GUI_DrawFont16
                0x00000000080065f4      0x204 ./application/gui_28.o
                0x00000000080065f4                GUI_DrawFont16
 .text.GUI_DrawFont24
                0x00000000080067f8      0x200 ./application/gui_28.o
                0x00000000080067f8                GUI_DrawFont24
 .text.GUI_DrawFont32
                0x00000000080069f8      0x1fe ./application/gui_28.o
                0x00000000080069f8                GUI_DrawFont32
 .text.Show_Str
                0x0000000008006bf6      0x23c ./application/gui_28.o
                0x0000000008006bf6                Show_Str
 .text.Gui_StrCenter
                0x0000000008006e32       0x94 ./application/gui_28.o
                0x0000000008006e32                Gui_StrCenter
 .text.LCD_WR_REG
                0x0000000008006ec6       0x22 ./application/lcd_28.o
                0x0000000008006ec6                LCD_WR_REG
 .text.LCD_WR_DATA
                0x0000000008006ee8       0x22 ./application/lcd_28.o
                0x0000000008006ee8                LCD_WR_DATA
 .text.LCD_WriteReg
                0x0000000008006f0a       0x38 ./application/lcd_28.o
                0x0000000008006f0a                LCD_WriteReg
 .text.LCD_WriteRAM_Prepare
                0x0000000008006f42       0x1e ./application/lcd_28.o
                0x0000000008006f42                LCD_WriteRAM_Prepare
 .text.Lcd_WriteData_16Bit
                0x0000000008006f60       0x22 ./application/lcd_28.o
                0x0000000008006f60                Lcd_WriteData_16Bit
 .text.LCD_DrawPoint
                0x0000000008006f82       0x3e ./application/lcd_28.o
                0x0000000008006f82                LCD_DrawPoint
 .text.LCD_Clear
                0x0000000008006fc0       0x86 ./application/lcd_28.o
                0x0000000008006fc0                LCD_Clear
 .text.LCD_Init
                0x0000000008007046      0x1fa ./application/lcd_28.o
                0x0000000008007046                LCD_Init
 .text.LCD_SetWindows
                0x0000000008007240       0xd4 ./application/lcd_28.o
                0x0000000008007240                LCD_SetWindows
 .text.LCD_SetCursor
                0x0000000008007314       0x36 ./application/lcd_28.o
                0x0000000008007314                LCD_SetCursor
 .text.LCD_direction
                0x000000000800734a      0x106 ./application/lcd_28.o
                0x000000000800734a                LCD_direction
 .text.gpio_config
                0x0000000008007450       0x72 ./application/main.o
                0x0000000008007450                gpio_config
 .text.my_GUI_DrawPoint
                0x00000000080074c2       0x3e ./application/main.o
                0x00000000080074c2                my_GUI_DrawPoint
 .text.HW_DrawLine
                0x0000000008007500       0x48 ./application/main.o
                0x0000000008007500                HW_DrawLine
 .text.HW_FillFrame
                0x0000000008007548       0x4a ./application/main.o
                0x0000000008007548                HW_FillFrame
 .text.window_2_callback
                0x0000000008007592       0x76 ./application/main.o
                0x0000000008007592                window_2_callback
 .text.window_1_callback
                0x0000000008007608      0x19e ./application/main.o
                0x0000000008007608                window_1_callback
 .text.window_3_callback
                0x00000000080077a6       0x7e ./application/main.o
                0x00000000080077a6                window_3_callback
 .text.main     0x0000000008007824      0x652 ./application/main.o
                0x0000000008007824                main
 .text.timer_config
                0x0000000008007e76       0xbc ./application/main.o
                0x0000000008007e76                timer_config
 .text.TIMER1_IRQHandler
                0x0000000008007f32       0x50 ./application/main.o
                0x0000000008007f32                TIMER1_IRQHandler
 .text.delay_us
                0x0000000008007f82       0x4e ./application/mpu.o
                0x0000000008007f82                delay_us
 .text.TP_Write_Byte
                0x0000000008007fd0       0x94 ./application/touch.o
                0x0000000008007fd0                TP_Write_Byte
 .text.TP_Read_AD
                0x0000000008008064      0x128 ./application/touch.o
                0x0000000008008064                TP_Read_AD
 .text.TP_Read_XOY
                0x000000000800818c      0x14e ./application/touch.o
                0x000000000800818c                TP_Read_XOY
 .text.TP_Read_XY
                0x00000000080082da       0x5c ./application/touch.o
                0x00000000080082da                TP_Read_XY
 .text.TP_Read_XY2
                0x0000000008008336      0x114 ./application/touch.o
                0x0000000008008336                TP_Read_XY2
 .text          0x000000000800844a      0x364 e:/nucleistudio_ide_202102-win64/nucleistudio/toolchain/gcc/bin/../lib/gcc/riscv-nuclei-elf/9.2.0/rv32imac/ilp32\libgcc.a(_udivdi3.o)
                0x000000000800844a                __udivdi3
 .text.atexit   0x00000000080087ae        0xa e:/nucleistudio_ide_202102-win64/nucleistudio/toolchain/gcc/bin/../lib/gcc/riscv-nuclei-elf/9.2.0/../../../../riscv-nuclei-elf/lib/rv32imac/ilp32\libg_nano.a(lib_a-atexit.o)
                0x00000000080087ae                atexit
 .text.__libc_fini_array
                0x00000000080087b8       0x3a e:/nucleistudio_ide_202102-win64/nucleistudio/toolchain/gcc/bin/../lib/gcc/riscv-nuclei-elf/9.2.0/../../../../riscv-nuclei-elf/lib/rv32imac/ilp32\libg_nano.a(lib_a-fini.o)
                0x00000000080087b8                __libc_fini_array
 .text.__libc_init_array
                0x00000000080087f2       0x6e e:/nucleistudio_ide_202102-win64/nucleistudio/toolchain/gcc/bin/../lib/gcc/riscv-nuclei-elf/9.2.0/../../../../riscv-nuclei-elf/lib/rv32imac/ilp32\libg_nano.a(lib_a-init.o)
                0x00000000080087f2                __libc_init_array
 .text          0x0000000008008860       0xa8 e:/nucleistudio_ide_202102-win64/nucleistudio/toolchain/gcc/bin/../lib/gcc/riscv-nuclei-elf/9.2.0/../../../../riscv-nuclei-elf/lib/rv32imac/ilp32\libg_nano.a(lib_a-memset.o)
                0x0000000008008860                memset
 .text.printf   0x0000000008008908       0x3a e:/nucleistudio_ide_202102-win64/nucleistudio/toolchain/gcc/bin/../lib/gcc/riscv-nuclei-elf/9.2.0/../../../../riscv-nuclei-elf/lib/rv32imac/ilp32\libg_nano.a(lib_a-printf.o)
                0x0000000008008908                iprintf
                0x0000000008008908                printf
 .text.strlen   0x0000000008008942       0x12 e:/nucleistudio_ide_202102-win64/nucleistudio/toolchain/gcc/bin/../lib/gcc/riscv-nuclei-elf/9.2.0/../../../../riscv-nuclei-elf/lib/rv32imac/ilp32\libg_nano.a(lib_a-strlen.o)
                0x0000000008008942                strlen
 .text.isatty   0x0000000008008954        0x4 e:/nucleistudio_ide_202102-win64/nucleistudio/toolchain/gcc/bin/../lib/gcc/riscv-nuclei-elf/9.2.0/../../../../riscv-nuclei-elf/lib/rv32imac/ilp32\libg_nano.a(lib_a-sysisatty.o)
                0x0000000008008954                isatty
 .text.__swbuf_r
                0x0000000008008958       0xc0 e:/nucleistudio_ide_202102-win64/nucleistudio/toolchain/gcc/bin/../lib/gcc/riscv-nuclei-elf/9.2.0/../../../../riscv-nuclei-elf/lib/rv32imac/ilp32\libg_nano.a(lib_a-wbuf.o)
                0x0000000008008958                __swbuf_r
 .text.__swsetup_r
                0x0000000008008a18      0x106 e:/nucleistudio_ide_202102-win64/nucleistudio/toolchain/gcc/bin/../lib/gcc/riscv-nuclei-elf/9.2.0/../../../../riscv-nuclei-elf/lib/rv32imac/ilp32\libg_nano.a(lib_a-wsetup.o)
                0x0000000008008a18                __swsetup_r
 .text.__register_exitproc
                0x0000000008008b1e       0x78 e:/nucleistudio_ide_202102-win64/nucleistudio/toolchain/gcc/bin/../lib/gcc/riscv-nuclei-elf/9.2.0/../../../../riscv-nuclei-elf/lib/rv32imac/ilp32\libg_nano.a(lib_a-__atexit.o)
                0x0000000008008b1e                __register_exitproc
 .text.__sflush_r
                0x0000000008008b96      0x14a e:/nucleistudio_ide_202102-win64/nucleistudio/toolchain/gcc/bin/../lib/gcc/riscv-nuclei-elf/9.2.0/../../../../riscv-nuclei-elf/lib/rv32imac/ilp32\libg_nano.a(lib_a-fflush.o)
                0x0000000008008b96                __sflush_r
 .text._fflush_r
                0x0000000008008ce0       0x66 e:/nucleistudio_ide_202102-win64/nucleistudio/toolchain/gcc/bin/../lib/gcc/riscv-nuclei-elf/9.2.0/../../../../riscv-nuclei-elf/lib/rv32imac/ilp32\libg_nano.a(lib_a-fflush.o)
                0x0000000008008ce0                _fflush_r
 .text.std      0x0000000008008d46       0x6a e:/nucleistudio_ide_202102-win64/nucleistudio/toolchain/gcc/bin/../lib/gcc/riscv-nuclei-elf/9.2.0/../../../../riscv-nuclei-elf/lib/rv32imac/ilp32\libg_nano.a(lib_a-findfp.o)
 .text._cleanup_r
                0x0000000008008db0        0xa e:/nucleistudio_ide_202102-win64/nucleistudio/toolchain/gcc/bin/../lib/gcc/riscv-nuclei-elf/9.2.0/../../../../riscv-nuclei-elf/lib/rv32imac/ilp32\libg_nano.a(lib_a-findfp.o)
                0x0000000008008db0                _cleanup_r
 .text.__sfmoreglue
                0x0000000008008dba       0x46 e:/nucleistudio_ide_202102-win64/nucleistudio/toolchain/gcc/bin/../lib/gcc/riscv-nuclei-elf/9.2.0/../../../../riscv-nuclei-elf/lib/rv32imac/ilp32\libg_nano.a(lib_a-findfp.o)
                0x0000000008008dba                __sfmoreglue
 .text.__sinit  0x0000000008008e00       0x6c e:/nucleistudio_ide_202102-win64/nucleistudio/toolchain/gcc/bin/../lib/gcc/riscv-nuclei-elf/9.2.0/../../../../riscv-nuclei-elf/lib/rv32imac/ilp32\libg_nano.a(lib_a-findfp.o)
                0x0000000008008e00                __sinit
 .text.__sfp    0x0000000008008e6c       0x9e e:/nucleistudio_ide_202102-win64/nucleistudio/toolchain/gcc/bin/../lib/gcc/riscv-nuclei-elf/9.2.0/../../../../riscv-nuclei-elf/lib/rv32imac/ilp32\libg_nano.a(lib_a-findfp.o)
                0x0000000008008e6c                __sfp
 .text._fwalk_reent
                0x0000000008008f0a       0x6a e:/nucleistudio_ide_202102-win64/nucleistudio/toolchain/gcc/bin/../lib/gcc/riscv-nuclei-elf/9.2.0/../../../../riscv-nuclei-elf/lib/rv32imac/ilp32\libg_nano.a(lib_a-fwalk.o)
                0x0000000008008f0a                _fwalk_reent
 .text.__swhatbuf_r
                0x0000000008008f74       0x5a e:/nucleistudio_ide_202102-win64/nucleistudio/toolchain/gcc/bin/../lib/gcc/riscv-nuclei-elf/9.2.0/../../../../riscv-nuclei-elf/lib/rv32imac/ilp32\libg_nano.a(lib_a-makebuf.o)
                0x0000000008008f74                __swhatbuf_r
 .text.__smakebuf_r
                0x0000000008008fce       0x9e e:/nucleistudio_ide_202102-win64/nucleistudio/toolchain/gcc/bin/../lib/gcc/riscv-nuclei-elf/9.2.0/../../../../riscv-nuclei-elf/lib/rv32imac/ilp32\libg_nano.a(lib_a-makebuf.o)
                0x0000000008008fce                __smakebuf_r
 .text._free_r  0x000000000800906c       0xa2 e:/nucleistudio_ide_202102-win64/nucleistudio/toolchain/gcc/bin/../lib/gcc/riscv-nuclei-elf/9.2.0/../../../../riscv-nuclei-elf/lib/rv32imac/ilp32\libg_nano.a(lib_a-nano-freer.o)
                0x000000000800906c                _free_r
 .text._malloc_r
                0x000000000800910e       0xd2 e:/nucleistudio_ide_202102-win64/nucleistudio/toolchain/gcc/bin/../lib/gcc/riscv-nuclei-elf/9.2.0/../../../../riscv-nuclei-elf/lib/rv32imac/ilp32\libg_nano.a(lib_a-nano-mallocr.o)
                0x000000000800910e                _malloc_r
 .text.__sfputc_r
                0x00000000080091e0       0x2a e:/nucleistudio_ide_202102-win64/nucleistudio/toolchain/gcc/bin/../lib/gcc/riscv-nuclei-elf/9.2.0/../../../../riscv-nuclei-elf/lib/rv32imac/ilp32\libg_nano.a(lib_a-nano-vfprintf.o)
 .text.__sfputs_r
                0x000000000800920a       0x44 e:/nucleistudio_ide_202102-win64/nucleistudio/toolchain/gcc/bin/../lib/gcc/riscv-nuclei-elf/9.2.0/../../../../riscv-nuclei-elf/lib/rv32imac/ilp32\libg_nano.a(lib_a-nano-vfprintf.o)
                0x000000000800920a                __sfputs_r
 .text._vfprintf_r
                0x000000000800924e      0x29c e:/nucleistudio_ide_202102-win64/nucleistudio/toolchain/gcc/bin/../lib/gcc/riscv-nuclei-elf/9.2.0/../../../../riscv-nuclei-elf/lib/rv32imac/ilp32\libg_nano.a(lib_a-nano-vfprintf.o)
                0x000000000800924e                _vfprintf_r
                0x000000000800924e                _vfiprintf_r
 .text._sbrk_r  0x00000000080094ea       0x28 e:/nucleistudio_ide_202102-win64/nucleistudio/toolchain/gcc/bin/../lib/gcc/riscv-nuclei-elf/9.2.0/../../../../riscv-nuclei-elf/lib/rv32imac/ilp32\libg_nano.a(lib_a-sbrkr.o)
                0x00000000080094ea                _sbrk_r
 .text.__sread  0x0000000008009512       0x30 e:/nucleistudio_ide_202102-win64/nucleistudio/toolchain/gcc/bin/../lib/gcc/riscv-nuclei-elf/9.2.0/../../../../riscv-nuclei-elf/lib/rv32imac/ilp32\libg_nano.a(lib_a-stdio.o)
                0x0000000008009512                __sread
 .text.__swrite
                0x0000000008009542       0x4e e:/nucleistudio_ide_202102-win64/nucleistudio/toolchain/gcc/bin/../lib/gcc/riscv-nuclei-elf/9.2.0/../../../../riscv-nuclei-elf/lib/rv32imac/ilp32\libg_nano.a(lib_a-stdio.o)
                0x0000000008009542                __swrite
 .text.__sseek  0x0000000008009590       0x36 e:/nucleistudio_ide_202102-win64/nucleistudio/toolchain/gcc/bin/../lib/gcc/riscv-nuclei-elf/9.2.0/../../../../riscv-nuclei-elf/lib/rv32imac/ilp32\libg_nano.a(lib_a-stdio.o)
                0x0000000008009590                __sseek
 .text.__sclose
                0x00000000080095c6        0x6 e:/nucleistudio_ide_202102-win64/nucleistudio/toolchain/gcc/bin/../lib/gcc/riscv-nuclei-elf/9.2.0/../../../../riscv-nuclei-elf/lib/rv32imac/ilp32\libg_nano.a(lib_a-stdio.o)
                0x00000000080095c6                __sclose
 .text._write_r
                0x00000000080095cc       0x2c e:/nucleistudio_ide_202102-win64/nucleistudio/toolchain/gcc/bin/../lib/gcc/riscv-nuclei-elf/9.2.0/../../../../riscv-nuclei-elf/lib/rv32imac/ilp32\libg_nano.a(lib_a-writer.o)
                0x00000000080095cc                _write_r
 .text._close_r
                0x00000000080095f8       0x28 e:/nucleistudio_ide_202102-win64/nucleistudio/toolchain/gcc/bin/../lib/gcc/riscv-nuclei-elf/9.2.0/../../../../riscv-nuclei-elf/lib/rv32imac/ilp32\libg_nano.a(lib_a-closer.o)
                0x00000000080095f8                _close_r
 .text._fstat_r
                0x0000000008009620       0x2a e:/nucleistudio_ide_202102-win64/nucleistudio/toolchain/gcc/bin/../lib/gcc/riscv-nuclei-elf/9.2.0/../../../../riscv-nuclei-elf/lib/rv32imac/ilp32\libg_nano.a(lib_a-fstatr.o)
                0x0000000008009620                _fstat_r
 .text._isatty_r
                0x000000000800964a       0x28 e:/nucleistudio_ide_202102-win64/nucleistudio/toolchain/gcc/bin/../lib/gcc/riscv-nuclei-elf/9.2.0/../../../../riscv-nuclei-elf/lib/rv32imac/ilp32\libg_nano.a(lib_a-isattyr.o)
                0x000000000800964a                _isatty_r
 .text._lseek_r
                0x0000000008009672       0x2c e:/nucleistudio_ide_202102-win64/nucleistudio/toolchain/gcc/bin/../lib/gcc/riscv-nuclei-elf/9.2.0/../../../../riscv-nuclei-elf/lib/rv32imac/ilp32\libg_nano.a(lib_a-lseekr.o)
                0x0000000008009672                _lseek_r
 .text.memchr   0x000000000800969e       0x1a e:/nucleistudio_ide_202102-win64/nucleistudio/toolchain/gcc/bin/../lib/gcc/riscv-nuclei-elf/9.2.0/../../../../riscv-nuclei-elf/lib/rv32imac/ilp32\libg_nano.a(lib_a-memchr.o)
                0x000000000800969e                memchr
 .text.__malloc_lock
                0x00000000080096b8        0x2 e:/nucleistudio_ide_202102-win64/nucleistudio/toolchain/gcc/bin/../lib/gcc/riscv-nuclei-elf/9.2.0/../../../../riscv-nuclei-elf/lib/rv32imac/ilp32\libg_nano.a(lib_a-mlock.o)
                0x00000000080096b8                __malloc_lock
 .text.__malloc_unlock
                0x00000000080096ba        0x2 e:/nucleistudio_ide_202102-win64/nucleistudio/toolchain/gcc/bin/../lib/gcc/riscv-nuclei-elf/9.2.0/../../../../riscv-nuclei-elf/lib/rv32imac/ilp32\libg_nano.a(lib_a-mlock.o)
                0x00000000080096ba                __malloc_unlock
 .text._printf_common
                0x00000000080096bc      0x10c e:/nucleistudio_ide_202102-win64/nucleistudio/toolchain/gcc/bin/../lib/gcc/riscv-nuclei-elf/9.2.0/../../../../riscv-nuclei-elf/lib/rv32imac/ilp32\libg_nano.a(lib_a-nano-vfprintf_i.o)
                0x00000000080096bc                _printf_common
 .text._printf_i
                0x00000000080097c8      0x276 e:/nucleistudio_ide_202102-win64/nucleistudio/toolchain/gcc/bin/../lib/gcc/riscv-nuclei-elf/9.2.0/../../../../riscv-nuclei-elf/lib/rv32imac/ilp32\libg_nano.a(lib_a-nano-vfprintf_i.o)
                0x00000000080097c8                _printf_i
 .text._read_r  0x0000000008009a3e       0x2c e:/nucleistudio_ide_202102-win64/nucleistudio/toolchain/gcc/bin/../lib/gcc/riscv-nuclei-elf/9.2.0/../../../../riscv-nuclei-elf/lib/rv32imac/ilp32\libg_nano.a(lib_a-readr.o)
                0x0000000008009a3e                _read_r
 *(.gnu.linkonce.t.*)

.rodata         0x0000000008009a6c    0x1646c
                0x0000000008009a6c                . = ALIGN (0x4)
 *(.rdata)
 *(.rodata .rodata.*)
 .rodata        0x0000000008009a6c       0x10 ./nuclei_sdk/SoC/gd32vf103/Common/Source/Drivers/gd32vf103_rcu.o
 .rodata        0x0000000008009a7c       0xc0 ./nuclei_sdk/SoC/gd32vf103/Common/Source/system_gd32vf103.o
 .rodata.GPIO_PORT
                0x0000000008009b3c        0xc ./nuclei_sdk/SoC/gd32vf103/Board/gd32vf103v_rvstar/Source/gd32vf103v_rvstar.o
 .rodata.GPIO_PIN
                0x0000000008009b48        0xc ./nuclei_sdk/SoC/gd32vf103/Board/gd32vf103v_rvstar/Source/gd32vf103v_rvstar.o
 .rodata.GPIO_CLK
                0x0000000008009b54        0xc ./nuclei_sdk/SoC/gd32vf103/Board/gd32vf103v_rvstar/Source/gd32vf103v_rvstar.o
 .rodata.font_10x16
                0x0000000008009b60     0x2000 ./application/GUI/ugui.o
                0x0000000008009b60                font_10x16
 .rodata.font_12x20
                0x000000000800bb60     0x2800 ./application/GUI/ugui.o
                0x000000000800bb60                font_12x20
 .rodata.font_16x26
                0x000000000800e360     0x3400 ./application/GUI/ugui.o
                0x000000000800e360                font_16x26
 .rodata.font_32x53
                0x0000000008011760     0xd400 ./application/GUI/ugui.o
                0x0000000008011760                font_32x53
 .rodata.FONT_10X16
                0x000000000801eb60       0x14 ./application/GUI/ugui.o
                0x000000000801eb60                FONT_10X16
 .rodata.FONT_12X20
                0x000000000801eb74       0x14 ./application/GUI/ugui.o
                0x000000000801eb74                FONT_12X20
 .rodata.FONT_16X26
                0x000000000801eb88       0x14 ./application/GUI/ugui.o
                0x000000000801eb88                FONT_16X26
 .rodata.FONT_32X53
                0x000000000801eb9c       0x14 ./application/GUI/ugui.o
                0x000000000801eb9c                FONT_32X53
 .rodata.pal_window
                0x000000000801ebb0       0x18 ./application/GUI/ugui.o
                0x000000000801ebb0                pal_window
 .rodata.pal_button_pressed
                0x000000000801ebc8       0x18 ./application/GUI/ugui.o
                0x000000000801ebc8                pal_button_pressed
 .rodata.pal_button_released
                0x000000000801ebe0       0x18 ./application/GUI/ugui.o
                0x000000000801ebe0                pal_button_released
 .rodata._UG_PutChar
                0x000000000801ebf8       0x9c ./application/GUI/ugui.o
 .rodata        0x000000000801ec94        0x2 ./application/GUI/ugui.o
 *fill*         0x000000000801ec96        0x2 
 .rodata.asc2_1206
                0x000000000801ec98      0x474 ./application/gui_28.o
                0x000000000801ec98                asc2_1206
 .rodata.asc2_1608
                0x000000000801f10c      0x5f0 ./application/gui_28.o
                0x000000000801f10c                asc2_1608
 .rodata.tfont16
                0x000000000801f6fc      0x110 ./application/gui_28.o
                0x000000000801f6fc                tfont16
 .rodata.tfont24
                0x000000000801f80c      0x206 ./application/gui_28.o
                0x000000000801f80c                tfont24
 *fill*         0x000000000801fa12        0x2 
 .rodata.tfont32
                0x000000000801fa14      0x208 ./application/gui_28.o
                0x000000000801fa14                tfont32
 .rodata        0x000000000801fc1c       0xb0 ./application/main.o
 .rodata.window_1_callback
                0x000000000801fccc       0x18 ./application/main.o
 .rodata        0x000000000801fce4      0x100 e:/nucleistudio_ide_202102-win64/nucleistudio/toolchain/gcc/bin/../lib/gcc/riscv-nuclei-elf/9.2.0/rv32imac/ilp32\libgcc.a(_clz.o)
                0x000000000801fce4                __clz_tab
 .rodata.__sf_fake_stderr
                0x000000000801fde4       0x20 e:/nucleistudio_ide_202102-win64/nucleistudio/toolchain/gcc/bin/../lib/gcc/riscv-nuclei-elf/9.2.0/../../../../riscv-nuclei-elf/lib/rv32imac/ilp32\libg_nano.a(lib_a-findfp.o)
                0x000000000801fde4                __sf_fake_stderr
 .rodata.__sf_fake_stdin
                0x000000000801fe04       0x20 e:/nucleistudio_ide_202102-win64/nucleistudio/toolchain/gcc/bin/../lib/gcc/riscv-nuclei-elf/9.2.0/../../../../riscv-nuclei-elf/lib/rv32imac/ilp32\libg_nano.a(lib_a-findfp.o)
                0x000000000801fe04                __sf_fake_stdin
 .rodata.__sf_fake_stdout
                0x000000000801fe24       0x20 e:/nucleistudio_ide_202102-win64/nucleistudio/toolchain/gcc/bin/../lib/gcc/riscv-nuclei-elf/9.2.0/../../../../riscv-nuclei-elf/lib/rv32imac/ilp32\libg_nano.a(lib_a-findfp.o)
                0x000000000801fe24                __sf_fake_stdout
 .rodata._vfprintf_r.str1.4
                0x000000000801fe44       0x13 e:/nucleistudio_ide_202102-win64/nucleistudio/toolchain/gcc/bin/../lib/gcc/riscv-nuclei-elf/9.2.0/../../../../riscv-nuclei-elf/lib/rv32imac/ilp32\libg_nano.a(lib_a-nano-vfprintf.o)
 *fill*         0x000000000801fe57        0x1 
 .rodata._printf_i.str1.4
                0x000000000801fe58       0x28 e:/nucleistudio_ide_202102-win64/nucleistudio/toolchain/gcc/bin/../lib/gcc/riscv-nuclei-elf/9.2.0/../../../../riscv-nuclei-elf/lib/rv32imac/ilp32\libg_nano.a(lib_a-nano-vfprintf_i.o)
                                         0x25 (size before relaxing)
 .rodata._printf_i
                0x000000000801fe80       0x58 e:/nucleistudio_ide_202102-win64/nucleistudio/toolchain/gcc/bin/../lib/gcc/riscv-nuclei-elf/9.2.0/../../../../riscv-nuclei-elf/lib/rv32imac/ilp32\libg_nano.a(lib_a-nano-vfprintf_i.o)
                0x000000000801fed8                . = ALIGN (0x4)
                0x000000000801fed8                __rt_init_start = .
 *(SORT_BY_NAME(.rti_fn*))
                0x000000000801fed8                __rt_init_end = .
                0x000000000801fed8                . = ALIGN (0x4)
                0x000000000801fed8                __fsymtab_start = .
 *(FSymTab)
                0x000000000801fed8                __fsymtab_end = .
                0x000000000801fed8                . = ALIGN (0x4)
                0x000000000801fed8                __vsymtab_start = .
 *(VSymTab)
                0x000000000801fed8                __vsymtab_end = .
 *(.gnu.linkonce.r.*)
                0x000000000801fed8                . = ALIGN (0x8)
 *fill*         0x000000000801fed8        0x0 
 *(.srodata.cst16)
 *(.srodata.cst8)
 *(.srodata.cst4)
 *(.srodata.cst2)
 *(.srodata .srodata.*)

.rela.dyn       0x000000000801fed8        0x0
 .rela.text._close
                0x000000000801fed8        0x0 ./nuclei_sdk/SoC/gd32vf103/Common/Source/Stubs/close.o
 .rela.text._fstat
                0x000000000801fed8        0x0 ./nuclei_sdk/SoC/gd32vf103/Common/Source/Stubs/close.o
 .rela.sdata.curbrk.4578
                0x000000000801fed8        0x0 ./nuclei_sdk/SoC/gd32vf103/Common/Source/Stubs/close.o
 .rela.text._sbrk
                0x000000000801fed8        0x0 ./nuclei_sdk/SoC/gd32vf103/Common/Source/Stubs/close.o
 .rela.init     0x000000000801fed8        0x0 ./nuclei_sdk/SoC/gd32vf103/Common/Source/Stubs/close.o
 .rela.text.__libc_fini_array
                0x000000000801fed8        0x0 ./nuclei_sdk/SoC/gd32vf103/Common/Source/Stubs/close.o
 .rela.text.__libc_init_array
                0x000000000801fed8        0x0 ./nuclei_sdk/SoC/gd32vf103/Common/Source/Stubs/close.o
 .rela.text.isatty
                0x000000000801fed8        0x0 ./nuclei_sdk/SoC/gd32vf103/Common/Source/Stubs/close.o
 .rela.text.__register_exitproc
                0x000000000801fed8        0x0 ./nuclei_sdk/SoC/gd32vf103/Common/Source/Stubs/close.o
 .rela.text._vfprintf_r
                0x000000000801fed8        0x0 ./nuclei_sdk/SoC/gd32vf103/Common/Source/Stubs/close.o
 .rela.text._sbrk_r
                0x000000000801fed8        0x0 ./nuclei_sdk/SoC/gd32vf103/Common/Source/Stubs/close.o
 .rela.text._write_r
                0x000000000801fed8        0x0 ./nuclei_sdk/SoC/gd32vf103/Common/Source/Stubs/close.o
 .rela.text._close_r
                0x000000000801fed8        0x0 ./nuclei_sdk/SoC/gd32vf103/Common/Source/Stubs/close.o
 .rela.text._fstat_r
                0x000000000801fed8        0x0 ./nuclei_sdk/SoC/gd32vf103/Common/Source/Stubs/close.o
 .rela.text._isatty_r
                0x000000000801fed8        0x0 ./nuclei_sdk/SoC/gd32vf103/Common/Source/Stubs/close.o
 .rela.text._lseek_r
                0x000000000801fed8        0x0 ./nuclei_sdk/SoC/gd32vf103/Common/Source/Stubs/close.o
 .rela.text._read_r
                0x000000000801fed8        0x0 ./nuclei_sdk/SoC/gd32vf103/Common/Source/Stubs/close.o

.fini
 *(SORT_NONE(.fini))
                0x000000000801fed8                . = ALIGN (0x4)
                [!provide]                        PROVIDE (__etext = .)
                [!provide]                        PROVIDE (_etext = .)
                [!provide]                        PROVIDE (etext = .)
                0x000000000801fed8                PROVIDE (_eilm = .)

.preinit_array  0x000000000801fed8        0x0
                0x000000000801fed8                PROVIDE (__preinit_array_start = .)
 *(.preinit_array)
                0x000000000801fed8                PROVIDE (__preinit_array_end = .)

.init_array     0x000000000801fed8        0x0
                0x000000000801fed8                PROVIDE (__init_array_start = .)
 *(SORT_BY_INIT_PRIORITY(.init_array.*) SORT_BY_INIT_PRIORITY(.ctors.*))
 *(.init_array EXCLUDE_FILE(*crtend?.o *crtend.o *crtbegin?.o *crtbegin.o) .ctors)
                0x000000000801fed8                PROVIDE (__init_array_end = .)

.fini_array     0x000000000801fed8        0x0
                0x000000000801fed8                PROVIDE (__fini_array_start = .)
 *(SORT_BY_INIT_PRIORITY(.fini_array.*) SORT_BY_INIT_PRIORITY(.dtors.*))
 *(.fini_array EXCLUDE_FILE(*crtend?.o *crtend.o *crtbegin?.o *crtbegin.o) .dtors)
                0x000000000801fed8                PROVIDE (__fini_array_end = .)

.ctors
 *crtbegin.o(.ctors)
 *crtbegin?.o(.ctors)
 *(EXCLUDE_FILE(*crtend?.o *crtend.o) .ctors)
 *(SORT_BY_NAME(.ctors.*))
 *(.ctors)

.dtors
 *crtbegin.o(.dtors)
 *crtbegin?.o(.dtors)
 *(EXCLUDE_FILE(*crtend?.o *crtend.o) .dtors)
 *(SORT_BY_NAME(.dtors.*))
 *(.dtors)

.lalign         0x000000000801fed8        0x0
                0x000000000801fed8                . = ALIGN (0x4)
                0x000000000801fed8                PROVIDE (_data_lma = .)

.dalign         0x0000000020000000        0x0 load address 0x000000000801fed8
                0x0000000020000000                . = ALIGN (0x4)
                0x0000000020000000                PROVIDE (_data = .)

.data           0x0000000020000000       0x74 load address 0x000000000801fed8
 *(.data .data.*)
 .data.impure_data
                0x0000000020000000       0x60 e:/nucleistudio_ide_202102-win64/nucleistudio/toolchain/gcc/bin/../lib/gcc/riscv-nuclei-elf/9.2.0/../../../../riscv-nuclei-elf/lib/rv32imac/ilp32\libg_nano.a(lib_a-impure.o)
 *(.gnu.linkonce.d.*)
                0x0000000020000060                . = ALIGN (0x8)
                0x0000000020000860                PROVIDE (__global_pointer$ = (. + 0x800))
 *(.sdata .sdata.* .sdata*)
 .sdata.curbrk.4578
                0x0000000020000060        0x4 ./nuclei_sdk/SoC/gd32vf103/Common/Source/Stubs/sbrk.o
 .sdata.SystemCoreClock
                0x0000000020000064        0x4 ./nuclei_sdk/SoC/gd32vf103/Common/Source/system_gd32vf103.o
                0x0000000020000064                SystemCoreClock
 .sdata.CMD_RDX
                0x0000000020000068        0x1 ./application/touch.o
                0x0000000020000068                CMD_RDX
 .sdata.CMD_RDY
                0x0000000020000069        0x1 ./application/touch.o
                0x0000000020000069                CMD_RDY
 *fill*         0x000000002000006a        0x2 
 .sdata._impure_ptr
                0x000000002000006c        0x4 e:/nucleistudio_ide_202102-win64/nucleistudio/toolchain/gcc/bin/../lib/gcc/riscv-nuclei-elf/9.2.0/../../../../riscv-nuclei-elf/lib/rv32imac/ilp32\libg_nano.a(lib_a-impure.o)
                0x000000002000006c                _impure_ptr
 .sdata2._global_impure_ptr
                0x0000000020000070        0x4 e:/nucleistudio_ide_202102-win64/nucleistudio/toolchain/gcc/bin/../lib/gcc/riscv-nuclei-elf/9.2.0/../../../../riscv-nuclei-elf/lib/rv32imac/ilp32\libg_nano.a(lib_a-impure.o)
                0x0000000020000070                _global_impure_ptr
 *(.gnu.linkonce.s.*)
                0x0000000020000074                . = ALIGN (0x4)
                0x0000000020000074                PROVIDE (_edata = .)
                [!provide]                        PROVIDE (edata = .)
                [!provide]                        PROVIDE (_fbss = .)
                0x0000000020000074                PROVIDE (__bss_start = .)

.bss            0x0000000020000074      0x6bc
 *(.sbss*)
 .sbss.gui      0x0000000020000074        0x4 ./application/GUI/ugui.o
                0x0000000020000074                gui
 .sbss.msg.2619
                0x0000000020000078        0x8 ./application/GUI/ugui.o
 .sbss.POINT_COLOR
                0x0000000020000080        0x2 ./application/lcd_28.o
                0x0000000020000080                POINT_COLOR
 .sbss.touch_x  0x0000000020000082        0x2 ./application/main.o
                0x0000000020000082                touch_x
 .sbss.touch_y  0x0000000020000084        0x2 ./application/main.o
                0x0000000020000084                touch_y
 .sbss.touch_x_T
                0x0000000020000086        0x2 ./application/main.o
                0x0000000020000086                touch_x_T
 .sbss.touch_y_T
                0x0000000020000088        0x2 ./application/main.o
                0x0000000020000088                touch_y_T
 *fill*         0x000000002000008a        0x2 
 .sbss.pen_state
                0x000000002000008c        0x4 ./application/main.o
                0x000000002000008c                pen_state
 .sbss.hw_acc   0x0000000020000090        0x4 ./application/main.o
                0x0000000020000090                hw_acc
 .sbss.abc      0x0000000020000094        0x4 ./application/main.o
                0x0000000020000094                abc
 .sbss.abc2     0x0000000020000098        0x4 ./application/main.o
                0x0000000020000098                abc2
 .sbss.abc3     0x000000002000009c        0x4 ./application/main.o
                0x000000002000009c                abc3
 .sbss.abc4     0x00000000200000a0        0x4 ./application/main.o
                0x00000000200000a0                abc4
 .sbss.abc5     0x00000000200000a4        0x4 ./application/main.o
                0x00000000200000a4                abc5
 .sbss._global_atexit
                0x00000000200000a8        0x4 e:/nucleistudio_ide_202102-win64/nucleistudio/toolchain/gcc/bin/../lib/gcc/riscv-nuclei-elf/9.2.0/../../../../riscv-nuclei-elf/lib/rv32imac/ilp32\libg_nano.a(lib_a-__call_atexit.o)
                0x00000000200000a8                _global_atexit
 .sbss.__malloc_free_list
                0x00000000200000ac        0x4 e:/nucleistudio_ide_202102-win64/nucleistudio/toolchain/gcc/bin/../lib/gcc/riscv-nuclei-elf/9.2.0/../../../../riscv-nuclei-elf/lib/rv32imac/ilp32\libg_nano.a(lib_a-nano-mallocr.o)
                0x00000000200000ac                __malloc_free_list
 .sbss.__malloc_sbrk_start
                0x00000000200000b0        0x4 e:/nucleistudio_ide_202102-win64/nucleistudio/toolchain/gcc/bin/../lib/gcc/riscv-nuclei-elf/9.2.0/../../../../riscv-nuclei-elf/lib/rv32imac/ilp32\libg_nano.a(lib_a-nano-mallocr.o)
                0x00000000200000b0                __malloc_sbrk_start
 *(.gnu.linkonce.sb.*)
 *(.bss .bss.*)
 .bss.SystemExceptionHandlers
                0x00000000200000b4       0x34 ./nuclei_sdk/SoC/gd32vf103/Common/Source/system_gd32vf103.o
 .bss.lcddev    0x00000000200000e8       0x10 ./application/lcd_28.o
                0x00000000200000e8                lcddev
 .bss.gui1      0x00000000200000f8       0x64 ./application/main.o
                0x00000000200000f8                gui1
 .bss.window_1  0x000000002000015c       0x34 ./application/main.o
                0x000000002000015c                window_1
 .bss.window_2  0x0000000020000190       0x34 ./application/main.o
                0x0000000020000190                window_2
 .bss.window_3  0x00000000200001c4       0x34 ./application/main.o
                0x00000000200001c4                window_3
 .bss.button1_1
                0x00000000200001f8       0x18 ./application/main.o
                0x00000000200001f8                button1_1
 .bss.button1_2
                0x0000000020000210       0x18 ./application/main.o
                0x0000000020000210                button1_2
 .bss.button1_3
                0x0000000020000228       0x18 ./application/main.o
                0x0000000020000228                button1_3
 .bss.button1_4
                0x0000000020000240       0x18 ./application/main.o
                0x0000000020000240                button1_4
 .bss.button1_5
                0x0000000020000258       0x18 ./application/main.o
                0x0000000020000258                button1_5
 .bss.button1_6
                0x0000000020000270       0x18 ./application/main.o
                0x0000000020000270                button1_6
 .bss.obj_buff_wnd_1
                0x0000000020000288      0x140 ./application/main.o
                0x0000000020000288                obj_buff_wnd_1
 .bss.obj_buff_wnd_2
                0x00000000200003c8      0x140 ./application/main.o
                0x00000000200003c8                obj_buff_wnd_2
 .bss.button3_1
                0x0000000020000508       0x18 ./application/main.o
                0x0000000020000508                button3_1
 .bss.textbox3_1
                0x0000000020000520       0x14 ./application/main.o
                0x0000000020000520                textbox3_1
 .bss.button2_1
                0x0000000020000534       0x18 ./application/main.o
                0x0000000020000534                button2_1
 .bss.textbox2_1
                0x000000002000054c       0x14 ./application/main.o
                0x000000002000054c                textbox2_1
 .bss.obj_buff_wnd_3
                0x0000000020000560      0x140 ./application/main.o
                0x0000000020000560                obj_buff_wnd_3
 .bss._global_atexit0
                0x00000000200006a0       0x8c e:/nucleistudio_ide_202102-win64/nucleistudio/toolchain/gcc/bin/../lib/gcc/riscv-nuclei-elf/9.2.0/../../../../riscv-nuclei-elf/lib/rv32imac/ilp32\libg_nano.a(lib_a-__atexit.o)
 *(.gnu.linkonce.b.*)
 *(COMMON)
 COMMON         0x000000002000072c        0x4 e:/nucleistudio_ide_202102-win64/nucleistudio/toolchain/gcc/bin/../lib/gcc/riscv-nuclei-elf/9.2.0/../../../../riscv-nuclei-elf/lib/rv32imac/ilp32\libg_nano.a(lib_a-reent.o)
                0x000000002000072c                errno
                0x0000000020000730                . = ALIGN (0x4)
                0x0000000020000730                . = ALIGN (0x8)
                0x0000000020000730                PROVIDE (_end = .)
                [!provide]                        PROVIDE (end = .)

.stack          0x0000000020004800      0x800 load address 0x0000000020000730
                0x0000000020004800                PROVIDE (_heap_end = .)
                0x0000000000000800                . = __STACK_SIZE
 *fill*         0x0000000020004800      0x800 
                0x0000000020005000                PROVIDE (_sp = .)
OUTPUT(456.elf elf32-littleriscv)

.debug_info     0x0000000000000000    0x16b8f
 .debug_info    0x0000000000000000      0x991 ./nuclei_sdk/SoC/gd32vf103/Common/Source/Stubs/close.o
 .debug_info    0x0000000000000991      0xc17 ./nuclei_sdk/SoC/gd32vf103/Common/Source/Stubs/fstat.o
 .debug_info    0x00000000000015a8      0x110 ./nuclei_sdk/SoC/gd32vf103/Common/Source/Stubs/isatty.o
 .debug_info    0x00000000000016b8      0x9b0 ./nuclei_sdk/SoC/gd32vf103/Common/Source/Stubs/lseek.o
 .debug_info    0x0000000000002068      0xa3a ./nuclei_sdk/SoC/gd32vf103/Common/Source/Stubs/read.o
 .debug_info    0x0000000000002aa2      0x154 ./nuclei_sdk/SoC/gd32vf103/Common/Source/Stubs/sbrk.o
 .debug_info    0x0000000000002bf6      0xa5d ./nuclei_sdk/SoC/gd32vf103/Common/Source/Stubs/write.o
 .debug_info    0x0000000000003653       0x22 ./nuclei_sdk/SoC/gd32vf103/Common/Source/GCC/intexc_gd32vf103.o
 .debug_info    0x0000000000003675       0x22 ./nuclei_sdk/SoC/gd32vf103/Common/Source/GCC/startup_gd32vf103.o
 .debug_info    0x0000000000003697      0x224 ./nuclei_sdk/SoC/gd32vf103/Common/Source/Drivers/gd32vf103_eclic.o
 .debug_info    0x00000000000038bb      0x264 ./nuclei_sdk/SoC/gd32vf103/Common/Source/Drivers/gd32vf103_exmc.o
 .debug_info    0x0000000000003b1f      0x5ef ./nuclei_sdk/SoC/gd32vf103/Common/Source/Drivers/gd32vf103_gpio.o
 .debug_info    0x000000000000410e      0xdb5 ./nuclei_sdk/SoC/gd32vf103/Common/Source/Drivers/gd32vf103_rcu.o
 .debug_info    0x0000000000004ec3     0x1368 ./nuclei_sdk/SoC/gd32vf103/Common/Source/Drivers/gd32vf103_timer.o
 .debug_info    0x000000000000622b      0xbd5 ./nuclei_sdk/SoC/gd32vf103/Common/Source/Drivers/gd32vf103_usart.o
 .debug_info    0x0000000000006e00      0x2f4 ./nuclei_sdk/SoC/gd32vf103/Common/Source/gd32vf103_soc.o
 .debug_info    0x00000000000070f4     0x1528 ./nuclei_sdk/SoC/gd32vf103/Common/Source/system_gd32vf103.o
 .debug_info    0x000000000000861c     0x1224 ./nuclei_sdk/SoC/gd32vf103/Common/Include/n200_func.o
 .debug_info    0x0000000000009840      0xb83 ./nuclei_sdk/SoC/gd32vf103/Board/gd32vf103v_rvstar/Source/gd32vf103v_rvstar.o
 .debug_info    0x000000000000a3c3     0x48f2 ./application/GUI/ugui.o
 .debug_info    0x000000000000ecb5      0xc4a ./application/exmc_lcd.o
 .debug_info    0x000000000000f8ff     0x1697 ./application/gui_28.o
 .debug_info    0x0000000000010f96      0xe32 ./application/lcd_28.o
 .debug_info    0x0000000000011dc8     0x1de0 ./application/main.o
 .debug_info    0x0000000000013ba8      0x230 ./application/mpu.o
 .debug_info    0x0000000000013dd8     0x1008 ./application/touch.o
 .debug_info    0x0000000000014de0     0x1245 e:/nucleistudio_ide_202102-win64/nucleistudio/toolchain/gcc/bin/../lib/gcc/riscv-nuclei-elf/9.2.0/rv32imac/ilp32\libgcc.a(_udivdi3.o)
 .debug_info    0x0000000000016025      0xb6a e:/nucleistudio_ide_202102-win64/nucleistudio/toolchain/gcc/bin/../lib/gcc/riscv-nuclei-elf/9.2.0/rv32imac/ilp32\libgcc.a(_clz.o)

.debug_abbrev   0x0000000000000000     0x38bd
 .debug_abbrev  0x0000000000000000      0x1e7 ./nuclei_sdk/SoC/gd32vf103/Common/Source/Stubs/close.o
 .debug_abbrev  0x00000000000001e7      0x1fa ./nuclei_sdk/SoC/gd32vf103/Common/Source/Stubs/fstat.o
 .debug_abbrev  0x00000000000003e1       0x82 ./nuclei_sdk/SoC/gd32vf103/Common/Source/Stubs/isatty.o
 .debug_abbrev  0x0000000000000463      0x1e7 ./nuclei_sdk/SoC/gd32vf103/Common/Source/Stubs/lseek.o
 .debug_abbrev  0x000000000000064a      0x1fa ./nuclei_sdk/SoC/gd32vf103/Common/Source/Stubs/read.o
 .debug_abbrev  0x0000000000000844       0xa8 ./nuclei_sdk/SoC/gd32vf103/Common/Source/Stubs/sbrk.o
 .debug_abbrev  0x00000000000008ec      0x219 ./nuclei_sdk/SoC/gd32vf103/Common/Source/Stubs/write.o
 .debug_abbrev  0x0000000000000b05       0x12 ./nuclei_sdk/SoC/gd32vf103/Common/Source/GCC/intexc_gd32vf103.o
 .debug_abbrev  0x0000000000000b17       0x12 ./nuclei_sdk/SoC/gd32vf103/Common/Source/GCC/startup_gd32vf103.o
 .debug_abbrev  0x0000000000000b29      0x110 ./nuclei_sdk/SoC/gd32vf103/Common/Source/Drivers/gd32vf103_eclic.o
 .debug_abbrev  0x0000000000000c39       0xe9 ./nuclei_sdk/SoC/gd32vf103/Common/Source/Drivers/gd32vf103_exmc.o
 .debug_abbrev  0x0000000000000d22      0x1d1 ./nuclei_sdk/SoC/gd32vf103/Common/Source/Drivers/gd32vf103_gpio.o
 .debug_abbrev  0x0000000000000ef3      0x1ea ./nuclei_sdk/SoC/gd32vf103/Common/Source/Drivers/gd32vf103_rcu.o
 .debug_abbrev  0x00000000000010dd      0x1cf ./nuclei_sdk/SoC/gd32vf103/Common/Source/Drivers/gd32vf103_timer.o
 .debug_abbrev  0x00000000000012ac      0x1b7 ./nuclei_sdk/SoC/gd32vf103/Common/Source/Drivers/gd32vf103_usart.o
 .debug_abbrev  0x0000000000001463      0x15b ./nuclei_sdk/SoC/gd32vf103/Common/Source/gd32vf103_soc.o
 .debug_abbrev  0x00000000000015be      0x47c ./nuclei_sdk/SoC/gd32vf103/Common/Source/system_gd32vf103.o
 .debug_abbrev  0x0000000000001a3a      0x39e ./nuclei_sdk/SoC/gd32vf103/Common/Include/n200_func.o
 .debug_abbrev  0x0000000000001dd8      0x2a7 ./nuclei_sdk/SoC/gd32vf103/Board/gd32vf103v_rvstar/Source/gd32vf103v_rvstar.o
 .debug_abbrev  0x000000000000207f      0x273 ./application/GUI/ugui.o
 .debug_abbrev  0x00000000000022f2      0x227 ./application/exmc_lcd.o
 .debug_abbrev  0x0000000000002519      0x30d ./application/gui_28.o
 .debug_abbrev  0x0000000000002826      0x387 ./application/lcd_28.o
 .debug_abbrev  0x0000000000002bad      0x357 ./application/main.o
 .debug_abbrev  0x0000000000002f04      0x129 ./application/mpu.o
 .debug_abbrev  0x000000000000302d      0x3dc ./application/touch.o
 .debug_abbrev  0x0000000000003409      0x2cc e:/nucleistudio_ide_202102-win64/nucleistudio/toolchain/gcc/bin/../lib/gcc/riscv-nuclei-elf/9.2.0/rv32imac/ilp32\libgcc.a(_udivdi3.o)
 .debug_abbrev  0x00000000000036d5      0x1e8 e:/nucleistudio_ide_202102-win64/nucleistudio/toolchain/gcc/bin/../lib/gcc/riscv-nuclei-elf/9.2.0/rv32imac/ilp32\libgcc.a(_clz.o)

.debug_aranges  0x0000000000000000     0x1220
 .debug_aranges
                0x0000000000000000       0x20 ./nuclei_sdk/SoC/gd32vf103/Common/Source/Stubs/close.o
 .debug_aranges
                0x0000000000000020       0x20 ./nuclei_sdk/SoC/gd32vf103/Common/Source/Stubs/fstat.o
 .debug_aranges
                0x0000000000000040       0x20 ./nuclei_sdk/SoC/gd32vf103/Common/Source/Stubs/isatty.o
 .debug_aranges
                0x0000000000000060       0x20 ./nuclei_sdk/SoC/gd32vf103/Common/Source/Stubs/lseek.o
 .debug_aranges
                0x0000000000000080       0x20 ./nuclei_sdk/SoC/gd32vf103/Common/Source/Stubs/read.o
 .debug_aranges
                0x00000000000000a0       0x20 ./nuclei_sdk/SoC/gd32vf103/Common/Source/Stubs/sbrk.o
 .debug_aranges
                0x00000000000000c0       0x20 ./nuclei_sdk/SoC/gd32vf103/Common/Source/Stubs/write.o
 .debug_aranges
                0x00000000000000e0       0x28 ./nuclei_sdk/SoC/gd32vf103/Common/Source/GCC/intexc_gd32vf103.o
 .debug_aranges
                0x0000000000000108       0x28 ./nuclei_sdk/SoC/gd32vf103/Common/Source/GCC/startup_gd32vf103.o
 .debug_aranges
                0x0000000000000130       0x50 ./nuclei_sdk/SoC/gd32vf103/Common/Source/Drivers/gd32vf103_eclic.o
 .debug_aranges
                0x0000000000000180       0x40 ./nuclei_sdk/SoC/gd32vf103/Common/Source/Drivers/gd32vf103_exmc.o
 .debug_aranges
                0x00000000000001c0       0xa0 ./nuclei_sdk/SoC/gd32vf103/Common/Source/Drivers/gd32vf103_gpio.o
 .debug_aranges
                0x0000000000000260      0x160 ./nuclei_sdk/SoC/gd32vf103/Common/Source/Drivers/gd32vf103_rcu.o
 .debug_aranges
                0x00000000000003c0      0x240 ./nuclei_sdk/SoC/gd32vf103/Common/Source/Drivers/gd32vf103_timer.o
 .debug_aranges
                0x0000000000000600      0x180 ./nuclei_sdk/SoC/gd32vf103/Common/Source/Drivers/gd32vf103_usart.o
 .debug_aranges
                0x0000000000000780       0x38 ./nuclei_sdk/SoC/gd32vf103/Common/Source/gd32vf103_soc.o
 .debug_aranges
                0x00000000000007b8       0x98 ./nuclei_sdk/SoC/gd32vf103/Common/Source/system_gd32vf103.o
 .debug_aranges
                0x0000000000000850      0x130 ./nuclei_sdk/SoC/gd32vf103/Common/Include/n200_func.o
 .debug_aranges
                0x0000000000000980       0x50 ./nuclei_sdk/SoC/gd32vf103/Board/gd32vf103v_rvstar/Source/gd32vf103v_rvstar.o
 .debug_aranges
                0x00000000000009d0      0x560 ./application/GUI/ugui.o
 .debug_aranges
                0x0000000000000f30       0x20 ./application/exmc_lcd.o
 .debug_aranges
                0x0000000000000f50       0xb8 ./application/gui_28.o
 .debug_aranges
                0x0000000000001008       0xb0 ./application/lcd_28.o
 .debug_aranges
                0x00000000000010b8       0x68 ./application/main.o
 .debug_aranges
                0x0000000000001120       0x48 ./application/mpu.o
 .debug_aranges
                0x0000000000001168       0x80 ./application/touch.o
 .debug_aranges
                0x00000000000011e8       0x20 e:/nucleistudio_ide_202102-win64/nucleistudio/toolchain/gcc/bin/../lib/gcc/riscv-nuclei-elf/9.2.0/rv32imac/ilp32\libgcc.a(_udivdi3.o)
 .debug_aranges
                0x0000000000001208       0x18 e:/nucleistudio_ide_202102-win64/nucleistudio/toolchain/gcc/bin/../lib/gcc/riscv-nuclei-elf/9.2.0/rv32imac/ilp32\libgcc.a(_clz.o)

.debug_ranges   0x0000000000000000     0x1148
 .debug_ranges  0x0000000000000000       0x10 ./nuclei_sdk/SoC/gd32vf103/Common/Source/Stubs/close.o
 .debug_ranges  0x0000000000000010       0x10 ./nuclei_sdk/SoC/gd32vf103/Common/Source/Stubs/fstat.o
 .debug_ranges  0x0000000000000020       0x10 ./nuclei_sdk/SoC/gd32vf103/Common/Source/Stubs/isatty.o
 .debug_ranges  0x0000000000000030       0x10 ./nuclei_sdk/SoC/gd32vf103/Common/Source/Stubs/lseek.o
 .debug_ranges  0x0000000000000040       0x10 ./nuclei_sdk/SoC/gd32vf103/Common/Source/Stubs/read.o
 .debug_ranges  0x0000000000000050       0x10 ./nuclei_sdk/SoC/gd32vf103/Common/Source/Stubs/sbrk.o
 .debug_ranges  0x0000000000000060       0x10 ./nuclei_sdk/SoC/gd32vf103/Common/Source/Stubs/write.o
 .debug_ranges  0x0000000000000070       0x20 ./nuclei_sdk/SoC/gd32vf103/Common/Source/GCC/intexc_gd32vf103.o
 .debug_ranges  0x0000000000000090       0x20 ./nuclei_sdk/SoC/gd32vf103/Common/Source/GCC/startup_gd32vf103.o
 .debug_ranges  0x00000000000000b0       0x40 ./nuclei_sdk/SoC/gd32vf103/Common/Source/Drivers/gd32vf103_eclic.o
 .debug_ranges  0x00000000000000f0       0x30 ./nuclei_sdk/SoC/gd32vf103/Common/Source/Drivers/gd32vf103_exmc.o
 .debug_ranges  0x0000000000000120       0x90 ./nuclei_sdk/SoC/gd32vf103/Common/Source/Drivers/gd32vf103_gpio.o
 .debug_ranges  0x00000000000001b0      0x150 ./nuclei_sdk/SoC/gd32vf103/Common/Source/Drivers/gd32vf103_rcu.o
 .debug_ranges  0x0000000000000300      0x230 ./nuclei_sdk/SoC/gd32vf103/Common/Source/Drivers/gd32vf103_timer.o
 .debug_ranges  0x0000000000000530      0x170 ./nuclei_sdk/SoC/gd32vf103/Common/Source/Drivers/gd32vf103_usart.o
 .debug_ranges  0x00000000000006a0       0x28 ./nuclei_sdk/SoC/gd32vf103/Common/Source/gd32vf103_soc.o
 .debug_ranges  0x00000000000006c8       0x88 ./nuclei_sdk/SoC/gd32vf103/Common/Source/system_gd32vf103.o
 .debug_ranges  0x0000000000000750      0x120 ./nuclei_sdk/SoC/gd32vf103/Common/Include/n200_func.o
 .debug_ranges  0x0000000000000870       0x40 ./nuclei_sdk/SoC/gd32vf103/Board/gd32vf103v_rvstar/Source/gd32vf103v_rvstar.o
 .debug_ranges  0x00000000000008b0      0x550 ./application/GUI/ugui.o
 .debug_ranges  0x0000000000000e00       0x10 ./application/exmc_lcd.o
 .debug_ranges  0x0000000000000e10       0xa8 ./application/gui_28.o
 .debug_ranges  0x0000000000000eb8       0xa0 ./application/lcd_28.o
 .debug_ranges  0x0000000000000f58       0x58 ./application/main.o
 .debug_ranges  0x0000000000000fb0       0x38 ./application/mpu.o
 .debug_ranges  0x0000000000000fe8       0x70 ./application/touch.o
 .debug_ranges  0x0000000000001058       0xf0 e:/nucleistudio_ide_202102-win64/nucleistudio/toolchain/gcc/bin/../lib/gcc/riscv-nuclei-elf/9.2.0/rv32imac/ilp32\libgcc.a(_udivdi3.o)

.debug_line     0x0000000000000000    0x15b78
 .debug_line    0x0000000000000000      0x243 ./nuclei_sdk/SoC/gd32vf103/Common/Source/Stubs/close.o
 .debug_line    0x0000000000000243      0x2f7 ./nuclei_sdk/SoC/gd32vf103/Common/Source/Stubs/fstat.o
 .debug_line    0x000000000000053a      0x1ad ./nuclei_sdk/SoC/gd32vf103/Common/Source/Stubs/isatty.o
 .debug_line    0x00000000000006e7      0x23b ./nuclei_sdk/SoC/gd32vf103/Common/Source/Stubs/lseek.o
 .debug_line    0x0000000000000922      0x27b ./nuclei_sdk/SoC/gd32vf103/Common/Source/Stubs/read.o
 .debug_line    0x0000000000000b9d      0x25a ./nuclei_sdk/SoC/gd32vf103/Common/Source/Stubs/sbrk.o
 .debug_line    0x0000000000000df7      0x2ca ./nuclei_sdk/SoC/gd32vf103/Common/Source/Stubs/write.o
 .debug_line    0x00000000000010c1       0xd7 ./nuclei_sdk/SoC/gd32vf103/Common/Source/GCC/intexc_gd32vf103.o
 .debug_line    0x0000000000001198      0x1e6 ./nuclei_sdk/SoC/gd32vf103/Common/Source/GCC/startup_gd32vf103.o
 .debug_line    0x000000000000137e      0x2a4 ./nuclei_sdk/SoC/gd32vf103/Common/Source/Drivers/gd32vf103_eclic.o
 .debug_line    0x0000000000001622      0x489 ./nuclei_sdk/SoC/gd32vf103/Common/Source/Drivers/gd32vf103_exmc.o
 .debug_line    0x0000000000001aab      0xa2d ./nuclei_sdk/SoC/gd32vf103/Common/Source/Drivers/gd32vf103_gpio.o
 .debug_line    0x00000000000024d8     0x10e3 ./nuclei_sdk/SoC/gd32vf103/Common/Source/Drivers/gd32vf103_rcu.o
 .debug_line    0x00000000000035bb     0x2083 ./nuclei_sdk/SoC/gd32vf103/Common/Source/Drivers/gd32vf103_timer.o
 .debug_line    0x000000000000563e      0xc31 ./nuclei_sdk/SoC/gd32vf103/Common/Source/Drivers/gd32vf103_usart.o
 .debug_line    0x000000000000626f      0x397 ./nuclei_sdk/SoC/gd32vf103/Common/Source/gd32vf103_soc.o
 .debug_line    0x0000000000006606      0xc01 ./nuclei_sdk/SoC/gd32vf103/Common/Source/system_gd32vf103.o
 .debug_line    0x0000000000007207      0xc1a ./nuclei_sdk/SoC/gd32vf103/Common/Include/n200_func.o
 .debug_line    0x0000000000007e21      0x676 ./nuclei_sdk/SoC/gd32vf103/Board/gd32vf103v_rvstar/Source/gd32vf103v_rvstar.o
 .debug_line    0x0000000000008497     0x883e ./application/GUI/ugui.o
 .debug_line    0x0000000000010cd5      0x358 ./application/exmc_lcd.o
 .debug_line    0x000000000001102d     0x1496 ./application/gui_28.o
 .debug_line    0x00000000000124c3      0x9d6 ./application/lcd_28.o
 .debug_line    0x0000000000012e99      0xbe5 ./application/main.o
 .debug_line    0x0000000000013a7e      0x27a ./application/mpu.o
 .debug_line    0x0000000000013cf8     0x1222 ./application/touch.o
 .debug_line    0x0000000000014f1a      0x9a6 e:/nucleistudio_ide_202102-win64/nucleistudio/toolchain/gcc/bin/../lib/gcc/riscv-nuclei-elf/9.2.0/rv32imac/ilp32\libgcc.a(_udivdi3.o)
 .debug_line    0x00000000000158c0      0x2b8 e:/nucleistudio_ide_202102-win64/nucleistudio/toolchain/gcc/bin/../lib/gcc/riscv-nuclei-elf/9.2.0/rv32imac/ilp32\libgcc.a(_clz.o)

.debug_str      0x0000000000000000     0x5812
 .debug_str     0x0000000000000000      0x509 ./nuclei_sdk/SoC/gd32vf103/Common/Source/Stubs/close.o
                                        0x59f (size before relaxing)
 .debug_str     0x0000000000000509      0x17f ./nuclei_sdk/SoC/gd32vf103/Common/Source/Stubs/fstat.o
                                        0x737 (size before relaxing)
 .debug_str     0x0000000000000688       0x41 ./nuclei_sdk/SoC/gd32vf103/Common/Source/Stubs/isatty.o
                                        0x1d0 (size before relaxing)
 .debug_str     0x00000000000006c9       0x46 ./nuclei_sdk/SoC/gd32vf103/Common/Source/Stubs/lseek.o
                                        0x5b9 (size before relaxing)
 .debug_str     0x000000000000070f       0x49 ./nuclei_sdk/SoC/gd32vf103/Common/Source/Stubs/read.o
                                        0x5ee (size before relaxing)
 .debug_str     0x0000000000000758       0x5d ./nuclei_sdk/SoC/gd32vf103/Common/Source/Stubs/sbrk.o
                                        0x1f1 (size before relaxing)
 .debug_str     0x00000000000007b5       0x41 ./nuclei_sdk/SoC/gd32vf103/Common/Source/Stubs/write.o
                                        0x5f0 (size before relaxing)
 .debug_str     0x00000000000007f6       0x4d ./nuclei_sdk/SoC/gd32vf103/Common/Source/GCC/intexc_gd32vf103.o
                                         0x66 (size before relaxing)
 .debug_str     0x0000000000000843       0x42 ./nuclei_sdk/SoC/gd32vf103/Common/Source/GCC/startup_gd32vf103.o
                                         0x67 (size before relaxing)
 .debug_str     0x0000000000000885      0x15d ./nuclei_sdk/SoC/gd32vf103/Common/Source/Drivers/gd32vf103_eclic.o
                                        0x2e4 (size before relaxing)
 .debug_str     0x00000000000009e2      0x1f4 ./nuclei_sdk/SoC/gd32vf103/Common/Source/Drivers/gd32vf103_exmc.o
                                        0x351 (size before relaxing)
 .debug_str     0x0000000000000bd6      0x3b8 ./nuclei_sdk/SoC/gd32vf103/Common/Source/Drivers/gd32vf103_gpio.o
                                        0x555 (size before relaxing)
 .debug_str     0x0000000000000f8e      0xab4 ./nuclei_sdk/SoC/gd32vf103/Common/Source/Drivers/gd32vf103_rcu.o
                                        0xded (size before relaxing)
 .debug_str     0x0000000000001a42      0xb10 ./nuclei_sdk/SoC/gd32vf103/Common/Source/Drivers/gd32vf103_timer.o
                                        0xe99 (size before relaxing)
 .debug_str     0x0000000000002552      0x5b6 ./nuclei_sdk/SoC/gd32vf103/Common/Source/Drivers/gd32vf103_usart.o
                                        0x919 (size before relaxing)
 .debug_str     0x0000000000002b08      0x12d ./nuclei_sdk/SoC/gd32vf103/Common/Source/gd32vf103_soc.o
                                        0x2a2 (size before relaxing)
 .debug_str     0x0000000000002c35      0x89c ./nuclei_sdk/SoC/gd32vf103/Common/Source/system_gd32vf103.o
                                        0xeb8 (size before relaxing)
 .debug_str     0x00000000000034d1      0x2ae ./nuclei_sdk/SoC/gd32vf103/Common/Include/n200_func.o
                                        0x909 (size before relaxing)
 .debug_str     0x000000000000377f      0x2a7 ./nuclei_sdk/SoC/gd32vf103/Board/gd32vf103v_rvstar/Source/gd32vf103v_rvstar.o
                                        0xb41 (size before relaxing)
 .debug_str     0x0000000000003a26     0x10ea ./application/GUI/ugui.o
                                       0x12cd (size before relaxing)
 .debug_str     0x0000000000004b10       0x96 ./application/exmc_lcd.o
                                        0x88b (size before relaxing)
 .debug_str     0x0000000000004ba6      0x1e3 ./application/gui_28.o
                                        0x796 (size before relaxing)
 .debug_str     0x0000000000004d89      0x19b ./application/lcd_28.o
                                        0x763 (size before relaxing)
 .debug_str     0x0000000000004f24      0x2a2 ./application/main.o
                                       0x127e (size before relaxing)
 .debug_str     0x00000000000051c6       0x9e ./application/mpu.o
                                        0x17d (size before relaxing)
 .debug_str     0x0000000000005264      0x167 ./application/touch.o
                                        0x7b4 (size before relaxing)
 .debug_str     0x00000000000053cb      0x3a5 e:/nucleistudio_ide_202102-win64/nucleistudio/toolchain/gcc/bin/../lib/gcc/riscv-nuclei-elf/9.2.0/rv32imac/ilp32\libgcc.a(_udivdi3.o)
                                        0x8a7 (size before relaxing)
 .debug_str     0x0000000000005770       0xa2 e:/nucleistudio_ide_202102-win64/nucleistudio/toolchain/gcc/bin/../lib/gcc/riscv-nuclei-elf/9.2.0/rv32imac/ilp32\libgcc.a(_clz.o)
                                        0x7ee (size before relaxing)

.comment        0x0000000000000000       0x11
 .comment       0x0000000000000000       0x11 ./nuclei_sdk/SoC/gd32vf103/Common/Source/Stubs/close.o
                                         0x12 (size before relaxing)
 .comment       0x0000000000000011       0x12 ./nuclei_sdk/SoC/gd32vf103/Common/Source/Stubs/fstat.o
 .comment       0x0000000000000011       0x12 ./nuclei_sdk/SoC/gd32vf103/Common/Source/Stubs/isatty.o
 .comment       0x0000000000000011       0x12 ./nuclei_sdk/SoC/gd32vf103/Common/Source/Stubs/lseek.o
 .comment       0x0000000000000011       0x12 ./nuclei_sdk/SoC/gd32vf103/Common/Source/Stubs/read.o
 .comment       0x0000000000000011       0x12 ./nuclei_sdk/SoC/gd32vf103/Common/Source/Stubs/sbrk.o
 .comment       0x0000000000000011       0x12 ./nuclei_sdk/SoC/gd32vf103/Common/Source/Stubs/write.o
 .comment       0x0000000000000011       0x12 ./nuclei_sdk/SoC/gd32vf103/Common/Source/Drivers/gd32vf103_eclic.o
 .comment       0x0000000000000011       0x12 ./nuclei_sdk/SoC/gd32vf103/Common/Source/Drivers/gd32vf103_exmc.o
 .comment       0x0000000000000011       0x12 ./nuclei_sdk/SoC/gd32vf103/Common/Source/Drivers/gd32vf103_gpio.o
 .comment       0x0000000000000011       0x12 ./nuclei_sdk/SoC/gd32vf103/Common/Source/Drivers/gd32vf103_rcu.o
 .comment       0x0000000000000011       0x12 ./nuclei_sdk/SoC/gd32vf103/Common/Source/Drivers/gd32vf103_timer.o
 .comment       0x0000000000000011       0x12 ./nuclei_sdk/SoC/gd32vf103/Common/Source/Drivers/gd32vf103_usart.o
 .comment       0x0000000000000011       0x12 ./nuclei_sdk/SoC/gd32vf103/Common/Source/gd32vf103_soc.o
 .comment       0x0000000000000011       0x12 ./nuclei_sdk/SoC/gd32vf103/Common/Source/system_gd32vf103.o
 .comment       0x0000000000000011       0x12 ./nuclei_sdk/SoC/gd32vf103/Common/Include/n200_func.o
 .comment       0x0000000000000011       0x12 ./nuclei_sdk/SoC/gd32vf103/Board/gd32vf103v_rvstar/Source/gd32vf103v_rvstar.o
 .comment       0x0000000000000011       0x12 ./application/GUI/ugui.o
 .comment       0x0000000000000011       0x12 ./application/exmc_lcd.o
 .comment       0x0000000000000011       0x12 ./application/gui_28.o
 .comment       0x0000000000000011       0x12 ./application/lcd_28.o
 .comment       0x0000000000000011       0x12 ./application/main.o
 .comment       0x0000000000000011       0x12 ./application/mpu.o
 .comment       0x0000000000000011       0x12 ./application/touch.o
 .comment       0x0000000000000011       0x12 e:/nucleistudio_ide_202102-win64/nucleistudio/toolchain/gcc/bin/../lib/gcc/riscv-nuclei-elf/9.2.0/rv32imac/ilp32\libgcc.a(_udivdi3.o)
 .comment       0x0000000000000011       0x12 e:/nucleistudio_ide_202102-win64/nucleistudio/toolchain/gcc/bin/../lib/gcc/riscv-nuclei-elf/9.2.0/rv32imac/ilp32\libgcc.a(_clz.o)
 .comment       0x0000000000000011       0x12 e:/nucleistudio_ide_202102-win64/nucleistudio/toolchain/gcc/bin/../lib/gcc/riscv-nuclei-elf/9.2.0/../../../../riscv-nuclei-elf/lib/rv32imac/ilp32\libg_nano.a(lib_a-atexit.o)
 .comment       0x0000000000000011       0x12 e:/nucleistudio_ide_202102-win64/nucleistudio/toolchain/gcc/bin/../lib/gcc/riscv-nuclei-elf/9.2.0/../../../../riscv-nuclei-elf/lib/rv32imac/ilp32\libg_nano.a(lib_a-fini.o)
 .comment       0x0000000000000011       0x12 e:/nucleistudio_ide_202102-win64/nucleistudio/toolchain/gcc/bin/../lib/gcc/riscv-nuclei-elf/9.2.0/../../../../riscv-nuclei-elf/lib/rv32imac/ilp32\libg_nano.a(lib_a-impure.o)
 .comment       0x0000000000000011       0x12 e:/nucleistudio_ide_202102-win64/nucleistudio/toolchain/gcc/bin/../lib/gcc/riscv-nuclei-elf/9.2.0/../../../../riscv-nuclei-elf/lib/rv32imac/ilp32\libg_nano.a(lib_a-init.o)
 .comment       0x0000000000000011       0x12 e:/nucleistudio_ide_202102-win64/nucleistudio/toolchain/gcc/bin/../lib/gcc/riscv-nuclei-elf/9.2.0/../../../../riscv-nuclei-elf/lib/rv32imac/ilp32\libg_nano.a(lib_a-printf.o)
 .comment       0x0000000000000011       0x12 e:/nucleistudio_ide_202102-win64/nucleistudio/toolchain/gcc/bin/../lib/gcc/riscv-nuclei-elf/9.2.0/../../../../riscv-nuclei-elf/lib/rv32imac/ilp32\libg_nano.a(lib_a-reent.o)
 .comment       0x0000000000000011       0x12 e:/nucleistudio_ide_202102-win64/nucleistudio/toolchain/gcc/bin/../lib/gcc/riscv-nuclei-elf/9.2.0/../../../../riscv-nuclei-elf/lib/rv32imac/ilp32\libg_nano.a(lib_a-strlen.o)
 .comment       0x0000000000000011       0x12 e:/nucleistudio_ide_202102-win64/nucleistudio/toolchain/gcc/bin/../lib/gcc/riscv-nuclei-elf/9.2.0/../../../../riscv-nuclei-elf/lib/rv32imac/ilp32\libg_nano.a(lib_a-sysisatty.o)
 .comment       0x0000000000000011       0x12 e:/nucleistudio_ide_202102-win64/nucleistudio/toolchain/gcc/bin/../lib/gcc/riscv-nuclei-elf/9.2.0/../../../../riscv-nuclei-elf/lib/rv32imac/ilp32\libg_nano.a(lib_a-wbuf.o)
 .comment       0x0000000000000011       0x12 e:/nucleistudio_ide_202102-win64/nucleistudio/toolchain/gcc/bin/../lib/gcc/riscv-nuclei-elf/9.2.0/../../../../riscv-nuclei-elf/lib/rv32imac/ilp32\libg_nano.a(lib_a-wsetup.o)
 .comment       0x0000000000000011       0x12 e:/nucleistudio_ide_202102-win64/nucleistudio/toolchain/gcc/bin/../lib/gcc/riscv-nuclei-elf/9.2.0/../../../../riscv-nuclei-elf/lib/rv32imac/ilp32\libg_nano.a(lib_a-__atexit.o)
 .comment       0x0000000000000011       0x12 e:/nucleistudio_ide_202102-win64/nucleistudio/toolchain/gcc/bin/../lib/gcc/riscv-nuclei-elf/9.2.0/../../../../riscv-nuclei-elf/lib/rv32imac/ilp32\libg_nano.a(lib_a-__call_atexit.o)
 .comment       0x0000000000000011       0x12 e:/nucleistudio_ide_202102-win64/nucleistudio/toolchain/gcc/bin/../lib/gcc/riscv-nuclei-elf/9.2.0/../../../../riscv-nuclei-elf/lib/rv32imac/ilp32\libg_nano.a(lib_a-fflush.o)
 .comment       0x0000000000000011       0x12 e:/nucleistudio_ide_202102-win64/nucleistudio/toolchain/gcc/bin/../lib/gcc/riscv-nuclei-elf/9.2.0/../../../../riscv-nuclei-elf/lib/rv32imac/ilp32\libg_nano.a(lib_a-findfp.o)
 .comment       0x0000000000000011       0x12 e:/nucleistudio_ide_202102-win64/nucleistudio/toolchain/gcc/bin/../lib/gcc/riscv-nuclei-elf/9.2.0/../../../../riscv-nuclei-elf/lib/rv32imac/ilp32\libg_nano.a(lib_a-fwalk.o)
 .comment       0x0000000000000011       0x12 e:/nucleistudio_ide_202102-win64/nucleistudio/toolchain/gcc/bin/../lib/gcc/riscv-nuclei-elf/9.2.0/../../../../riscv-nuclei-elf/lib/rv32imac/ilp32\libg_nano.a(lib_a-makebuf.o)
 .comment       0x0000000000000011       0x12 e:/nucleistudio_ide_202102-win64/nucleistudio/toolchain/gcc/bin/../lib/gcc/riscv-nuclei-elf/9.2.0/../../../../riscv-nuclei-elf/lib/rv32imac/ilp32\libg_nano.a(lib_a-nano-freer.o)
 .comment       0x0000000000000011       0x12 e:/nucleistudio_ide_202102-win64/nucleistudio/toolchain/gcc/bin/../lib/gcc/riscv-nuclei-elf/9.2.0/../../../../riscv-nuclei-elf/lib/rv32imac/ilp32\libg_nano.a(lib_a-nano-mallocr.o)