Archive member included to satisfy reference by file (symbol)

e:/nucleistudio_ide_202102-win64/nucleistudio/toolchain/gcc/bin/../lib/gcc/riscv-nuclei-elf/9.2.0/rv32imac/ilp32\libgcc.a(_udivdi3.o)
                              ./nuclei_sdk/SoC/gd32vf103/Common/Source/Stubs/gettimeofday.o (__udivdi3)
e:/nucleistudio_ide_202102-win64/nucleistudio/toolchain/gcc/bin/../lib/gcc/riscv-nuclei-elf/9.2.0/rv32imac/ilp32\libgcc.a(_umoddi3.o)
                              ./nuclei_sdk/SoC/gd32vf103/Common/Source/Stubs/gettimeofday.o (__umoddi3)
e:/nucleistudio_ide_202102-win64/nucleistudio/toolchain/gcc/bin/../lib/gcc/riscv-nuclei-elf/9.2.0/rv32imac/ilp32\libgcc.a(_clz.o)
                              e:/nucleistudio_ide_202102-win64/nucleistudio/toolchain/gcc/bin/../lib/gcc/riscv-nuclei-elf/9.2.0/rv32imac/ilp32\libgcc.a(_udivdi3.o) (__clz_tab)
e:/nucleistudio_ide_202102-win64/nucleistudio/toolchain/gcc/bin/../lib/gcc/riscv-nuclei-elf/9.2.0/../../../../riscv-nuclei-elf/lib/rv32imac/ilp32\libg_nano.a(lib_a-atexit.o)
                              ./nuclei_sdk/SoC/gd32vf103/Common/Source/GCC/startup_gd32vf103.o (atexit)
e:/nucleistudio_ide_202102-win64/nucleistudio/toolchain/gcc/bin/../lib/gcc/riscv-nuclei-elf/9.2.0/../../../../riscv-nuclei-elf/lib/rv32imac/ilp32\libg_nano.a(lib_a-fini.o)
                              ./nuclei_sdk/SoC/gd32vf103/Common/Source/GCC/startup_gd32vf103.o (__libc_fini_array)
e:/nucleistudio_ide_202102-win64/nucleistudio/toolchain/gcc/bin/../lib/gcc/riscv-nuclei-elf/9.2.0/../../../../riscv-nuclei-elf/lib/rv32imac/ilp32\libg_nano.a(lib_a-init.o)
                              ./nuclei_sdk/SoC/gd32vf103/Common/Source/GCC/startup_gd32vf103.o (__libc_init_array)
e:/nucleistudio_ide_202102-win64/nucleistudio/toolchain/gcc/bin/../lib/gcc/riscv-nuclei-elf/9.2.0/../../../../riscv-nuclei-elf/lib/rv32imac/ilp32\libg_nano.a(lib_a-memset.o)
                              ./nuclei_sdk/SoC/gd32vf103/Common/Source/Drivers/Usb/drv_usb_core.o (memset)
e:/nucleistudio_ide_202102-win64/nucleistudio/toolchain/gcc/bin/../lib/gcc/riscv-nuclei-elf/9.2.0/../../../../riscv-nuclei-elf/lib/rv32imac/ilp32\libg_nano.a(lib_a-printf.o)
                              ./nuclei_sdk/SoC/gd32vf103/Common/Source/Drivers/rtc.o (printf)
e:/nucleistudio_ide_202102-win64/nucleistudio/toolchain/gcc/bin/../lib/gcc/riscv-nuclei-elf/9.2.0/../../../../riscv-nuclei-elf/lib/rv32imac/ilp32\libg_nano.a(lib_a-puts.o)
                              ./nuclei_sdk/SoC/gd32vf103/Common/Source/Drivers/rtc.o (puts)
e:/nucleistudio_ide_202102-win64/nucleistudio/toolchain/gcc/bin/../lib/gcc/riscv-nuclei-elf/9.2.0/../../../../riscv-nuclei-elf/lib/rv32imac/ilp32\libg_nano.a(lib_a-reent.o)
                              ./nuclei_sdk/SoC/gd32vf103/Common/Source/Stubs/close.o (errno)
e:/nucleistudio_ide_202102-win64/nucleistudio/toolchain/gcc/bin/../lib/gcc/riscv-nuclei-elf/9.2.0/../../../../riscv-nuclei-elf/lib/rv32imac/ilp32\libg_nano.a(lib_a-sysisatty.o)
                              ./nuclei_sdk/SoC/gd32vf103/Common/Source/Stubs/write.o (isatty)
e:/nucleistudio_ide_202102-win64/nucleistudio/toolchain/gcc/bin/../lib/gcc/riscv-nuclei-elf/9.2.0/../../../../riscv-nuclei-elf/lib/rv32imac/ilp32\libg_nano.a(lib_a-wbuf.o)
                              e:/nucleistudio_ide_202102-win64/nucleistudio/toolchain/gcc/bin/../lib/gcc/riscv-nuclei-elf/9.2.0/../../../../riscv-nuclei-elf/lib/rv32imac/ilp32\libg_nano.a(lib_a-puts.o) (__swbuf_r)
e:/nucleistudio_ide_202102-win64/nucleistudio/toolchain/gcc/bin/../lib/gcc/riscv-nuclei-elf/9.2.0/../../../../riscv-nuclei-elf/lib/rv32imac/ilp32\libg_nano.a(lib_a-wsetup.o)
                              e:/nucleistudio_ide_202102-win64/nucleistudio/toolchain/gcc/bin/../lib/gcc/riscv-nuclei-elf/9.2.0/../../../../riscv-nuclei-elf/lib/rv32imac/ilp32\libg_nano.a(lib_a-puts.o) (__swsetup_r)
e:/nucleistudio_ide_202102-win64/nucleistudio/toolchain/gcc/bin/../lib/gcc/riscv-nuclei-elf/9.2.0/../../../../riscv-nuclei-elf/lib/rv32imac/ilp32\libg_nano.a(lib_a-__atexit.o)
                              e:/nucleistudio_ide_202102-win64/nucleistudio/toolchain/gcc/bin/../lib/gcc/riscv-nuclei-elf/9.2.0/../../../../riscv-nuclei-elf/lib/rv32imac/ilp32\libg_nano.a(lib_a-atexit.o) (__register_exitproc)
e:/nucleistudio_ide_202102-win64/nucleistudio/toolchain/gcc/bin/../lib/gcc/riscv-nuclei-elf/9.2.0/../../../../riscv-nuclei-elf/lib/rv32imac/ilp32\libg_nano.a(lib_a-__call_atexit.o)
                              e:/nucleistudio_ide_202102-win64/nucleistudio/toolchain/gcc/bin/../lib/gcc/riscv-nuclei-elf/9.2.0/../../../../riscv-nuclei-elf/lib/rv32imac/ilp32\libg_nano.a(lib_a-__atexit.o) (__call_exitprocs)
e:/nucleistudio_ide_202102-win64/nucleistudio/toolchain/gcc/bin/../lib/gcc/riscv-nuclei-elf/9.2.0/../../../../riscv-nuclei-elf/lib/rv32imac/ilp32\libg_nano.a(lib_a-fflush.o)
[...]
Memory Configuration

Name             Origin             Length             Attributes
flash            0x0000000008000000 0x0000000000020000 axrl !w
ram              0x0000000020000000 0x0000000000005000 axw !rl
*default*        0x0000000000000000 0xffffffffffffffff

Linker script and memory map

LOAD ./nuclei_sdk/SoC/gd32vf103/Common/Source/Stubs/clock_getres.o
LOAD ./nuclei_sdk/SoC/gd32vf103/Common/Source/Stubs/clock_gettime.o
LOAD ./nuclei_sdk/SoC/gd32vf103/Common/Source/Stubs/clock_settime.o
LOAD ./nuclei_sdk/SoC/gd32vf103/Common/Source/Stubs/close.o
LOAD ./nuclei_sdk/SoC/gd32vf103/Common/Source/Stubs/execve.o
LOAD ./nuclei_sdk/SoC/gd32vf103/Common/Source/Stubs/exit.o
LOAD ./nuclei_sdk/SoC/gd32vf103/Common/Source/Stubs/fork.o
LOAD ./nuclei_sdk/SoC/gd32vf103/Common/Source/Stubs/fstat.o
LOAD ./nuclei_sdk/SoC/gd32vf103/Common/Source/Stubs/getpid.o
LOAD ./nuclei_sdk/SoC/gd32vf103/Common/Source/Stubs/gettimeofday.o
LOAD ./nuclei_sdk/SoC/gd32vf103/Common/Source/Stubs/isatty.o
LOAD ./nuclei_sdk/SoC/gd32vf103/Common/Source/Stubs/kill.o
LOAD ./nuclei_sdk/SoC/gd32vf103/Common/Source/Stubs/link.o
LOAD ./nuclei_sdk/SoC/gd32vf103/Common/Source/Stubs/lseek.o
LOAD ./nuclei_sdk/SoC/gd32vf103/Common/Source/Stubs/open.o
LOAD ./nuclei_sdk/SoC/gd32vf103/Common/Source/Stubs/read.o
LOAD ./nuclei_sdk/SoC/gd32vf103/Common/Source/Stubs/sbrk.o
LOAD ./nuclei_sdk/SoC/gd32vf103/Common/Source/Stubs/stat.o
LOAD ./nuclei_sdk/SoC/gd32vf103/Common/Source/Stubs/times.o
LOAD ./nuclei_sdk/SoC/gd32vf103/Common/Source/Stubs/unlink.o
LOAD ./nuclei_sdk/SoC/gd32vf103/Common/Source/Stubs/wait.o
LOAD ./nuclei_sdk/SoC/gd32vf103/Common/Source/Stubs/write.o
LOAD ./nuclei_sdk/SoC/gd32vf103/Common/Source/GCC/intexc_gd32vf103.o
LOAD ./nuclei_sdk/SoC/gd32vf103/Common/Source/GCC/startup_gd32vf103.o
LOAD ./nuclei_sdk/SoC/gd32vf103/Common/Source/Drivers/Usb/drv_usb_core.o
LOAD ./nuclei_sdk/SoC/gd32vf103/Common/Source/Drivers/Usb/drv_usb_dev.o
LOAD ./nuclei_sdk/SoC/gd32vf103/Common/Source/Drivers/Usb/drv_usb_host.o
LOAD ./nuclei_sdk/SoC/gd32vf103/Common/Source/Drivers/Usb/drv_usbd_int.o
LOAD ./nuclei_sdk/SoC/gd32vf103/Common/Source/Drivers/Usb/drv_usbh_int.o
LOAD ./nuclei_sdk/SoC/gd32vf103/Common/Source/Drivers/Usb/gd32vf103_usb_hw.o
LOAD ./nuclei_sdk/SoC/gd32vf103/Common/Source/Drivers/Usb/usbd_core.o
LOAD ./nuclei_sdk/SoC/gd32vf103/Common/Source/Drivers/Usb/usbd_enum.o
LOAD ./nuclei_sdk/SoC/gd32vf103/Common/Source/Drivers/Usb/usbd_transc.o
LOAD ./nuclei_sdk/SoC/gd32vf103/Common/Source/Drivers/Usb/usbh_core.o
LOAD ./nuclei_sdk/SoC/gd32vf103/Common/Source/Drivers/Usb/usbh_enum.o
LOAD ./nuclei_sdk/SoC/gd32vf103/Common/Source/Drivers/Usb/usbh_pipe.o
LOAD ./nuclei_sdk/SoC/gd32vf103/Common/Source/Drivers/Usb/usbh_transc.o
LOAD ./nuclei_sdk/SoC/gd32vf103/Common/Source/Drivers/gd32vf103_adc.o
LOAD ./nuclei_sdk/SoC/gd32vf103/Common/Source/Drivers/gd32vf103_bkp.o
LOAD ./nuclei_sdk/SoC/gd32vf103/Common/Source/Drivers/gd32vf103_can.o
LOAD ./nuclei_sdk/SoC/gd32vf103/Common/Source/Drivers/gd32vf103_crc.o
LOAD ./nuclei_sdk/SoC/gd32vf103/Common/Source/Drivers/gd32vf103_dac.o
LOAD ./nuclei_sdk/SoC/gd32vf103/Common/Source/Drivers/gd32vf103_dbg.o
LOAD ./nuclei_sdk/SoC/gd32vf103/Common/Source/Drivers/gd32vf103_dma.o
LOAD ./nuclei_sdk/SoC/gd32vf103/Common/Source/Drivers/gd32vf103_eclic.o
LOAD ./nuclei_sdk/SoC/gd32vf103/Common/Source/Drivers/gd32vf103_exmc.o
LOAD ./nuclei_sdk/SoC/gd32vf103/Common/Source/Drivers/gd32vf103_exti.o
LOAD ./nuclei_sdk/SoC/gd32vf103/Common/Source/Drivers/gd32vf103_fmc.o
LOAD ./nuclei_sdk/SoC/gd32vf103/Common/Source/Drivers/gd32vf103_fwdgt.o
LOAD ./nuclei_sdk/SoC/gd32vf103/Common/Source/Drivers/gd32vf103_gpio.o
LOAD ./nuclei_sdk/SoC/gd32vf103/Common/Source/Drivers/gd32vf103_i2c.o
LOAD ./nuclei_sdk/SoC/gd32vf103/Common/Source/Drivers/gd32vf103_pmu.o
LOAD ./nuclei_sdk/SoC/gd32vf103/Common/Source/Drivers/gd32vf103_rcu.o
LOAD ./nuclei_sdk/SoC/gd32vf103/Common/Source/Drivers/gd32vf103_rtc.o
LOAD ./nuclei_sdk/SoC/gd32vf103/Common/Source/Drivers/gd32vf103_spi.o
LOAD ./nuclei_sdk/SoC/gd32vf103/Common/Source/Drivers/gd32vf103_timer.o
LOAD ./nuclei_sdk/SoC/gd32vf103/Common/Source/Drivers/gd32vf103_usart.o
LOAD ./nuclei_sdk/SoC/gd32vf103/Common/Source/Drivers/gd32vf103_wwdgt.o
LOAD ./nuclei_sdk/SoC/gd32vf103/Common/Source/Drivers/rtc.o
LOAD ./nuclei_sdk/SoC/gd32vf103/Common/Source/gd32vf103_soc.o
LOAD ./nuclei_sdk/SoC/gd32vf103/Common/Source/system_gd32vf103.o
LOAD ./nuclei_sdk/SoC/gd32vf103/Common/Include/n200_func.o
LOAD ./nuclei_sdk/SoC/gd32vf103/Board/gd32vf103v_rvstar/Source/gd32vf103v_rvstar.o
LOAD ./application/i2c.o
LOAD ./application/main.o
LOAD ./application/mpu.o
LOAD D:\risc_studio\456\nuclei_sdk\NMSIS\Library\DSP\GCC\libnmsis_dsp_rv32imac.a
LOAD D:\risc_studio\456\nuclei_sdk\NMSIS\Library\NN\GCC\libnmsis_nn_rv32imac.a
LOAD e:/nucleistudio_ide_202102-win64/nucleistudio/toolchain/gcc/bin/../lib/gcc/riscv-nuclei-elf/9.2.0/../../../../riscv-nuclei-elf/lib/rv32imac/ilp32\libstdc++.a
LOAD e:/nucleistudio_ide_202102-win64/nucleistudio/toolchain/gcc/bin/../lib/gcc/riscv-nuclei-elf/9.2.0/../../../../riscv-nuclei-elf/lib/rv32imac/ilp32\libstdc++.a
LOAD e:/nucleistudio_ide_202102-win64/nucleistudio/toolchain/gcc/bin/../lib/gcc/riscv-nuclei-elf/9.2.0/../../../../riscv-nuclei-elf/lib/rv32imac/ilp32\libm.a
LOAD e:/nucleistudio_ide_202102-win64/nucleistudio/toolchain/gcc/bin/../lib/gcc/riscv-nuclei-elf/9.2.0/rv32imac/ilp32\libgcc.a
LOAD e:/nucleistudio_ide_202102-win64/nucleistudio/toolchain/gcc/bin/../lib/gcc/riscv-nuclei-elf/9.2.0/../../../../riscv-nuclei-elf/lib/rv32imac/ilp32\libg_nano.a
LOAD e:/nucleistudio_ide_202102-win64/nucleistudio/toolchain/gcc/bin/../lib/gcc/riscv-nuclei-elf/9.2.0/../../../../riscv-nuclei-elf/lib/rv32imac/ilp32\libc_nano.a
LOAD e:/nucleistudio_ide_202102-win64/nucleistudio/toolchain/gcc/bin/../lib/gcc/riscv-nuclei-elf/9.2.0/rv32imac/ilp32\libgcc.a
START GROUP
LOAD e:/nucleistudio_ide_202102-win64/nucleistudio/toolchain/gcc/bin/../lib/gcc/riscv-nuclei-elf/9.2.0/rv32imac/ilp32\libgcc.a
LOAD e:/nucleistudio_ide_202102-win64/nucleistudio/toolchain/gcc/bin/../lib/gcc/riscv-nuclei-elf/9.2.0/../../../../riscv-nuclei-elf/lib/rv32imac/ilp32\libc_nano.a
LOAD e:/nucleistudio_ide_202102-win64/nucleistudio/toolchain/gcc/bin/../lib/gcc/riscv-nuclei-elf/9.2.0/../../../../riscv-nuclei-elf/lib/rv32imac/ilp32\libnosys.a
END GROUP
START GROUP
LOAD e:/nucleistudio_ide_202102-win64/nucleistudio/toolchain/gcc/bin/../lib/gcc/riscv-nuclei-elf/9.2.0/rv32imac/ilp32\libgcc.a
LOAD e:/nucleistudio_ide_202102-win64/nucleistudio/toolchain/gcc/bin/../lib/gcc/riscv-nuclei-elf/9.2.0/../../../../riscv-nuclei-elf/lib/rv32imac/ilp32\libc_nano.a
LOAD e:/nucleistudio_ide_202102-win64/nucleistudio/toolchain/gcc/bin/../lib/gcc/riscv-nuclei-elf/9.2.0/../../../../riscv-nuclei-elf/lib/rv32imac/ilp32\libnosys.a
END GROUP
                0x0000000008000000                __ROM_BASE = 0x8000000
                0x0000000000020000                __ROM_SIZE = 0x20000
                0x0000000080000000                __ILM_RAM_BASE = 0x80000000
                0x0000000000010000                __ILM_RAM_SIZE = 0x10000
                0x0000000020000000                __RAM_BASE = 0x20000000
                0x0000000000005000                __RAM_SIZE = 0x5000
                0x0000000000000800                __STACK_SIZE = 0x800
                0x0000000000000800                __HEAP_SIZE = 0x800
                0x0000000000000800                __STACK_SIZE = DEFINED (__STACK_SIZE)?__STACK_SIZE:0x800

.init           0x0000000008000000      0x26e
 *(.vtable)
 .vtable        0x0000000008000000      0x15c ./nuclei_sdk/SoC/gd32vf103/Common/Source/GCC/startup_gd32vf103.o
                0x0000000008000000                vector_base
 *(SORT_NONE(.init))
 .init          0x000000000800015c      0x112 ./nuclei_sdk/SoC/gd32vf103/Common/Source/GCC/startup_gd32vf103.o
                0x000000000800015c                _start

.ilalign        0x000000000800026e        0x2
                0x0000000008000270                . = ALIGN (0x4)
 *fill*         0x000000000800026e        0x2 
                0x0000000008000270                PROVIDE (_ilm_lma = .)

.ialign         0x0000000008000270        0x0
                0x0000000008000270                PROVIDE (_ilm = .)

.text           0x0000000008000280     0x3bf0
 *(.text.unlikely .text.unlikely.*)
 *(.text.startup .text.startup.*)
 *(.text .text.*)
 .text._close   0x0000000008000280       0x1c ./nuclei_sdk/SoC/gd32vf103/Common/Source/Stubs/close.o
                0x0000000008000280                _close
 .text._fstat   0x000000000800029c       0x40 ./nuclei_sdk/SoC/gd32vf103/Common/Source/Stubs/fstat.o
                0x000000000800029c                _fstat
 .text._isatty  0x00000000080002dc       0x14 ./nuclei_sdk/SoC/gd32vf103/Common/Source/Stubs/isatty.o
                0x00000000080002dc                _isatty
 .text._lseek   0x00000000080002f0       0x1c ./nuclei_sdk/SoC/gd32vf103/Common/Source/Stubs/lseek.o
                0x00000000080002f0                _lseek
 .text._read    0x000000000800030c       0x46 ./nuclei_sdk/SoC/gd32vf103/Common/Source/Stubs/read.o
                0x000000000800030c                _read
 .text._sbrk    0x0000000008000352       0x78 ./nuclei_sdk/SoC/gd32vf103/Common/Source/Stubs/sbrk.o
                0x0000000008000352                _sbrk
 .text._write   0x00000000080003ca       0x8c ./nuclei_sdk/SoC/gd32vf103/Common/Source/Stubs/write.o
                0x00000000080003ca                _write
 *fill*         0x0000000008000456       0x2a 
 .text.trap     0x0000000008000480       0x7e ./nuclei_sdk/SoC/gd32vf103/Common/Source/GCC/intexc_gd32vf103.o
                0x0000000008000480                exc_entry
 *fill*         0x00000000080004fe        0x2 
 .text.irq      0x0000000008000500       0x76 ./nuclei_sdk/SoC/gd32vf103/Common/Source/GCC/intexc_gd32vf103.o
                0x0000000008000500                irq_entry
                0x0000000008000572                default_intexc_handler
 .text.exti_init
                0x0000000008000576      0x1ae ./nuclei_sdk/SoC/gd32vf103/Common/Source/Drivers/gd32vf103_exti.o
                0x0000000008000576                exti_init
 .text.exti_interrupt_flag_get
                0x0000000008000724       0x4c ./nuclei_sdk/SoC/gd32vf103/Common/Source/Drivers/gd32vf103_exti.o
                0x0000000008000724                exti_interrupt_flag_get
 .text.exti_interrupt_flag_clear
                0x0000000008000770       0x20 ./nuclei_sdk/SoC/gd32vf103/Common/Source/Drivers/gd32vf103_exti.o
                0x0000000008000770                exti_interrupt_flag_clear
 .text.gpio_init
                0x0000000008000790      0x1d4 ./nuclei_sdk/SoC/gd32vf103/Common/Source/Drivers/gd32vf103_gpio.o
                0x0000000008000790                gpio_init
 .text.gpio_input_bit_get
                0x0000000008000964       0x2c ./nuclei_sdk/SoC/gd32vf103/Common/Source/Drivers/gd32vf103_gpio.o
                0x0000000008000964                gpio_input_bit_get
 .text.gpio_exti_source_select
                0x0000000008000990      0x146 ./nuclei_sdk/SoC/gd32vf103/Common/Source/Drivers/gd32vf103_gpio.o
                0x0000000008000990                gpio_exti_source_select
 .text.rcu_periph_clock_enable
                0x0000000008000ad6       0x40 ./nuclei_sdk/SoC/gd32vf103/Common/Source/Drivers/gd32vf103_rcu.o
                0x0000000008000ad6                rcu_periph_clock_enable
 .text.rcu_periph_reset_enable
                0x0000000008000b16       0x40 ./nuclei_sdk/SoC/gd32vf103/Common/Source/Drivers/gd32vf103_rcu.o
                0x0000000008000b16                rcu_periph_reset_enable
 .text.rcu_periph_reset_disable
                0x0000000008000b56       0x44 ./nuclei_sdk/SoC/gd32vf103/Common/Source/Drivers/gd32vf103_rcu.o
                0x0000000008000b56                rcu_periph_reset_disable
 .text.rcu_clock_freq_get
                0x0000000008000b9a      0x2fa ./nuclei_sdk/SoC/gd32vf103/Common/Source/Drivers/gd32vf103_rcu.o
                0x0000000008000b9a                rcu_clock_freq_get
 .text.timer_deinit
                0x0000000008000e94      0x130 ./nuclei_sdk/SoC/gd32vf103/Common/Source/Drivers/gd32vf103_timer.o
                0x0000000008000e94                timer_deinit
 .text.timer_struct_para_init
                0x0000000008000fc4       0x44 ./nuclei_sdk/SoC/gd32vf103/Common/Source/Drivers/gd32vf103_timer.o
                0x0000000008000fc4                timer_struct_para_init
 .text.timer_init
                0x0000000008001008      0x170 ./nuclei_sdk/SoC/gd32vf103/Common/Source/Drivers/gd32vf103_timer.o
                0x0000000008001008                timer_init
 .text.timer_enable
                0x0000000008001178       0x22 ./nuclei_sdk/SoC/gd32vf103/Common/Source/Drivers/gd32vf103_timer.o
                0x0000000008001178                timer_enable
 .text.timer_update_source_config
                0x000000000800119a       0x46 ./nuclei_sdk/SoC/gd32vf103/Common/Source/Drivers/gd32vf103_timer.o
                0x000000000800119a                timer_update_source_config
 .text.timer_interrupt_enable
                0x00000000080011e0       0x2e ./nuclei_sdk/SoC/gd32vf103/Common/Source/Drivers/gd32vf103_timer.o
                0x00000000080011e0                timer_interrupt_enable
 .text.timer_interrupt_flag_get
                0x000000000800120e       0x44 ./nuclei_sdk/SoC/gd32vf103/Common/Source/Drivers/gd32vf103_timer.o
                0x000000000800120e                timer_interrupt_flag_get
 .text.timer_interrupt_flag_clear
                0x0000000008001252       0x28 ./nuclei_sdk/SoC/gd32vf103/Common/Source/Drivers/gd32vf103_timer.o
                0x0000000008001252                timer_interrupt_flag_clear
 .text.usart_deinit
                0x000000000800127a       0xec ./nuclei_sdk/SoC/gd32vf103/Common/Source/Drivers/gd32vf103_usart.o
                0x000000000800127a                usart_deinit
 .text.usart_baudrate_set
                0x0000000008001366      0x12e ./nuclei_sdk/SoC/gd32vf103/Common/Source/Drivers/gd32vf103_usart.o
                0x0000000008001366                usart_baudrate_set
 .text.usart_parity_config
                0x0000000008001494       0x42 ./nuclei_sdk/SoC/gd32vf103/Common/Source/Drivers/gd32vf103_usart.o
                0x0000000008001494                usart_parity_config
 .text.usart_word_length_set
                0x00000000080014d6       0x46 ./nuclei_sdk/SoC/gd32vf103/Common/Source/Drivers/gd32vf103_usart.o
                0x00000000080014d6                usart_word_length_set
 .text.usart_stop_bit_set
                0x000000000800151c       0x46 ./nuclei_sdk/SoC/gd32vf103/Common/Source/Drivers/gd32vf103_usart.o
                0x000000000800151c                usart_stop_bit_set
 .text.usart_enable
                0x0000000008001562       0x28 ./nuclei_sdk/SoC/gd32vf103/Common/Source/Drivers/gd32vf103_usart.o
                0x0000000008001562                usart_enable
 .text.usart_transmit_config
                0x000000000800158a       0x4c ./nuclei_sdk/SoC/gd32vf103/Common/Source/Drivers/gd32vf103_usart.o
                0x000000000800158a                usart_transmit_config
 .text.usart_receive_config
                0x00000000080015d6       0x4c ./nuclei_sdk/SoC/gd32vf103/Common/Source/Drivers/gd32vf103_usart.o
                0x00000000080015d6                usart_receive_config
 .text.usart_data_transmit
                0x0000000008001622       0x28 ./nuclei_sdk/SoC/gd32vf103/Common/Source/Drivers/gd32vf103_usart.o
                0x0000000008001622                usart_data_transmit
 .text.usart_data_receive
                0x000000000800164a       0x26 ./nuclei_sdk/SoC/gd32vf103/Common/Source/Drivers/gd32vf103_usart.o
                0x000000000800164a                usart_data_receive
 .text.usart_hardware_flow_rts_config
                0x0000000008001670       0x4e ./nuclei_sdk/SoC/gd32vf103/Common/Source/Drivers/gd32vf103_usart.o
                0x0000000008001670                usart_hardware_flow_rts_config
 .text.usart_hardware_flow_cts_config
                0x00000000080016be       0x4e ./nuclei_sdk/SoC/gd32vf103/Common/Source/Drivers/gd32vf103_usart.o
                0x00000000080016be                usart_hardware_flow_cts_config
 .text.usart_flag_get
                0x000000000800170c       0x3c ./nuclei_sdk/SoC/gd32vf103/Common/Source/Drivers/gd32vf103_usart.o
                0x000000000800170c                usart_flag_get
 .text.usart_write
                0x0000000008001748       0x3c ./nuclei_sdk/SoC/gd32vf103/Common/Source/Drivers/gd32vf103_usart.o
                0x0000000008001748                usart_write
 .text.usart_read
                0x0000000008001784       0x30 ./nuclei_sdk/SoC/gd32vf103/Common/Source/Drivers/gd32vf103_usart.o
                0x0000000008001784                usart_read
 .text.get_timer_freq
                0x00000000080017b4       0x1a ./nuclei_sdk/SoC/gd32vf103/Common/Source/gd32vf103_soc.o
 .text.measure_cpu_freq
                0x00000000080017ce       0xb6 ./nuclei_sdk/SoC/gd32vf103/Common/Source/gd32vf103_soc.o
                0x00000000080017ce                measure_cpu_freq
 .text.get_cpu_freq
                0x0000000008001884       0x24 ./nuclei_sdk/SoC/gd32vf103/Common/Source/gd32vf103_soc.o
                0x0000000008001884                get_cpu_freq
 .text.delay_1ms
                0x00000000080018a8       0xc4 ./nuclei_sdk/SoC/gd32vf103/Common/Source/gd32vf103_soc.o
                0x00000000080018a8                delay_1ms
 .text.system_clock_108m_hxtal
                0x000000000800196c      0x198 ./nuclei_sdk/SoC/gd32vf103/Common/Source/system_gd32vf103.o
 .text.system_clock_config
                0x0000000008001b04       0x14 ./nuclei_sdk/SoC/gd32vf103/Common/Source/system_gd32vf103.o
 .text.SystemInit
                0x0000000008001b18       0xa8 ./nuclei_sdk/SoC/gd32vf103/Common/Source/system_gd32vf103.o
                0x0000000008001b18                SystemInit
 .text.system_default_exception_handler
                0x0000000008001bc0       0x4e ./nuclei_sdk/SoC/gd32vf103/Common/Source/system_gd32vf103.o
 .text.Exception_Init
                0x0000000008001c0e       0x44 ./nuclei_sdk/SoC/gd32vf103/Common/Source/system_gd32vf103.o
 .text.core_exception_handler
                0x0000000008001c52       0x88 ./nuclei_sdk/SoC/gd32vf103/Common/Source/system_gd32vf103.o
                0x0000000008001c52                core_exception_handler
 .text.SystemBannerPrint
                0x0000000008001cda       0x78 ./nuclei_sdk/SoC/gd32vf103/Common/Source/system_gd32vf103.o
                0x0000000008001cda                SystemBannerPrint
 .text.ECLIC_Init
                0x0000000008001d52       0x80 ./nuclei_sdk/SoC/gd32vf103/Common/Source/system_gd32vf103.o
                0x0000000008001d52                ECLIC_Init
 .text.ECLIC_Register_IRQ
                0x0000000008001dd2      0x3ec ./nuclei_sdk/SoC/gd32vf103/Common/Source/system_gd32vf103.o
                0x0000000008001dd2                ECLIC_Register_IRQ
 .text._premain_init
                0x00000000080021be       0x2e ./nuclei_sdk/SoC/gd32vf103/Common/Source/system_gd32vf103.o
                0x00000000080021be                _premain_init
 .text._postmain_fini
                0x00000000080021ec       0x12 ./nuclei_sdk/SoC/gd32vf103/Common/Source/system_gd32vf103.o
                0x00000000080021ec                _postmain_fini
 .text._init    0x00000000080021fe        0xe ./nuclei_sdk/SoC/gd32vf103/Common/Source/system_gd32vf103.o
                0x00000000080021fe                _init
 .text._fini    0x000000000800220c        0xe ./nuclei_sdk/SoC/gd32vf103/Common/Source/system_gd32vf103.o
                0x000000000800220c                _fini
 .text.gd_led_init
                0x000000000800221a       0x86 ./nuclei_sdk/SoC/gd32vf103/Board/gd32vf103v_rvstar/Source/gd32vf103v_rvstar.o
                0x000000000800221a                gd_led_init
 .text.gd_led_on
                0x00000000080022a0       0x3c ./nuclei_sdk/SoC/gd32vf103/Board/gd32vf103v_rvstar/Source/gd32vf103v_rvstar.o
                0x00000000080022a0                gd_led_on
 .text.gd_led_off
                0x00000000080022dc       0x3c ./nuclei_sdk/SoC/gd32vf103/Board/gd32vf103v_rvstar/Source/gd32vf103v_rvstar.o
                0x00000000080022dc                gd_led_off
 .text.gd_key_init
                0x0000000008002318      0x2bc ./nuclei_sdk/SoC/gd32vf103/Board/gd32vf103v_rvstar/Source/gd32vf103v_rvstar.o
                0x0000000008002318                gd_key_init
 .text.gd_key_state_get
                0x00000000080025d4       0x2e ./nuclei_sdk/SoC/gd32vf103/Board/gd32vf103v_rvstar/Source/gd32vf103v_rvstar.o
                0x00000000080025d4                gd_key_state_get
 .text.gd_com_init
                0x0000000008002602       0xb2 ./nuclei_sdk/SoC/gd32vf103/Board/gd32vf103v_rvstar/Source/gd32vf103v_rvstar.o
                0x0000000008002602                gd_com_init
 .text.main     0x00000000080026b4       0x7c ./application/main.o
                0x00000000080026b4                main
 .text.soc_timer_config
                0x0000000008002730       0x6e ./application/main.o
                0x0000000008002730                soc_timer_config
 .text.user_key_exti_config
                0x000000000800279e       0x32 ./application/main.o
                0x000000000800279e                user_key_exti_config
 .text.EXTI0_IRQHandler
                0x00000000080027d0       0x42 ./application/main.o
                0x00000000080027d0                EXTI0_IRQHandler
 .text.TIMER1_IRQHandler
                0x0000000008002812       0x5c ./application/main.o
                0x0000000008002812                TIMER1_IRQHandler
 .text          0x000000000800286e      0x364 e:/nucleistudio_ide_202102-win64/nucleistudio/toolchain/gcc/bin/../lib/gcc/riscv-nuclei-elf/9.2.0/rv32imac/ilp32\libgcc.a(_udivdi3.o)
                0x000000000800286e                __udivdi3
 .text.atexit   0x0000000008002bd2        0xa e:/nucleistudio_ide_202102-win64/nucleistudio/toolchain/gcc/bin/../lib/gcc/riscv-nuclei-elf/9.2.0/../../../../riscv-nuclei-elf/lib/rv32imac/ilp32\libg_nano.a(lib_a-atexit.o)
                0x0000000008002bd2                atexit
 .text.__libc_fini_array
                0x0000000008002bdc       0x3a e:/nucleistudio_ide_202102-win64/nucleistudio/toolchain/gcc/bin/../lib/gcc/riscv-nuclei-elf/9.2.0/../../../../riscv-nuclei-elf/lib/rv32imac/ilp32\libg_nano.a(lib_a-fini.o)
                0x0000000008002bdc                __libc_fini_array
 .text.__libc_init_array
                0x0000000008002c16       0x6e e:/nucleistudio_ide_202102-win64/nucleistudio/toolchain/gcc/bin/../lib/gcc/riscv-nuclei-elf/9.2.0/../../../../riscv-nuclei-elf/lib/rv32imac/ilp32\libg_nano.a(lib_a-init.o)
                0x0000000008002c16                __libc_init_array
 .text          0x0000000008002c84       0xa8 e:/nucleistudio_ide_202102-win64/nucleistudio/toolchain/gcc/bin/../lib/gcc/riscv-nuclei-elf/9.2.0/../../../../riscv-nuclei-elf/lib/rv32imac/ilp32\libg_nano.a(lib_a-memset.o)
                0x0000000008002c84                memset
 .text.printf   0x0000000008002d2c       0x3a e:/nucleistudio_ide_202102-win64/nucleistudio/toolchain/gcc/bin/../lib/gcc/riscv-nuclei-elf/9.2.0/../../../../riscv-nuclei-elf/lib/rv32imac/ilp32\libg_nano.a(lib_a-printf.o)
                0x0000000008002d2c                iprintf
                0x0000000008002d2c                printf
 .text.isatty   0x0000000008002d66        0x4 e:/nucleistudio_ide_202102-win64/nucleistudio/toolchain/gcc/bin/../lib/gcc/riscv-nuclei-elf/9.2.0/../../../../riscv-nuclei-elf/lib/rv32imac/ilp32\libg_nano.a(lib_a-sysisatty.o)
                0x0000000008002d66                isatty
 .text.__swbuf_r
                0x0000000008002d6a       0xc0 e:/nucleistudio_ide_202102-win64/nucleistudio/toolchain/gcc/bin/../lib/gcc/riscv-nuclei-elf/9.2.0/../../../../riscv-nuclei-elf/lib/rv32imac/ilp32\libg_nano.a(lib_a-wbuf.o)
                0x0000000008002d6a                __swbuf_r
 .text.__swsetup_r
                0x0000000008002e2a      0x106 e:/nucleistudio_ide_202102-win64/nucleistudio/toolchain/gcc/bin/../lib/gcc/riscv-nuclei-elf/9.2.0/../../../../riscv-nuclei-elf/lib/rv32imac/ilp32\libg_nano.a(lib_a-wsetup.o)
                0x0000000008002e2a                __swsetup_r
 .text.__register_exitproc
                0x0000000008002f30       0x7c e:/nucleistudio_ide_202102-win64/nucleistudio/toolchain/gcc/bin/../lib/gcc/riscv-nuclei-elf/9.2.0/../../../../riscv-nuclei-elf/lib/rv32imac/ilp32\libg_nano.a(lib_a-__atexit.o)
                0x0000000008002f30                __register_exitproc
 .text.__sflush_r
                0x0000000008002fac      0x14a e:/nucleistudio_ide_202102-win64/nucleistudio/toolchain/gcc/bin/../lib/gcc/riscv-nuclei-elf/9.2.0/../../../../riscv-nuclei-elf/lib/rv32imac/ilp32\libg_nano.a(lib_a-fflush.o)
                0x0000000008002fac                __sflush_r
 .text._fflush_r
                0x00000000080030f6       0x64 e:/nucleistudio_ide_202102-win64/nucleistudio/toolchain/gcc/bin/../lib/gcc/riscv-nuclei-elf/9.2.0/../../../../riscv-nuclei-elf/lib/rv32imac/ilp32\libg_nano.a(lib_a-fflush.o)
                0x00000000080030f6                _fflush_r
 .text.std      0x000000000800315a       0x68 e:/nucleistudio_ide_202102-win64/nucleistudio/toolchain/gcc/bin/../lib/gcc/riscv-nuclei-elf/9.2.0/../../../../riscv-nuclei-elf/lib/rv32imac/ilp32\libg_nano.a(lib_a-findfp.o)
 .text._cleanup_r
                0x00000000080031c2        0xa e:/nucleistudio_ide_202102-win64/nucleistudio/toolchain/gcc/bin/../lib/gcc/riscv-nuclei-elf/9.2.0/../../../../riscv-nuclei-elf/lib/rv32imac/ilp32\libg_nano.a(lib_a-findfp.o)
                0x00000000080031c2                _cleanup_r
 .text.__sfmoreglue
                0x00000000080031cc       0x44 e:/nucleistudio_ide_202102-win64/nucleistudio/toolchain/gcc/bin/../lib/gcc/riscv-nuclei-elf/9.2.0/../../../../riscv-nuclei-elf/lib/rv32imac/ilp32\libg_nano.a(lib_a-findfp.o)
                0x00000000080031cc                __sfmoreglue
 .text.__sinit  0x0000000008003210       0x66 e:/nucleistudio_ide_202102-win64/nucleistudio/toolchain/gcc/bin/../lib/gcc/riscv-nuclei-elf/9.2.0/../../../../riscv-nuclei-elf/lib/rv32imac/ilp32\libg_nano.a(lib_a-findfp.o)
                0x0000000008003210                __sinit
 .text.__sfp    0x0000000008003276       0x9a e:/nucleistudio_ide_202102-win64/nucleistudio/toolchain/gcc/bin/../lib/gcc/riscv-nuclei-elf/9.2.0/../../../../riscv-nuclei-elf/lib/rv32imac/ilp32\libg_nano.a(lib_a-findfp.o)
                0x0000000008003276                __sfp
 .text._fwalk_reent
                0x0000000008003310       0x6a e:/nucleistudio_ide_202102-win64/nucleistudio/toolchain/gcc/bin/../lib/gcc/riscv-nuclei-elf/9.2.0/../../../../riscv-nuclei-elf/lib/rv32imac/ilp32\libg_nano.a(lib_a-fwalk.o)
                0x0000000008003310                _fwalk_reent
 .text.__swhatbuf_r
                0x000000000800337a       0x5a e:/nucleistudio_ide_202102-win64/nucleistudio/toolchain/gcc/bin/../lib/gcc/riscv-nuclei-elf/9.2.0/../../../../riscv-nuclei-elf/lib/rv32imac/ilp32\libg_nano.a(lib_a-makebuf.o)
                0x000000000800337a                __swhatbuf_r
 .text.__smakebuf_r
                0x00000000080033d4       0x9c e:/nucleistudio_ide_202102-win64/nucleistudio/toolchain/gcc/bin/../lib/gcc/riscv-nuclei-elf/9.2.0/../../../../riscv-nuclei-elf/lib/rv32imac/ilp32\libg_nano.a(lib_a-makebuf.o)
                0x00000000080033d4                __smakebuf_r
 .text._free_r  0x0000000008003470       0xa6 e:/nucleistudio_ide_202102-win64/nucleistudio/toolchain/gcc/bin/../lib/gcc/riscv-nuclei-elf/9.2.0/../../../../riscv-nuclei-elf/lib/rv32imac/ilp32\libg_nano.a(lib_a-nano-freer.o)
                0x0000000008003470                _free_r
 .text._malloc_r
                0x0000000008003516       0xda e:/nucleistudio_ide_202102-win64/nucleistudio/toolchain/gcc/bin/../lib/gcc/riscv-nuclei-elf/9.2.0/../../../../riscv-nuclei-elf/lib/rv32imac/ilp32\libg_nano.a(lib_a-nano-mallocr.o)
                0x0000000008003516                _malloc_r
 .text.__sfputc_r
                0x00000000080035f0       0x2a e:/nucleistudio_ide_202102-win64/nucleistudio/toolchain/gcc/bin/../lib/gcc/riscv-nuclei-elf/9.2.0/../../../../riscv-nuclei-elf/lib/rv32imac/ilp32\libg_nano.a(lib_a-nano-vfprintf.o)
 .text.__sfputs_r
                0x000000000800361a       0x42 e:/nucleistudio_ide_202102-win64/nucleistudio/toolchain/gcc/bin/../lib/gcc/riscv-nuclei-elf/9.2.0/../../../../riscv-nuclei-elf/lib/rv32imac/ilp32\libg_nano.a(lib_a-nano-vfprintf.o)
                0x000000000800361a                __sfputs_r
 .text._vfprintf_r
                0x000000000800365c      0x298 e:/nucleistudio_ide_202102-win64/nucleistudio/toolchain/gcc/bin/../lib/gcc/riscv-nuclei-elf/9.2.0/../../../../riscv-nuclei-elf/lib/rv32imac/ilp32\libg_nano.a(lib_a-nano-vfprintf.o)
                0x000000000800365c                _vfprintf_r
                0x000000000800365c                _vfiprintf_r
 .text._sbrk_r  0x00000000080038f4       0x28 e:/nucleistudio_ide_202102-win64/nucleistudio/toolchain/gcc/bin/../lib/gcc/riscv-nuclei-elf/9.2.0/../../../../riscv-nuclei-elf/lib/rv32imac/ilp32\libg_nano.a(lib_a-sbrkr.o)
                0x00000000080038f4                _sbrk_r
 .text.__sread  0x000000000800391c       0x30 e:/nucleistudio_ide_202102-win64/nucleistudio/toolchain/gcc/bin/../lib/gcc/riscv-nuclei-elf/9.2.0/../../../../riscv-nuclei-elf/lib/rv32imac/ilp32\libg_nano.a(lib_a-stdio.o)
                0x000000000800391c                __sread
 .text.__swrite
                0x000000000800394c       0x4e e:/nucleistudio_ide_202102-win64/nucleistudio/toolchain/gcc/bin/../lib/gcc/riscv-nuclei-elf/9.2.0/../../../../riscv-nuclei-elf/lib/rv32imac/ilp32\libg_nano.a(lib_a-stdio.o)
                0x000000000800394c                __swrite
 .text.__sseek  0x000000000800399a       0x36 e:/nucleistudio_ide_202102-win64/nucleistudio/toolchain/gcc/bin/../lib/gcc/riscv-nuclei-elf/9.2.0/../../../../riscv-nuclei-elf/lib/rv32imac/ilp32\libg_nano.a(lib_a-stdio.o)
                0x000000000800399a                __sseek
 .text.__sclose
                0x00000000080039d0        0x6 e:/nucleistudio_ide_202102-win64/nucleistudio/toolchain/gcc/bin/../lib/gcc/riscv-nuclei-elf/9.2.0/../../../../riscv-nuclei-elf/lib/rv32imac/ilp32\libg_nano.a(lib_a-stdio.o)
                0x00000000080039d0                __sclose
 .text._write_r
                0x00000000080039d6       0x2c e:/nucleistudio_ide_202102-win64/nucleistudio/toolchain/gcc/bin/../lib/gcc/riscv-nuclei-elf/9.2.0/../../../../riscv-nuclei-elf/lib/rv32imac/ilp32\libg_nano.a(lib_a-writer.o)
                0x00000000080039d6                _write_r
 .text._close_r
                0x0000000008003a02       0x28 e:/nucleistudio_ide_202102-win64/nucleistudio/toolchain/gcc/bin/../lib/gcc/riscv-nuclei-elf/9.2.0/../../../../riscv-nuclei-elf/lib/rv32imac/ilp32\libg_nano.a(lib_a-closer.o)
                0x0000000008003a02                _close_r
 .text._fstat_r
                0x0000000008003a2a       0x2a e:/nucleistudio_ide_202102-win64/nucleistudio/toolchain/gcc/bin/../lib/gcc/riscv-nuclei-elf/9.2.0/../../../../riscv-nuclei-elf/lib/rv32imac/ilp32\libg_nano.a(lib_a-fstatr.o)
                0x0000000008003a2a                _fstat_r
 .text._isatty_r
                0x0000000008003a54       0x28 e:/nucleistudio_ide_202102-win64/nucleistudio/toolchain/gcc/bin/../lib/gcc/riscv-nuclei-elf/9.2.0/../../../../riscv-nuclei-elf/lib/rv32imac/ilp32\libg_nano.a(lib_a-isattyr.o)
                0x0000000008003a54                _isatty_r
 .text._lseek_r
                0x0000000008003a7c       0x2c e:/nucleistudio_ide_202102-win64/nucleistudio/toolchain/gcc/bin/../lib/gcc/riscv-nuclei-elf/9.2.0/../../../../riscv-nuclei-elf/lib/rv32imac/ilp32\libg_nano.a(lib_a-lseekr.o)
                0x0000000008003a7c                _lseek_r
 .text.memchr   0x0000000008003aa8       0x1a e:/nucleistudio_ide_202102-win64/nucleistudio/toolchain/gcc/bin/../lib/gcc/riscv-nuclei-elf/9.2.0/../../../../riscv-nuclei-elf/lib/rv32imac/ilp32\libg_nano.a(lib_a-memchr.o)
                0x0000000008003aa8                memchr
 .text.__malloc_lock
                0x0000000008003ac2        0x2 e:/nucleistudio_ide_202102-win64/nucleistudio/toolchain/gcc/bin/../lib/gcc/riscv-nuclei-elf/9.2.0/../../../../riscv-nuclei-elf/lib/rv32imac/ilp32\libg_nano.a(lib_a-mlock.o)
                0x0000000008003ac2                __malloc_lock
 .text.__malloc_unlock
                0x0000000008003ac4        0x2 e:/nucleistudio_ide_202102-win64/nucleistudio/toolchain/gcc/bin/../lib/gcc/riscv-nuclei-elf/9.2.0/../../../../riscv-nuclei-elf/lib/rv32imac/ilp32\libg_nano.a(lib_a-mlock.o)
                0x0000000008003ac4                __malloc_unlock
 .text._printf_common
                0x0000000008003ac6      0x10c e:/nucleistudio_ide_202102-win64/nucleistudio/toolchain/gcc/bin/../lib/gcc/riscv-nuclei-elf/9.2.0/../../../../riscv-nuclei-elf/lib/rv32imac/ilp32\libg_nano.a(lib_a-nano-vfprintf_i.o)
                0x0000000008003ac6                _printf_common
 .text._printf_i
                0x0000000008003bd2      0x272 e:/nucleistudio_ide_202102-win64/nucleistudio/toolchain/gcc/bin/../lib/gcc/riscv-nuclei-elf/9.2.0/../../../../riscv-nuclei-elf/lib/rv32imac/ilp32\libg_nano.a(lib_a-nano-vfprintf_i.o)
                0x0000000008003bd2                _printf_i
 .text._read_r  0x0000000008003e44       0x2c e:/nucleistudio_ide_202102-win64/nucleistudio/toolchain/gcc/bin/../lib/gcc/riscv-nuclei-elf/9.2.0/../../../../riscv-nuclei-elf/lib/rv32imac/ilp32\libg_nano.a(lib_a-readr.o)
                0x0000000008003e44                _read_r
 *(.gnu.linkonce.t.*)

.rodata         0x0000000008003e70      0x2e8
                0x0000000008003e70                . = ALIGN (0x4)
 *(.rdata)
 *(.rodata .rodata.*)
 .rodata        0x0000000008003e70       0x10 ./nuclei_sdk/SoC/gd32vf103/Common/Source/Drivers/gd32vf103_rcu.o
 .rodata        0x0000000008003e80       0xc0 ./nuclei_sdk/SoC/gd32vf103/Common/Source/system_gd32vf103.o
 .rodata.GPIO_PORT
                0x0000000008003f40        0xc ./nuclei_sdk/SoC/gd32vf103/Board/gd32vf103v_rvstar/Source/gd32vf103v_rvstar.o
 .rodata.GPIO_PIN
                0x0000000008003f4c        0xc ./nuclei_sdk/SoC/gd32vf103/Board/gd32vf103v_rvstar/Source/gd32vf103v_rvstar.o
 .rodata.GPIO_CLK
                0x0000000008003f58        0xc ./nuclei_sdk/SoC/gd32vf103/Board/gd32vf103v_rvstar/Source/gd32vf103v_rvstar.o
 .rodata        0x0000000008003f64      0x100 e:/nucleistudio_ide_202102-win64/nucleistudio/toolchain/gcc/bin/../lib/gcc/riscv-nuclei-elf/9.2.0/rv32imac/ilp32\libgcc.a(_clz.o)
                0x0000000008003f64                __clz_tab
 .rodata.__sf_fake_stderr
                0x0000000008004064       0x20 e:/nucleistudio_ide_202102-win64/nucleistudio/toolchain/gcc/bin/../lib/gcc/riscv-nuclei-elf/9.2.0/../../../../riscv-nuclei-elf/lib/rv32imac/ilp32\libg_nano.a(lib_a-findfp.o)
                0x0000000008004064                __sf_fake_stderr
 .rodata.__sf_fake_stdin
                0x0000000008004084       0x20 e:/nucleistudio_ide_202102-win64/nucleistudio/toolchain/gcc/bin/../lib/gcc/riscv-nuclei-elf/9.2.0/../../../../riscv-nuclei-elf/lib/rv32imac/ilp32\libg_nano.a(lib_a-findfp.o)
                0x0000000008004084                __sf_fake_stdin
 .rodata.__sf_fake_stdout
                0x00000000080040a4       0x20 e:/nucleistudio_ide_202102-win64/nucleistudio/toolchain/gcc/bin/../lib/gcc/riscv-nuclei-elf/9.2.0/../../../../riscv-nuclei-elf/lib/rv32imac/ilp32\libg_nano.a(lib_a-findfp.o)
                0x00000000080040a4                __sf_fake_stdout
 .rodata._vfprintf_r.str1.4
                0x00000000080040c4       0x13 e:/nucleistudio_ide_202102-win64/nucleistudio/toolchain/gcc/bin/../lib/gcc/riscv-nuclei-elf/9.2.0/../../../../riscv-nuclei-elf/lib/rv32imac/ilp32\libg_nano.a(lib_a-nano-vfprintf.o)
 *fill*         0x00000000080040d7        0x1 
 .rodata._printf_i.str1.4
                0x00000000080040d8       0x28 e:/nucleistudio_ide_202102-win64/nucleistudio/toolchain/gcc/bin/../lib/gcc/riscv-nuclei-elf/9.2.0/../../../../riscv-nuclei-elf/lib/rv32imac/ilp32\libg_nano.a(lib_a-nano-vfprintf_i.o)
                                         0x25 (size before relaxing)
 .rodata._printf_i
                0x0000000008004100       0x58 e:/nucleistudio_ide_202102-win64/nucleistudio/toolchain/gcc/bin/../lib/gcc/riscv-nuclei-elf/9.2.0/../../../../riscv-nuclei-elf/lib/rv32imac/ilp32\libg_nano.a(lib_a-nano-vfprintf_i.o)
                0x0000000008004158                . = ALIGN (0x4)
                0x0000000008004158                __rt_init_start = .
 *(SORT_BY_NAME(.rti_fn*))
                0x0000000008004158                __rt_init_end = .
                0x0000000008004158                . = ALIGN (0x4)
                0x0000000008004158                __fsymtab_start = .
 *(FSymTab)
                0x0000000008004158                __fsymtab_end = .
                0x0000000008004158                . = ALIGN (0x4)
                0x0000000008004158                __vsymtab_start = .
 *(VSymTab)
                0x0000000008004158                __vsymtab_end = .
 *(.gnu.linkonce.r.*)
                0x0000000008004158                . = ALIGN (0x8)
 *fill*         0x0000000008004158        0x0 
 *(.srodata.cst16)
 *(.srodata.cst8)
 *(.srodata.cst4)
 *(.srodata.cst2)
 *(.srodata .srodata.*)

.rela.dyn       0x0000000008004158        0x0
 .rela.text._close
                0x0000000008004158        0x0 ./nuclei_sdk/SoC/gd32vf103/Common/Source/Stubs/close.o
 .rela.text._fstat
                0x0000000008004158        0x0 ./nuclei_sdk/SoC/gd32vf103/Common/Source/Stubs/close.o
 .rela.sdata.curbrk.4582
                0x0000000008004158        0x0 ./nuclei_sdk/SoC/gd32vf103/Common/Source/Stubs/close.o
 .rela.text._sbrk
                0x0000000008004158        0x0 ./nuclei_sdk/SoC/gd32vf103/Common/Source/Stubs/close.o
 .rela.init     0x0000000008004158        0x0 ./nuclei_sdk/SoC/gd32vf103/Common/Source/Stubs/close.o
 .rela.text.__libc_fini_array
                0x0000000008004158        0x0 ./nuclei_sdk/SoC/gd32vf103/Common/Source/Stubs/close.o
 .rela.text.__libc_init_array
                0x0000000008004158        0x0 ./nuclei_sdk/SoC/gd32vf103/Common/Source/Stubs/close.o
 .rela.text.isatty
                0x0000000008004158        0x0 ./nuclei_sdk/SoC/gd32vf103/Common/Source/Stubs/close.o
 .rela.text.__register_exitproc
                0x0000000008004158        0x0 ./nuclei_sdk/SoC/gd32vf103/Common/Source/Stubs/close.o
 .rela.text._vfprintf_r
                0x0000000008004158        0x0 ./nuclei_sdk/SoC/gd32vf103/Common/Source/Stubs/close.o
 .rela.text._sbrk_r
                0x0000000008004158        0x0 ./nuclei_sdk/SoC/gd32vf103/Common/Source/Stubs/close.o
 .rela.text._write_r
                0x0000000008004158        0x0 ./nuclei_sdk/SoC/gd32vf103/Common/Source/Stubs/close.o
 .rela.text._close_r
                0x0000000008004158        0x0 ./nuclei_sdk/SoC/gd32vf103/Common/Source/Stubs/close.o
 .rela.text._fstat_r
                0x0000000008004158        0x0 ./nuclei_sdk/SoC/gd32vf103/Common/Source/Stubs/close.o
 .rela.text._isatty_r
                0x0000000008004158        0x0 ./nuclei_sdk/SoC/gd32vf103/Common/Source/Stubs/close.o
 .rela.text._lseek_r
                0x0000000008004158        0x0 ./nuclei_sdk/SoC/gd32vf103/Common/Source/Stubs/close.o
 .rela.text._read_r
                0x0000000008004158        0x0 ./nuclei_sdk/SoC/gd32vf103/Common/Source/Stubs/close.o

.fini
 *(SORT_NONE(.fini))
                0x0000000008004158                . = ALIGN (0x4)
                [!provide]                        PROVIDE (__etext = .)
                [!provide]                        PROVIDE (_etext = .)
                [!provide]                        PROVIDE (etext = .)
                0x0000000008004158                PROVIDE (_eilm = .)

.preinit_array  0x0000000008004158        0x0
                0x0000000008004158                PROVIDE (__preinit_array_start = .)
 *(.preinit_array)
                0x0000000008004158                PROVIDE (__preinit_array_end = .)

.init_array     0x0000000008004158        0x0
                0x0000000008004158                PROVIDE (__init_array_start = .)
 *(SORT_BY_INIT_PRIORITY(.init_array.*) SORT_BY_INIT_PRIORITY(.ctors.*))
 *(.init_array EXCLUDE_FILE(*crtend?.o *crtend.o *crtbegin?.o *crtbegin.o) .ctors)
                0x0000000008004158                PROVIDE (__init_array_end = .)

.fini_array     0x0000000008004158        0x0
                0x0000000008004158                PROVIDE (__fini_array_start = .)
 *(SORT_BY_INIT_PRIORITY(.fini_array.*) SORT_BY_INIT_PRIORITY(.dtors.*))
 *(.fini_array EXCLUDE_FILE(*crtend?.o *crtend.o *crtbegin?.o *crtbegin.o) .dtors)
                0x0000000008004158                PROVIDE (__fini_array_end = .)

.ctors
 *crtbegin.o(.ctors)
 *crtbegin?.o(.ctors)
 *(EXCLUDE_FILE(*crtend?.o *crtend.o) .ctors)
 *(SORT_BY_NAME(.ctors.*))
 *(.ctors)

.dtors
 *crtbegin.o(.dtors)
 *crtbegin?.o(.dtors)
 *(EXCLUDE_FILE(*crtend?.o *crtend.o) .dtors)
 *(SORT_BY_NAME(.dtors.*))
 *(.dtors)

.lalign         0x0000000008004158        0x0
                0x0000000008004158                . = ALIGN (0x4)
                0x0000000008004158                PROVIDE (_data_lma = .)

.dalign         0x0000000020000000        0x0 load address 0x0000000008004158
                0x0000000020000000                . = ALIGN (0x4)
                0x0000000020000000                PROVIDE (_data = .)

.data           0x0000000020000000       0x70 load address 0x0000000008004158
 *(.data .data.*)
 .data.impure_data
                0x0000000020000000       0x60 e:/nucleistudio_ide_202102-win64/nucleistudio/toolchain/gcc/bin/../lib/gcc/riscv-nuclei-elf/9.2.0/../../../../riscv-nuclei-elf/lib/rv32imac/ilp32\libg_nano.a(lib_a-impure.o)
 *(.gnu.linkonce.d.*)
                0x0000000020000060                . = ALIGN (0x8)
                0x0000000020000860                PROVIDE (__global_pointer$ = (. + 0x800))
 *(.sdata .sdata.* .sdata*)
 .sdata.curbrk.4582
                0x0000000020000060        0x4 ./nuclei_sdk/SoC/gd32vf103/Common/Source/Stubs/sbrk.o
 .sdata.SystemCoreClock
                0x0000000020000064        0x4 ./nuclei_sdk/SoC/gd32vf103/Common/Source/system_gd32vf103.o
                0x0000000020000064                SystemCoreClock
 .sdata._impure_ptr
                0x0000000020000068        0x4 e:/nucleistudio_ide_202102-win64/nucleistudio/toolchain/gcc/bin/../lib/gcc/riscv-nuclei-elf/9.2.0/../../../../riscv-nuclei-elf/lib/rv32imac/ilp32\libg_nano.a(lib_a-impure.o)
                0x0000000020000068                _impure_ptr
 .sdata2._global_impure_ptr
                0x000000002000006c        0x4 e:/nucleistudio_ide_202102-win64/nucleistudio/toolchain/gcc/bin/../lib/gcc/riscv-nuclei-elf/9.2.0/../../../../riscv-nuclei-elf/lib/rv32imac/ilp32\libg_nano.a(lib_a-impure.o)
                0x000000002000006c                _global_impure_ptr
 *(.gnu.linkonce.s.*)
                0x0000000020000070                . = ALIGN (0x4)
                0x0000000020000070                PROVIDE (_edata = .)
                [!provide]                        PROVIDE (edata = .)
                [!provide]                        PROVIDE (_fbss = .)
                0x0000000020000070                PROVIDE (__bss_start = .)

.bss            0x0000000020000070       0xd0
 *(.sbss*)
 .sbss._global_atexit
                0x0000000020000070        0x4 e:/nucleistudio_ide_202102-win64/nucleistudio/toolchain/gcc/bin/../lib/gcc/riscv-nuclei-elf/9.2.0/../../../../riscv-nuclei-elf/lib/rv32imac/ilp32\libg_nano.a(lib_a-__call_atexit.o)
                0x0000000020000070                _global_atexit
 .sbss.__malloc_free_list
                0x0000000020000074        0x4 e:/nucleistudio_ide_202102-win64/nucleistudio/toolchain/gcc/bin/../lib/gcc/riscv-nuclei-elf/9.2.0/../../../../riscv-nuclei-elf/lib/rv32imac/ilp32\libg_nano.a(lib_a-nano-mallocr.o)
                0x0000000020000074                __malloc_free_list
 .sbss.__malloc_sbrk_start
                0x0000000020000078        0x4 e:/nucleistudio_ide_202102-win64/nucleistudio/toolchain/gcc/bin/../lib/gcc/riscv-nuclei-elf/9.2.0/../../../../riscv-nuclei-elf/lib/rv32imac/ilp32\libg_nano.a(lib_a-nano-mallocr.o)
                0x0000000020000078                __malloc_sbrk_start
 *(.gnu.linkonce.sb.*)
 *(.bss .bss.*)
 .bss.SystemExceptionHandlers
                0x000000002000007c       0x34 ./nuclei_sdk/SoC/gd32vf103/Common/Source/system_gd32vf103.o
 .bss._global_atexit0
                0x00000000200000b0       0x8c e:/nucleistudio_ide_202102-win64/nucleistudio/toolchain/gcc/bin/../lib/gcc/riscv-nuclei-elf/9.2.0/../../../../riscv-nuclei-elf/lib/rv32imac/ilp32\libg_nano.a(lib_a-__atexit.o)
 *(.gnu.linkonce.b.*)
 *(COMMON)
 COMMON         0x000000002000013c        0x4 e:/nucleistudio_ide_202102-win64/nucleistudio/toolchain/gcc/bin/../lib/gcc/riscv-nuclei-elf/9.2.0/../../../../riscv-nuclei-elf/lib/rv32imac/ilp32\libg_nano.a(lib_a-reent.o)
                0x000000002000013c                errno
                0x0000000020000140                . = ALIGN (0x4)
                0x0000000020000140                . = ALIGN (0x8)
                0x0000000020000140                PROVIDE (_end = .)
                [!provide]                        PROVIDE (end = .)

.stack          0x0000000020004800      0x800 load address 0x0000000020000140
                0x0000000020004800                PROVIDE (_heap_end = .)
                0x0000000000000800                . = __STACK_SIZE
 *fill*         0x0000000020004800      0x800 
                0x0000000020005000                PROVIDE (_sp = .)
OUTPUT(456.elf elf32-littleriscv)

.debug_info     0x0000000000000000     0xbe4f
 .debug_info    0x0000000000000000      0x998 ./nuclei_sdk/SoC/gd32vf103/Common/Source/Stubs/close.o
 .debug_info    0x0000000000000998      0xc1e ./nuclei_sdk/SoC/gd32vf103/Common/Source/Stubs/fstat.o
 .debug_info    0x00000000000015b6      0x117 ./nuclei_sdk/SoC/gd32vf103/Common/Source/Stubs/isatty.o
 .debug_info    0x00000000000016cd      0x9b7 ./nuclei_sdk/SoC/gd32vf103/Common/Source/Stubs/lseek.o
 .debug_info    0x0000000000002084      0xa41 ./nuclei_sdk/SoC/gd32vf103/Common/Source/Stubs/read.o
 .debug_info    0x0000000000002ac5      0x15b ./nuclei_sdk/SoC/gd32vf103/Common/Source/Stubs/sbrk.o
 .debug_info    0x0000000000002c20      0xa64 ./nuclei_sdk/SoC/gd32vf103/Common/Source/Stubs/write.o
 .debug_info    0x0000000000003684       0x22 ./nuclei_sdk/SoC/gd32vf103/Common/Source/GCC/intexc_gd32vf103.o
 .debug_info    0x00000000000036a6       0x22 ./nuclei_sdk/SoC/gd32vf103/Common/Source/GCC/startup_gd32vf103.o
 .debug_info    0x00000000000036c8      0x3b7 ./nuclei_sdk/SoC/gd32vf103/Common/Source/Drivers/gd32vf103_exti.o
 .debug_info    0x0000000000003a7f      0x5f6 ./nuclei_sdk/SoC/gd32vf103/Common/Source/Drivers/gd32vf103_gpio.o
 .debug_info    0x0000000000004075      0xdbc ./nuclei_sdk/SoC/gd32vf103/Common/Source/Drivers/gd32vf103_rcu.o
 .debug_info    0x0000000000004e31     0x136f ./nuclei_sdk/SoC/gd32vf103/Common/Source/Drivers/gd32vf103_timer.o
 .debug_info    0x00000000000061a0      0xbdc ./nuclei_sdk/SoC/gd32vf103/Common/Source/Drivers/gd32vf103_usart.o
 .debug_info    0x0000000000006d7c      0x2fb ./nuclei_sdk/SoC/gd32vf103/Common/Source/gd32vf103_soc.o
 .debug_info    0x0000000000007077     0x152f ./nuclei_sdk/SoC/gd32vf103/Common/Source/system_gd32vf103.o
 .debug_info    0x00000000000085a6      0xb84 ./nuclei_sdk/SoC/gd32vf103/Board/gd32vf103v_rvstar/Source/gd32vf103v_rvstar.o
 .debug_info    0x000000000000912a      0xf76 ./application/main.o
 .debug_info    0x000000000000a0a0     0x1245 e:/nucleistudio_ide_202102-win64/nucleistudio/toolchain/gcc/bin/../lib/gcc/riscv-nuclei-elf/9.2.0/rv32imac/ilp32\libgcc.a(_udivdi3.o)
 .debug_info    0x000000000000b2e5      0xb6a e:/nucleistudio_ide_202102-win64/nucleistudio/toolchain/gcc/bin/../lib/gcc/riscv-nuclei-elf/9.2.0/rv32imac/ilp32\libgcc.a(_clz.o)

.debug_abbrev   0x0000000000000000     0x2377
 .debug_abbrev  0x0000000000000000      0x1e7 ./nuclei_sdk/SoC/gd32vf103/Common/Source/Stubs/close.o
 .debug_abbrev  0x00000000000001e7      0x1fa ./nuclei_sdk/SoC/gd32vf103/Common/Source/Stubs/fstat.o
 .debug_abbrev  0x00000000000003e1       0x82 ./nuclei_sdk/SoC/gd32vf103/Common/Source/Stubs/isatty.o
 .debug_abbrev  0x0000000000000463      0x1e7 ./nuclei_sdk/SoC/gd32vf103/Common/Source/Stubs/lseek.o
 .debug_abbrev  0x000000000000064a      0x1fa ./nuclei_sdk/SoC/gd32vf103/Common/Source/Stubs/read.o
 .debug_abbrev  0x0000000000000844       0xa8 ./nuclei_sdk/SoC/gd32vf103/Common/Source/Stubs/sbrk.o
 .debug_abbrev  0x00000000000008ec      0x219 ./nuclei_sdk/SoC/gd32vf103/Common/Source/Stubs/write.o
 .debug_abbrev  0x0000000000000b05       0x12 ./nuclei_sdk/SoC/gd32vf103/Common/Source/GCC/intexc_gd32vf103.o
 .debug_abbrev  0x0000000000000b17       0x12 ./nuclei_sdk/SoC/gd32vf103/Common/Source/GCC/startup_gd32vf103.o
 .debug_abbrev  0x0000000000000b29      0x102 ./nuclei_sdk/SoC/gd32vf103/Common/Source/Drivers/gd32vf103_exti.o
 .debug_abbrev  0x0000000000000c2b      0x1d1 ./nuclei_sdk/SoC/gd32vf103/Common/Source/Drivers/gd32vf103_gpio.o
 .debug_abbrev  0x0000000000000dfc      0x1ea ./nuclei_sdk/SoC/gd32vf103/Common/Source/Drivers/gd32vf103_rcu.o
 .debug_abbrev  0x0000000000000fe6      0x1cf ./nuclei_sdk/SoC/gd32vf103/Common/Source/Drivers/gd32vf103_timer.o
 .debug_abbrev  0x00000000000011b5      0x1b7 ./nuclei_sdk/SoC/gd32vf103/Common/Source/Drivers/gd32vf103_usart.o
 .debug_abbrev  0x000000000000136c      0x15b ./nuclei_sdk/SoC/gd32vf103/Common/Source/gd32vf103_soc.o
 .debug_abbrev  0x00000000000014c7      0x47c ./nuclei_sdk/SoC/gd32vf103/Common/Source/system_gd32vf103.o
 .debug_abbrev  0x0000000000001943      0x2a7 ./nuclei_sdk/SoC/gd32vf103/Board/gd32vf103v_rvstar/Source/gd32vf103v_rvstar.o
 .debug_abbrev  0x0000000000001bea      0x2d9 ./application/main.o
 .debug_abbrev  0x0000000000001ec3      0x2cc e:/nucleistudio_ide_202102-win64/nucleistudio/toolchain/gcc/bin/../lib/gcc/riscv-nuclei-elf/9.2.0/rv32imac/ilp32\libgcc.a(_udivdi3.o)
 .debug_abbrev  0x000000000000218f      0x1e8 e:/nucleistudio_ide_202102-win64/nucleistudio/toolchain/gcc/bin/../lib/gcc/riscv-nuclei-elf/9.2.0/rv32imac/ilp32\libgcc.a(_clz.o)

.debug_aranges  0x0000000000000000      0x900
 .debug_aranges
                0x0000000000000000       0x20 ./nuclei_sdk/SoC/gd32vf103/Common/Source/Stubs/close.o
 .debug_aranges
                0x0000000000000020       0x20 ./nuclei_sdk/SoC/gd32vf103/Common/Source/Stubs/fstat.o
 .debug_aranges
                0x0000000000000040       0x20 ./nuclei_sdk/SoC/gd32vf103/Common/Source/Stubs/isatty.o
 .debug_aranges
                0x0000000000000060       0x20 ./nuclei_sdk/SoC/gd32vf103/Common/Source/Stubs/lseek.o
 .debug_aranges
                0x0000000000000080       0x20 ./nuclei_sdk/SoC/gd32vf103/Common/Source/Stubs/read.o
 .debug_aranges
                0x00000000000000a0       0x20 ./nuclei_sdk/SoC/gd32vf103/Common/Source/Stubs/sbrk.o
 .debug_aranges
                0x00000000000000c0       0x20 ./nuclei_sdk/SoC/gd32vf103/Common/Source/Stubs/write.o
 .debug_aranges
                0x00000000000000e0       0x28 ./nuclei_sdk/SoC/gd32vf103/Common/Source/GCC/intexc_gd32vf103.o
 .debug_aranges
                0x0000000000000108       0x28 ./nuclei_sdk/SoC/gd32vf103/Common/Source/GCC/startup_gd32vf103.o
 .debug_aranges
                0x0000000000000130       0x78 ./nuclei_sdk/SoC/gd32vf103/Common/Source/Drivers/gd32vf103_exti.o
 .debug_aranges
                0x00000000000001a8       0xa0 ./nuclei_sdk/SoC/gd32vf103/Common/Source/Drivers/gd32vf103_gpio.o
 .debug_aranges
                0x0000000000000248      0x160 ./nuclei_sdk/SoC/gd32vf103/Common/Source/Drivers/gd32vf103_rcu.o
 .debug_aranges
                0x00000000000003a8      0x240 ./nuclei_sdk/SoC/gd32vf103/Common/Source/Drivers/gd32vf103_timer.o
 .debug_aranges
                0x00000000000005e8      0x180 ./nuclei_sdk/SoC/gd32vf103/Common/Source/Drivers/gd32vf103_usart.o
 .debug_aranges
                0x0000000000000768       0x38 ./nuclei_sdk/SoC/gd32vf103/Common/Source/gd32vf103_soc.o
 .debug_aranges
                0x00000000000007a0       0x98 ./nuclei_sdk/SoC/gd32vf103/Common/Source/system_gd32vf103.o
 .debug_aranges
                0x0000000000000838       0x50 ./nuclei_sdk/SoC/gd32vf103/Board/gd32vf103v_rvstar/Source/gd32vf103v_rvstar.o
 .debug_aranges
                0x0000000000000888       0x40 ./application/main.o
 .debug_aranges
                0x00000000000008c8       0x20 e:/nucleistudio_ide_202102-win64/nucleistudio/toolchain/gcc/bin/../lib/gcc/riscv-nuclei-elf/9.2.0/rv32imac/ilp32\libgcc.a(_udivdi3.o)
 .debug_aranges
                0x00000000000008e8       0x18 e:/nucleistudio_ide_202102-win64/nucleistudio/toolchain/gcc/bin/../lib/gcc/riscv-nuclei-elf/9.2.0/rv32imac/ilp32\libgcc.a(_clz.o)

.debug_ranges   0x0000000000000000      0x8a8
 .debug_ranges  0x0000000000000000       0x10 ./nuclei_sdk/SoC/gd32vf103/Common/Source/Stubs/close.o
 .debug_ranges  0x0000000000000010       0x10 ./nuclei_sdk/SoC/gd32vf103/Common/Source/Stubs/fstat.o
 .debug_ranges  0x0000000000000020       0x10 ./nuclei_sdk/SoC/gd32vf103/Common/Source/Stubs/isatty.o
 .debug_ranges  0x0000000000000030       0x10 ./nuclei_sdk/SoC/gd32vf103/Common/Source/Stubs/lseek.o
 .debug_ranges  0x0000000000000040       0x10 ./nuclei_sdk/SoC/gd32vf103/Common/Source/Stubs/read.o
 .debug_ranges  0x0000000000000050       0x10 ./nuclei_sdk/SoC/gd32vf103/Common/Source/Stubs/sbrk.o
 .debug_ranges  0x0000000000000060       0x10 ./nuclei_sdk/SoC/gd32vf103/Common/Source/Stubs/write.o
 .debug_ranges  0x0000000000000070       0x20 ./nuclei_sdk/SoC/gd32vf103/Common/Source/GCC/intexc_gd32vf103.o
 .debug_ranges  0x0000000000000090       0x20 ./nuclei_sdk/SoC/gd32vf103/Common/Source/GCC/startup_gd32vf103.o
 .debug_ranges  0x00000000000000b0       0x68 ./nuclei_sdk/SoC/gd32vf103/Common/Source/Drivers/gd32vf103_exti.o
 .debug_ranges  0x0000000000000118       0x90 ./nuclei_sdk/SoC/gd32vf103/Common/Source/Drivers/gd32vf103_gpio.o
 .debug_ranges  0x00000000000001a8      0x150 ./nuclei_sdk/SoC/gd32vf103/Common/Source/Drivers/gd32vf103_rcu.o
 .debug_ranges  0x00000000000002f8      0x230 ./nuclei_sdk/SoC/gd32vf103/Common/Source/Drivers/gd32vf103_timer.o
 .debug_ranges  0x0000000000000528      0x170 ./nuclei_sdk/SoC/gd32vf103/Common/Source/Drivers/gd32vf103_usart.o
 .debug_ranges  0x0000000000000698       0x28 ./nuclei_sdk/SoC/gd32vf103/Common/Source/gd32vf103_soc.o
 .debug_ranges  0x00000000000006c0       0x88 ./nuclei_sdk/SoC/gd32vf103/Common/Source/system_gd32vf103.o
 .debug_ranges  0x0000000000000748       0x40 ./nuclei_sdk/SoC/gd32vf103/Board/gd32vf103v_rvstar/Source/gd32vf103v_rvstar.o
 .debug_ranges  0x0000000000000788       0x30 ./application/main.o
 .debug_ranges  0x00000000000007b8       0xf0 e:/nucleistudio_ide_202102-win64/nucleistudio/toolchain/gcc/bin/../lib/gcc/riscv-nuclei-elf/9.2.0/rv32imac/ilp32\libgcc.a(_udivdi3.o)

.debug_line     0x0000000000000000     0x87ed
 .debug_line    0x0000000000000000      0x243 ./nuclei_sdk/SoC/gd32vf103/Common/Source/Stubs/close.o
 .debug_line    0x0000000000000243      0x2f7 ./nuclei_sdk/SoC/gd32vf103/Common/Source/Stubs/fstat.o
 .debug_line    0x000000000000053a      0x1ad ./nuclei_sdk/SoC/gd32vf103/Common/Source/Stubs/isatty.o
 .debug_line    0x00000000000006e7      0x23b ./nuclei_sdk/SoC/gd32vf103/Common/Source/Stubs/lseek.o
 .debug_line    0x0000000000000922      0x27b ./nuclei_sdk/SoC/gd32vf103/Common/Source/Stubs/read.o
 .debug_line    0x0000000000000b9d      0x25a ./nuclei_sdk/SoC/gd32vf103/Common/Source/Stubs/sbrk.o
 .debug_line    0x0000000000000df7      0x2ca ./nuclei_sdk/SoC/gd32vf103/Common/Source/Stubs/write.o
 .debug_line    0x00000000000010c1       0xd7 ./nuclei_sdk/SoC/gd32vf103/Common/Source/GCC/intexc_gd32vf103.o
 .debug_line    0x0000000000001198      0x1e6 ./nuclei_sdk/SoC/gd32vf103/Common/Source/GCC/startup_gd32vf103.o
 .debug_line    0x000000000000137e      0x52d ./nuclei_sdk/SoC/gd32vf103/Common/Source/Drivers/gd32vf103_exti.o
 .debug_line    0x00000000000018ab      0xa2d ./nuclei_sdk/SoC/gd32vf103/Common/Source/Drivers/gd32vf103_gpio.o
 .debug_line    0x00000000000022d8     0x10e3 ./nuclei_sdk/SoC/gd32vf103/Common/Source/Drivers/gd32vf103_rcu.o
 .debug_line    0x00000000000033bb     0x2083 ./nuclei_sdk/SoC/gd32vf103/Common/Source/Drivers/gd32vf103_timer.o
 .debug_line    0x000000000000543e      0xc31 ./nuclei_sdk/SoC/gd32vf103/Common/Source/Drivers/gd32vf103_usart.o
 .debug_line    0x000000000000606f      0x397 ./nuclei_sdk/SoC/gd32vf103/Common/Source/gd32vf103_soc.o
 .debug_line    0x0000000000006406      0xc01 ./nuclei_sdk/SoC/gd32vf103/Common/Source/system_gd32vf103.o
 .debug_line    0x0000000000007007      0x676 ./nuclei_sdk/SoC/gd32vf103/Board/gd32vf103v_rvstar/Source/gd32vf103v_rvstar.o
 .debug_line    0x000000000000767d      0x512 ./application/main.o
 .debug_line    0x0000000000007b8f      0x9a6 e:/nucleistudio_ide_202102-win64/nucleistudio/toolchain/gcc/bin/../lib/gcc/riscv-nuclei-elf/9.2.0/rv32imac/ilp32\libgcc.a(_udivdi3.o)
 .debug_line    0x0000000000008535      0x2b8 e:/nucleistudio_ide_202102-win64/nucleistudio/toolchain/gcc/bin/../lib/gcc/riscv-nuclei-elf/9.2.0/rv32imac/ilp32\libgcc.a(_clz.o)

.debug_str      0x0000000000000000     0x3ae4
 .debug_str     0x0000000000000000      0x50f ./nuclei_sdk/SoC/gd32vf103/Common/Source/Stubs/close.o
                                        0x5ab (size before relaxing)
 .debug_str     0x000000000000050f      0x17f ./nuclei_sdk/SoC/gd32vf103/Common/Source/Stubs/fstat.o
                                        0x743 (size before relaxing)
 .debug_str     0x000000000000068e       0x41 ./nuclei_sdk/SoC/gd32vf103/Common/Source/Stubs/isatty.o
                                        0x1dc (size before relaxing)
 .debug_str     0x00000000000006cf       0x46 ./nuclei_sdk/SoC/gd32vf103/Common/Source/Stubs/lseek.o
                                        0x5c5 (size before relaxing)
 .debug_str     0x0000000000000715       0x49 ./nuclei_sdk/SoC/gd32vf103/Common/Source/Stubs/read.o
                                        0x5fa (size before relaxing)
 .debug_str     0x000000000000075e       0x5d ./nuclei_sdk/SoC/gd32vf103/Common/Source/Stubs/sbrk.o
                                        0x1fd (size before relaxing)
 .debug_str     0x00000000000007bb       0x41 ./nuclei_sdk/SoC/gd32vf103/Common/Source/Stubs/write.o
                                        0x5fc (size before relaxing)
 .debug_str     0x00000000000007fc       0x4d ./nuclei_sdk/SoC/gd32vf103/Common/Source/GCC/intexc_gd32vf103.o
                                         0x66 (size before relaxing)
 .debug_str     0x0000000000000849       0x42 ./nuclei_sdk/SoC/gd32vf103/Common/Source/GCC/startup_gd32vf103.o
                                         0x67 (size before relaxing)
 .debug_str     0x000000000000088b      0x28b ./nuclei_sdk/SoC/gd32vf103/Common/Source/Drivers/gd32vf103_exti.o
                                        0x3f9 (size before relaxing)
 .debug_str     0x0000000000000b16      0x3b6 ./nuclei_sdk/SoC/gd32vf103/Common/Source/Drivers/gd32vf103_gpio.o
                                        0x561 (size before relaxing)
 .debug_str     0x0000000000000ecc      0xab4 ./nuclei_sdk/SoC/gd32vf103/Common/Source/Drivers/gd32vf103_rcu.o
                                        0xdf9 (size before relaxing)
 .debug_str     0x0000000000001980      0xb20 ./nuclei_sdk/SoC/gd32vf103/Common/Source/Drivers/gd32vf103_timer.o
                                        0xea5 (size before relaxing)
 .debug_str     0x00000000000024a0      0x5b6 ./nuclei_sdk/SoC/gd32vf103/Common/Source/Drivers/gd32vf103_usart.o
                                        0x925 (size before relaxing)
 .debug_str     0x0000000000002a56      0x12d ./nuclei_sdk/SoC/gd32vf103/Common/Source/gd32vf103_soc.o
                                        0x2ae (size before relaxing)
 .debug_str     0x0000000000002b83      0x8c1 ./nuclei_sdk/SoC/gd32vf103/Common/Source/system_gd32vf103.o
                                        0xec4 (size before relaxing)
 .debug_str     0x0000000000003444      0x1a7 ./nuclei_sdk/SoC/gd32vf103/Board/gd32vf103v_rvstar/Source/gd32vf103v_rvstar.o
                                        0xb45 (size before relaxing)
 .debug_str     0x00000000000035eb       0xa8 ./application/main.o
                                        0xe1a (size before relaxing)
 .debug_str     0x0000000000003693      0x3af e:/nucleistudio_ide_202102-win64/nucleistudio/toolchain/gcc/bin/../lib/gcc/riscv-nuclei-elf/9.2.0/rv32imac/ilp32\libgcc.a(_udivdi3.o)
                                        0x8a7 (size before relaxing)
 .debug_str     0x0000000000003a42       0xa2 e:/nucleistudio_ide_202102-win64/nucleistudio/toolchain/gcc/bin/../lib/gcc/riscv-nuclei-elf/9.2.0/rv32imac/ilp32\libgcc.a(_clz.o)
                                        0x7ee (size before relaxing)

.comment        0x0000000000000000       0x11
 .comment       0x0000000000000000       0x11 ./nuclei_sdk/SoC/gd32vf103/Common/Source/Stubs/close.o
                                         0x12 (size before relaxing)
 .comment       0x0000000000000011       0x12 ./nuclei_sdk/SoC/gd32vf103/Common/Source/Stubs/fstat.o
 .comment       0x0000000000000011       0x12 ./nuclei_sdk/SoC/gd32vf103/Common/Source/Stubs/isatty.o
 .comment       0x0000000000000011       0x12 ./nuclei_sdk/SoC/gd32vf103/Common/Source/Stubs/lseek.o
 .comment       0x0000000000000011       0x12 ./nuclei_sdk/SoC/gd32vf103/Common/Source/Stubs/read.o
 .comment       0x0000000000000011       0x12 ./nuclei_sdk/SoC/gd32vf103/Common/Source/Stubs/sbrk.o
 .comment       0x0000000000000011       0x12 ./nuclei_sdk/SoC/gd32vf103/Common/Source/Stubs/write.o
 .comment       0x0000000000000011       0x12 ./nuclei_sdk/SoC/gd32vf103/Common/Source/Drivers/gd32vf103_exti.o
 .comment       0x0000000000000011       0x12 ./nuclei_sdk/SoC/gd32vf103/Common/Source/Drivers/gd32vf103_gpio.o
 .comment       0x0000000000000011       0x12 ./nuclei_sdk/SoC/gd32vf103/Common/Source/Drivers/gd32vf103_rcu.o
 .comment       0x0000000000000011       0x12 ./nuclei_sdk/SoC/gd32vf103/Common/Source/Drivers/gd32vf103_timer.o
 .comment       0x0000000000000011       0x12 ./nuclei_sdk/SoC/gd32vf103/Common/Source/Drivers/gd32vf103_usart.o
 .comment       0x0000000000000011       0x12 ./nuclei_sdk/SoC/gd32vf103/Common/Source/gd32vf103_soc.o
 .comment       0x0000000000000011       0x12 ./nuclei_sdk/SoC/gd32vf103/Common/Source/system_gd32vf103.o
 .comment       0x0000000000000011       0x12 ./nuclei_sdk/SoC/gd32vf103/Board/gd32vf103v_rvstar/Source/gd32vf103v_rvstar.o
 .comment       0x0000000000000011       0x12 ./application/main.o
 .comment       0x0000000000000011       0x12 e:/nucleistudio_ide_202102-win64/nucleistudio/toolchain/gcc/bin/../lib/gcc/riscv-nuclei-elf/9.2.0/rv32imac/ilp32\libgcc.a(_udivdi3.o)
 .comment       0x0000000000000011       0x12 e:/nucleistudio_ide_202102-win64/nucleistudio/toolchain/gcc/bin/../lib/gcc/riscv-nuclei-elf/9.2.0/rv32imac/ilp32\libgcc.a(_clz.o)
 .comment       0x0000000000000011       0x12 e:/nucleistudio_ide_202102-win64/nucleistudio/toolchain/gcc/bin/../lib/gcc/riscv-nuclei-elf/9.2.0/../../../../riscv-nuclei-elf/lib/rv32imac/ilp32\libg_nano.a(lib_a-atexit.o)
 .comment       0x0000000000000011       0x12 e:/nucleistudio_ide_202102-win64/nucleistudio/toolchain/gcc/bin/../lib/gcc/riscv-nuclei-elf/9.2.0/../../../../riscv-nuclei-elf/lib/rv32imac/ilp32\libg_nano.a(lib_a-fini.o)
 .comment       0x0000000000000011       0x12 e:/nucleistudio_ide_202102-win64/nucleistudio/toolchain/gcc/bin/../lib/gcc/riscv-nuclei-elf/9.2.0/../../../../riscv-nuclei-elf/lib/rv32imac/ilp32\libg_nano.a(lib_a-init.o)
 .comment       0x0000000000000011       0x12 e:/nucleistudio_ide_202102-win64/nucleistudio/toolchain/gcc/bin/../lib/gcc/riscv-nuclei-elf/9.2.0/../../../../riscv-nuclei-elf/lib/rv32imac/ilp32\libg_nano.a(lib_a-printf.o)
 .comment       0x0000000000000011       0x12 e:/nucleistudio_ide_202102-win64/nucleistudio/toolchain/gcc/bin/../lib/gcc/riscv-nuclei-elf/9.2.0/../../../../riscv-nuclei-elf/lib/rv32imac/ilp32\libg_nano.a(lib_a-reent.o)
 .comment       0x0000000000000011       0x12 e:/nucleistudio_ide_202102-win64/nucleistudio/toolchain/gcc/bin/../lib/gcc/riscv-nuclei-elf/9.2.0/../../../../riscv-nuclei-elf/lib/rv32imac/ilp32\libg_nano.a(lib_a-sysisatty.o)
 .comment       0x0000000000000011       0x12 e:/nucleistudio_ide_202102-win64/nucleistudio/toolchain/gcc/bin/../lib/gcc/riscv-nuclei-elf/9.2.0/../../../../riscv-nuclei-elf/lib/rv32imac/ilp32\libg_nano.a(lib_a-wbuf.o)
 .comment       0x0000000000000011       0x12 e:/nucleistudio_ide_202102-win64/nucleistudio/toolchain/gcc/bin/../lib/gcc/riscv-nuclei-elf/9.2.0/../../../../riscv-nuclei-elf/lib/rv32imac/ilp32\libg_nano.a(lib_a-wsetup.o)
 .comment       0x0000000000000011       0x12 e:/nucleistudio_ide_202102-win64/nucleistudio/toolchain/gcc/bin/../lib/gcc/riscv-nuclei-elf/9.2.0/../../../../riscv-nuclei-elf/lib/rv32imac/ilp32\libg_nano.a(lib_a-__atexit.o)
 .comment       0x0000000000000011       0x12 e:/nucleistudio_ide_202102-win64/nucleistudio/toolchain/gcc/bin/../lib/gcc/riscv-nuclei-elf/9.2.0/../../../../riscv-nuclei-elf/lib/rv32imac/ilp32\libg_nano.a(lib_a-__call_atexit.o)
 .comment       0x0000000000000011       0x12 e:/nucleistudio_ide_202102-win64/nucleistudio/toolchain/gcc/bin/../lib/gcc/riscv-nuclei-elf/9.2.0/../../../../riscv-nuclei-elf/lib/rv32imac/ilp32\libg_nano.a(lib_a-fflush.o)
 .comment       0x0000000000000011       0x12 e:/nucleistudio_ide_202102-win64/nucleistudio/toolchain/gcc/bin/../lib/gcc/riscv-nuclei-elf/9.2.0/../../../../riscv-nuclei-elf/lib/rv32imac/ilp32\libg_nano.a(lib_a-findfp.o)
 .comment       0x0000000000000011       0x12 e:/nucleistudio_ide_202102-win64/nucleistudio/toolchain/gcc/bin/../lib/gcc/riscv-nuclei-elf/9.2.0/../../../../riscv-nuclei-elf/lib/rv32imac/ilp32\libg_nano.a(lib_a-fwalk.o)
 .comment       0x0000000000000011       0x12 e:/nucleistudio_ide_202102-win64/nucleistudio/toolchain/gcc/bin/../lib/gcc/riscv-nuclei-elf/9.2.0/../../../../riscv-nuclei-elf/lib/rv32imac/ilp32\libg_nano.a(lib_a-impure.o)
 .comment       0x0000000000000011       0x12 e:/nucleistudio_ide_202102-win64/nucleistudio/toolchain/gcc/bin/../lib/gcc/riscv-nuclei-elf/9.2.0/../../../../riscv-nuclei-elf/lib/rv32imac/ilp32\libg_nano.a(lib_a-makebuf.o)
 .comment       0x0000000000000011       0x12 e:/nucleistudio_ide_202102-win64/nucleistudio/toolchain/gcc/bin/../lib/gcc/riscv-nuclei-elf/9.2.0/../../../../riscv-nuclei-elf/lib/rv32imac/ilp32\libg_nano.a(lib_a-nano-freer.o)
 .comment       0x0000000000000011       0x12 e:/nucleistudio_ide_202102-win64/nucleistudio/toolchain/gcc/bin/../lib/gcc/riscv-nuclei-elf/9.2.0/../../../../riscv-nuclei-elf/lib/rv32imac/ilp32\libg_nano.a(lib_a-nano-mallocr.o)
 .comment       0x0000000000000011       0x12 e:/nucleistudio_ide_202102-win64/nucleistudio/toolchain/gcc/bin/../lib/gcc/riscv-nuclei-elf/9.2.0/../../../../riscv-nuclei-elf/lib/rv32imac/ilp32\libg_nano.a(lib_a-nano-vfprintf.o)
 .comment       0x0000000000000011       0x12 e:/nucleistudio_ide_202102-win64/nucleistudio/toolchain/gcc/bin/../lib/gcc/riscv-nuclei-elf/9.2.0/../../../../riscv-nuclei-elf/lib/rv32imac/ilp32\libg_nano.a(lib_a-sbrkr.o)
 .comment       0x0000000000000011       0x12 e:/nucleistudio_ide_202102-win64/nucleistudio/toolchain/gcc/bin/../lib/gcc/riscv-nuclei-elf/9.2.0/../../../../riscv-nuclei-elf/lib/rv32imac/ilp32\libg_nano.a(lib_a-stdio.o)
 .comment       0x0000000000000011       0x12 e:/nucleistudio_ide_202102-win64/nucleistudio/toolchain/gcc/bin/../lib/gcc/riscv-nuclei-elf/9.2.0/../../../../riscv-nuclei-elf/lib/rv32imac/ilp32\libg_nano.a(lib_a-writer.o)
 .comment       0x0000000000000011       0x12 e:/nucleistudio_ide_202102-win64/nucleistudio/toolchain/gcc/bin/../lib/gcc/riscv-nuclei-elf/9.2.0/../../../../riscv-nuclei-elf/lib/rv32imac/ilp32\libg_nano.a(lib_a-closer.o)
 .comment       0x0000000000000011       0x12 e:/nucleistudio_ide_202102-win64/nucleistudio/toolchain/gcc/bin/../lib/gcc/riscv-nuclei-elf/9.2.0/../../../../riscv-nuclei-elf/lib/rv32imac/ilp32\libg_nano.a(lib_a-fstatr.o)
 .comment       0x0000000000000011       0x12 e:/nucleistudio_ide_202102-win64/nucleistudio/toolchain/gcc/bin/../lib/gcc/riscv-nuclei-elf/9.2.0/../../../../riscv-nuclei-elf/lib/rv32imac/ilp32\libg_nano.a(lib_a-isattyr.o)
 .comment       0x0000000000000011       0x12 e:/nucleistudio_ide_202102-win64/nucleistudio/toolchain/gcc/bin/../lib/gcc/riscv-nuclei-elf/9.2.0/../../../../riscv-nuclei-elf/lib/rv32imac/ilp32\libg_nano.a(lib_a-lseekr.o)
 .comment       0x0000000000000011       0x12 e:/nucleistudio_ide_202102-win64/nucleistudio/toolchain/gcc/bin/../lib/gcc/riscv-nuclei-elf/9.2.0/../../../../riscv-nuclei-elf/lib/rv32imac/ilp32\libg_nano.a(lib_a-memchr.o)
 .comment       0x0000000000000011       0x12 e:/nucleistudio_ide_202102-win64/nucleistudio/toolchain/gcc/bin/../lib/gcc/riscv-nuclei-elf/9.2.0/../../../../riscv-nuclei-elf/lib/rv32imac/ilp32\libg_nano.a(lib_a-mlock.o)
 .comment       0x0000000000000011       0x12 e:/nucleistudio_ide_202102-win64/nucleistudio/toolchain/gcc/bin/../lib/gcc/riscv-nuclei-elf/9.2.0/../../../../riscv-nuclei-elf/lib/rv32imac/ilp32\libg_nano.a(lib_a-nano-vfprintf_i.o)
 .comment       0x0000000000000011       0x12 e:/nucleistudio_ide_202102-win64/nucleistudio/toolchain/gcc/bin/../lib/gcc/riscv-nuclei-elf/9.2.0/../../../../riscv-nuclei-elf/lib/rv32imac/ilp32\libg_nano.a(lib_a-readr.o)

.riscv.attributes
                0x0000000000000000       0x2b
 .riscv.attributes
                0x0000000000000000       0x2b ./nuclei_sdk/SoC/gd32vf103/Common/Source/Stubs/close.o
 .riscv.attributes
                0x000000000000002b       0x2b ./nuclei_sdk/SoC/gd32vf103/Common/Source/Stubs/fstat.o
 .riscv.attributes
                0x0000000000000056       0x2b ./nuclei_sdk/SoC/gd32vf103/Common/Source/Stubs/isatty.o
 .riscv.attributes
                0x0000000000000081       0x2b ./nuclei_sdk/SoC/gd32vf103/Common/Source/Stubs/lseek.o
 .riscv.attributes
                0x00000000000000ac       0x2b ./nuclei_sdk/SoC/gd32vf103/Common/Source/Stubs/read.o
 .riscv.attributes
                0x00000000000000d7       0x2b ./nuclei_sdk/SoC/gd32vf103/Common/Source/Stubs/sbrk.o
 .riscv.attributes
                0x0000000000000102       0x2b ./nuclei_sdk/SoC/gd32vf103/Common/Source/Stubs/write.o
 .riscv.attributes
                0x000000000000012d       0x29 ./nuclei_sdk/SoC/gd32vf103/Common/Source/GCC/intexc_gd32vf103.o
 .riscv.attributes
                0x0000000000000156       0x29 ./nuclei_sdk/SoC/gd32vf103/Common/Source/GCC/startup_gd32vf103.o
 .riscv.attributes
                0x000000000000017f       0x2b ./nuclei_sdk/SoC/gd32vf103/Common/Source/Drivers/gd32vf103_exti.o
 .riscv.attributes
                0x00000000000001aa       0x2b ./nuclei_sdk/SoC/gd32vf103/Common/Source/Drivers/gd32vf103_gpio.o
 .riscv.attributes
                0x00000000000001d5       0x2b ./nuclei_sdk/SoC/gd32vf103/Common/Source/Drivers/gd32vf103_rcu.o
 .riscv.attributes
                0x0000000000000200       0x2b ./nuclei_sdk/SoC/gd32vf103/Common/Source/Drivers/gd32vf103_timer.o
 .riscv.attributes
                0x000000000000022b       0x2b ./nuclei_sdk/SoC/gd32vf103/Common/Source/Drivers/gd32vf103_usart.o
 .riscv.attributes
                0x0000000000000256       0x2b ./nuclei_sdk/SoC/gd32vf103/Common/Source/gd32vf103_soc.o
 .riscv.attributes
                0x0000000000000281       0x2b ./nuclei_sdk/SoC/gd32vf103/Common/Source/system_gd32vf103.o
 .riscv.attributes
                0x00000000000002ac       0x2b ./nuclei_sdk/SoC/gd32vf103/Board/gd32vf103v_rvstar/Source/gd32vf103v_rvstar.o
 .riscv.attributes
                0x00000000000002d7       0x2b ./application/main.o
 .riscv.attributes
                0x0000000000000302       0x2b e:/nucleistudio_ide_202102-win64/nucleistudio/toolchain/gcc/bin/../lib/gcc/riscv-nuclei-elf/9.2.0/rv32imac/ilp32\libgcc.a(_udivdi3.o)
 .riscv.attributes
                0x000000000000032d       0x2b e:/nucleistudio_ide_202102-win64/nucleistudio/toolchain/gcc/bin/../lib/gcc/riscv-nuclei-elf/9.2.0/rv32imac/ilp32\libgcc.a(_clz.o)
 .riscv.attributes
                0x0000000000000358       0x2b e:/nucleistudio_ide_202102-win64/nucleistudio/toolchain/gcc/bin/../lib/gcc/riscv-nuclei-elf/9.2.0/../../../../riscv-nuclei-elf/lib/rv32imac/ilp32\libg_nano.a(lib_a-atexit.o)
 .riscv.attributes
                0x0000000000000383       0x2b e:/nucleistudio_ide_202102-win64/nucleistudio/toolchain/gcc/bin/../lib/gcc/riscv-nuclei-elf/9.2.0/../../../../riscv-nuclei-elf/lib/rv32imac/ilp32\libg_nano.a(lib_a-fini.o)
 .riscv.attributes
                0x00000000000003ae       0x2b e:/nucleistudio_ide_202102-win64/nucleistudio/toolchain/gcc/bin/../lib/gcc/riscv-nuclei-elf/9.2.0/../../../../riscv-nuclei-elf/lib/rv32imac/ilp32\libg_nano.a(lib_a-init.o)
 .riscv.attributes
                0x00000000000003d9       0x29 e:/nucleistudio_ide_202102-win64/nucleistudio/toolchain/gcc/bin/../lib/gcc/riscv-nuclei-elf/9.2.0/../../../../riscv-nuclei-elf/lib/rv32imac/ilp32\libg_nano.a(lib_a-memset.o)
 .riscv.attributes
                0x0000000000000402       0x2b e:/nucleistudio_ide_202102-win64/nucleistudio/toolchain/gcc/bin/../lib/gcc/riscv-nuclei-elf/9.2.0/../../../../riscv-nuclei-elf/lib/rv32imac/ilp32\libg_nano.a(lib_a-printf.o)
 .riscv.attributes
                0x000000000000042d       0x2b e:/nucleistudio_ide_202102-win64/nucleistudio/toolchain/gcc/bin/../lib/gcc/riscv-nuclei-elf/9.2.0/../../../../riscv-nuclei-elf/lib/rv32imac/ilp32\libg_nano.a(lib_a-reent.o)
 .riscv.attributes
                0x0000000000000458       0x2b e:/nucleistudio_ide_202102-win64/nucleistudio/toolchain/gcc/bin/../lib/gcc/riscv-nuclei-elf/9.2.0/../../../../riscv-nuclei-elf/lib/rv32imac/ilp32\libg_nano.a(lib_a-sysisatty.o)
 .riscv.attributes
                0x0000000000000483       0x2b e:/nucleistudio_ide_202102-win64/nucleistudio/toolchain/gcc/bin/../lib/gcc/riscv-nuclei-elf/9.2.0/../../../../riscv-nuclei-elf/lib/rv32imac/ilp32\libg_nano.a(lib_a-wbuf.o)
 .riscv.attributes
                0x00000000000004ae       0x2b e:/nucleistudio_ide_202102-win64/nucleistudio/toolchain/gcc/bin/../lib/gcc/riscv-nuclei-elf/9.2.0/../../../../riscv-nuclei-elf/lib/rv32imac/ilp32\libg_nano.a(lib_a-wsetup.o)
 .riscv.attributes
                0x00000000000004d9       0x2b e:/nucleistudio_ide_202102-win64/nucleistudio/toolchain/gcc/bin/../lib/gcc/riscv-nuclei-elf/9.2.0/../../../../riscv-nuclei-elf/lib/rv32imac/ilp32\libg_nano.a(lib_a-__atexit.o)
 .riscv.attributes
                0x0000000000000504       0x2b e:/nucleistudio_ide_202102-win64/nucleistudio/toolchain/gcc/bin/../lib/gcc/riscv-nuclei-elf/9.2.0/../../../../riscv-nuclei-elf/lib/rv32imac/ilp32\libg_nano.a(lib_a-__call_atexit.o)
 .riscv.attributes
                0x000000000000052f       0x2b e:/nucleistudio_ide_202102-win64/nucleistudio/toolchain/gcc/bin/../lib/gcc/riscv-nuclei-elf/9.2.0/../../../../riscv-nuclei-elf/lib/rv32imac/ilp32\libg_nano.a(lib_a-fflush.o)
 .riscv.attributes
                0x000000000000055a       0x2b e:/nucleistudio_ide_202102-win64/nucleistudio/toolchain/gcc/bin/../lib/gcc/riscv-nuclei-elf/9.2.0/../../../../riscv-nuclei-elf/lib/rv32imac/ilp32\libg_nano.a(lib_a-findfp.o)
 .riscv.attributes
                0x0000000000000585       0x2b e:/nucleistudio_ide_202102-win64/nucleistudio/toolchain/gcc/bin/../lib/gcc/riscv-nuclei-elf/9.2.0/../../../../riscv-nuclei-elf/lib/rv32imac/ilp32\libg_nano.a(lib_a-fwalk.o)
 .riscv.attributes
                0x00000000000005b0       0x2b e:/nucleistudio_ide_202102-win64/nucleistudio/toolchain/gcc/bin/../lib/gcc/riscv-nuclei-elf/9.2.0/../../../../riscv-nuclei-elf/lib/rv32imac/ilp32\libg_nano.a(lib_a-impure.o)
 .riscv.attributes
                0x00000000000005db       0x2b e:/nucleistudio_ide_202102-win64/nucleistudio/toolchain/gcc/bin/../lib/gcc/riscv-nuclei-elf/9.2.0/../../../../riscv-nuclei-elf/lib/rv32imac/ilp32\libg_nano.a(lib_a-makebuf.o)
 .riscv.attributes
                0x0000000000000606       0x2b e:/nucleistudio_ide_202102-win64/nucleistudio/toolchain/gcc/bin/../lib/gcc/riscv-nuclei-elf/9.2.0/../../../../riscv-nuclei-elf/lib/rv32imac/ilp32\libg_nano.a(lib_a-nano-freer.o)
 .riscv.attributes
                0x0000000000000631       0x2b e:/nucleistudio_ide_202102-win64/nucleistudio/toolchain/gcc/bin/../lib/gcc/riscv-nuclei-elf/9.2.0/../../../../riscv-nuclei-elf/lib/rv32imac/ilp32\libg_nano.a(lib_a-nano-mallocr.o)
 .riscv.attributes
                0x000000000000065c       0x2b e:/nucleistudio_ide_202102-win64/nucleistudio/toolchain/gcc/bin/../lib/gcc/riscv-nuclei-elf/9.2.0/../../../../riscv-nuclei-elf/lib/rv32imac/ilp32\libg_nano.a(lib_a-nano-vfprintf.o)
 .riscv.attributes
                0x0000000000000687       0x2b e:/nucleistudio_ide_202102-win64/nucleistudio/toolchain/gcc/bin/../lib/gcc/riscv-nuclei-elf/9.2.0/../../../../riscv-nuclei-elf/lib/rv32imac/ilp32\libg_nano.a(lib_a-sbrkr.o)
 .riscv.attributes
                0x00000000000006b2       0x2b e:/nucleistudio_ide_202102-win64/nucleistudio/toolchain/gcc/bin/../lib/gcc/riscv-nuclei-elf/9.2.0/../../../../riscv-nuclei-elf/lib/rv32imac/ilp32\libg_nano.a(lib_a-stdio.o)
 .riscv.attributes
                0x00000000000006dd       0x2b e:/nucleistudio_ide_202102-win64/nucleistudio/toolchain/gcc/bin/../lib/gcc/riscv-nuclei-elf/9.2.0/../../../../riscv-nuclei-elf/lib/rv32imac/ilp32\libg_nano.a(lib_a-writer.o)
 .riscv.attributes
                0x0000000000000708       0x2b e:/nucleistudio_ide_202102-win64/nucleistudio/toolchain/gcc/bin/../lib/gcc/riscv-nuclei-elf/9.2.0/../../../../riscv-nuclei-elf/lib/rv32imac/ilp32\libg_nano.a(lib_a-closer.o)
 .riscv.attributes
                0x0000000000000733       0x2b e:/nucleistudio_ide_202102-win64/nucleistudio/toolchain/gcc/bin/../lib/gcc/riscv-nuclei-elf/9.2.0/../../../../riscv-nuclei-elf/lib/rv32imac/ilp32\libg_nano.a(lib_a-fstatr.o)
 .riscv.attributes
                0x000000000000075e       0x2b e:/nucleistudio_ide_202102-win64/nucleistudio/toolchain/gcc/bin/../lib/gcc/riscv-nuclei-elf/9.2.0/../../../../riscv-nuclei-elf/lib/rv32imac/ilp32\libg_nano.a(lib_a-isattyr.o)
 .riscv.attributes
                0x0000000000000789       0x2b e:/nucleistudio_ide_202102-win64/nucleistudio/toolchain/gcc/bin/../lib/gcc/riscv-nuclei-elf/9.2.0/../../../../riscv-nuclei-elf/lib/rv32imac/ilp32\libg_nano.a(lib_a-lseekr.o)
 .riscv.attributes
                0x00000000000007b4       0x2b e:/nucleistudio_ide_202102-win64/nucleistudio/toolchain/gcc/bin/../lib/gcc/riscv-nuclei-elf/9.2.0/../../../../riscv-nuclei-elf/lib/rv32imac/ilp32\libg_nano.a(lib_a-memchr.o)
 .riscv.attributes
                0x00000000000007df       0x2b e:/nucleistudio_ide_202102-win64/nucleistudio/toolchain/gcc/bin/../lib/gcc/riscv-nuclei-elf/9.2.0/../../../../riscv-nuclei-elf/lib/rv32imac/ilp32\libg_nano.a(lib_a-mlock.o)
 .riscv.attributes
                0x000000000000080a       0x2b e:/nucleistudio_ide_202102-win64/nucleistudio/toolchain/gcc/bin/../lib/gcc/riscv-nuclei-elf/9.2.0/../../../../riscv-nuclei-elf/lib/rv32imac/ilp32\libg_nano.a(lib_a-nano-vfprintf_i.o)
 .riscv.attributes
                0x0000000000000835       0x2b e:/nucleistudio_ide_202102-win64/nucleistudio/toolchain/gcc/bin/../lib/gcc/riscv-nuclei-elf/9.2.0/../../../../riscv-nuclei-elf/lib/rv32imac/ilp32\libg_nano.a(lib_a-readr.o)

.debug_frame    0x0000000000000000     0x20ec
 .debug_frame   0x0000000000000000       0x34 ./nuclei_sdk/SoC/gd32vf103/Common/Source/Stubs/close.o
 .debug_frame   0x0000000000000034       0x34 ./nuclei_sdk/SoC/gd32vf103/Common/Source/Stubs/fstat.o
 .debug_frame   0x0000000000000068       0x34 ./nuclei_sdk/SoC/gd32vf103/Common/Source/Stubs/isatty.o
 .debug_frame   0x000000000000009c       0x34 ./nuclei_sdk/SoC/gd32vf103/Common/Source/Stubs/lseek.o
 .debug_frame   0x00000000000000d0       0x38 ./nuclei_sdk/SoC/gd32vf103/Common/Source/Stubs/read.o
 .debug_frame   0x0000000000000108       0x34 ./nuclei_sdk/SoC/gd32vf103/Common/Source/Stubs/sbrk.o
 .debug_frame   0x000000000000013c       0x38 ./nuclei_sdk/SoC/gd32vf103/Common/Source/Stubs/write.o
 .debug_frame   0x0000000000000174      0x1c0 ./nuclei_sdk/SoC/gd32vf103/Common/Source/Drivers/gd32vf103_exti.o
 .debug_frame   0x0000000000000334      0x27c ./nuclei_sdk/SoC/gd32vf103/Common/Source/Drivers/gd32vf103_gpio.o
 .debug_frame   0x00000000000005b0      0x5e0 ./nuclei_sdk/SoC/gd32vf103/Common/Source/Drivers/gd32vf103_rcu.o
 .debug_frame   0x0000000000000b90      0x9e0 ./nuclei_sdk/SoC/gd32vf103/Common/Source/Drivers/gd32vf103_timer.o
 .debug_frame   0x0000000000001570      0x674 ./nuclei_sdk/SoC/gd32vf103/Common/Source/Drivers/gd32vf103_usart.o
 .debug_frame   0x0000000000001be4       0xb0 ./nuclei_sdk/SoC/gd32vf103/Common/Source/gd32vf103_soc.o
 .debug_frame   0x0000000000001c94      0x264 ./nuclei_sdk/SoC/gd32vf103/Common/Source/system_gd32vf103.o
 .debug_frame   0x0000000000001ef8      0x128 ./nuclei_sdk/SoC/gd32vf103/Board/gd32vf103v_rvstar/Source/gd32vf103v_rvstar.o
 .debug_frame   0x0000000000002020       0xcc ./application/main.o

.debug_loc      0x0000000000000000      0xbfe
 .debug_loc     0x0000000000000000      0xbfe e:/nucleistudio_ide_202102-win64/nucleistudio/toolchain/gcc/bin/../lib/gcc/riscv-nuclei-elf/9.2.0/rv32imac/ilp32\libgcc.a(_udivdi3.o)
