Archive member included to satisfy reference by file (symbol)

e:/nucleistudio_ide_202102-win64/nucleistudio/toolchain/gcc/bin/../lib/gcc/riscv-nuclei-elf/9.2.0/rv32imac/ilp32\libgcc.a(_udivdi3.o)
                              ./nuclei_sdk/SoC/gd32vf103/Common/Source/Stubs/gettimeofday.o (__udivdi3)
e:/nucleistudio_ide_202102-win64/nucleistudio/toolchain/gcc/bin/../lib/gcc/riscv-nuclei-elf/9.2.0/rv32imac/ilp32\libgcc.a(_umoddi3.o)
                              ./nuclei_sdk/SoC/gd32vf103/Common/Source/Stubs/gettimeofday.o (__umoddi3)
e:/nucleistudio_ide_202102-win64/nucleistudio/toolchain/gcc/bin/../lib/gcc/riscv-nuclei-elf/9.2.0/rv32imac/ilp32\libgcc.a(_clz.o)
                              e:/nucleistudio_ide_202102-win64/nucleistudio/toolchain/gcc/bin/../lib/gcc/riscv-nuclei-elf/9.2.0/rv32imac/ilp32\libgcc.a(_udivdi3.o) (__clz_tab)
e:/nucleistudio_ide_202102-win64/nucleistudio/toolchain/gcc/bin/../lib/gcc/riscv-nuclei-elf/9.2.0/../../../../riscv-nuclei-elf/lib/rv32imac/ilp32\libg_nano.a(lib_a-atexit.o)
                              ./nuclei_sdk/SoC/gd32vf103/Common/Source/GCC/startup_gd32vf103.o (atexit)
e:/nucleistudio_ide_202102-win64/nucleistudio/toolchain/gcc/bin/../lib/gcc/riscv-nuclei-elf/9.2.0/../../../../riscv-nuclei-elf/lib/rv32imac/ilp32\libg_nano.a(lib_a-fini.o)
                              ./nuclei_sdk/SoC/gd32vf103/Common/Source/GCC/startup_gd32vf103.o (__libc_fini_array)
e:/nucleistudio_ide_202102-win64/nucleistudio/toolchain/gcc/bin/../lib/gcc/riscv-nuclei-elf/9.2.0/../../../../riscv-nuclei-elf/lib/rv32imac/ilp32\libg_nano.a(lib_a-init.o)
                              ./nuclei_sdk/SoC/gd32vf103/Common/Source/GCC/startup_gd32vf103.o (__libc_init_array)
e:/nucleistudio_ide_202102-win64/nucleistudio/toolchain/gcc/bin/../lib/gcc/riscv-nuclei-elf/9.2.0/../../../../riscv-nuclei-elf/lib/rv32imac/ilp32\libg_nano.a(lib_a-memcpy.o)
                              ./nuclei_sdk/OS/FreeRTOS/Source/queue.o (memcpy)
e:/nucleistudio_ide_202102-win64/nucleistudio/toolchain/gcc/bin/../lib/gcc/riscv-nuclei-elf/9.2.0/../../../../riscv-nuclei-elf/lib/rv32imac/ilp32\libg_nano.a(lib_a-memset.o)
                              ./nuclei_sdk/SoC/gd32vf103/Common/Source/Drivers/Usb/drv_usb_core.o (memset)
e:/nucleistudio_ide_202102-win64/nucleistudio/toolchain/gcc/bin/../lib/gcc/riscv-nuclei-elf/9.2.0/../../../../riscv-nuclei-elf/lib/rv32imac/ilp32\libg_nano.a(lib_a-nano-vfprintf_float.o)
                              (_printf_float)
e:/nucleistudio_ide_202102-win64/nucleistudio/toolchain/gcc/bin/../lib/gcc/riscv-nuclei-elf/9.2.0/../../../../riscv-nuclei-elf/lib/rv32imac/ilp32\libg_nano.a(lib_a-nano-vfprintf_i.o)
                              e:/nucleistudio_ide_202102-win64/nucleistudio/toolchain/gcc/bin/../lib/gcc/riscv-nuclei-elf/9.2.0/../../../../riscv-nuclei-elf/lib/rv32imac/ilp32\libg_nano.a(lib_a-nano-vfprintf_float.o) (_printf_common)
e:/nucleistudio_ide_202102-win64/nucleistudio/toolchain/gcc/bin/../lib/gcc/riscv-nuclei-elf/9.2.0/../../../../riscv-nuclei-elf/lib/rv32imac/ilp32\libg_nano.a(lib_a-printf.o)
                              ./nuclei_sdk/SoC/gd32vf103/Common/Source/system_gd32vf103.o (printf)
e:/nucleistudio_ide_202102-win64/nucleistudio/toolchain/gcc/bin/../lib/gcc/riscv-nuclei-elf/9.2.0/../../../../riscv-nuclei-elf/lib/rv32imac/ilp32\libg_nano.a(lib_a-puts.o)
                              ./application/main.o (puts)
e:/nucleistudio_ide_202102-win64/nucleistudio/toolchain/gcc/bin/../lib/gcc/riscv-nuclei-elf/9.2.0/../../../../riscv-nuclei-elf/lib/rv32imac/ilp32\libg_nano.a(lib_a-reent.o)
                              ./nuclei_sdk/SoC/gd32vf103/Common/Source/Stubs/close.o (errno)
e:/nucleistudio_ide_202102-win64/nucleistudio/toolchain/gcc/bin/../lib/gcc/riscv-nuclei-elf/9.2.0/../../../../riscv-nuclei-elf/lib/rv32imac/ilp32\libg_nano.a(lib_a-sprintf.o)
                              ./nuclei_sdk/OS/FreeRTOS/Source/tasks.o (sprintf)
e:/nucleistudio_ide_202102-win64/nucleistudio/toolchain/gcc/bin/../lib/gcc/riscv-nuclei-elf/9.2.0/../../../../riscv-nuclei-elf/lib/rv32imac/ilp32\libg_nano.a(lib_a-strcpy.o)
                              ./nuclei_sdk/OS/FreeRTOS/Source/tasks.o (strcpy)
e:/nucleistudio_ide_202102-win64/nucleistudio/toolchain/gcc/bin/../lib/gcc/riscv-nuclei-elf/9.2.0/../../../../riscv-nuclei-elf/lib/rv32imac/ilp32\libg_nano.a(lib_a-strlen.o)
                              ./nuclei_sdk/OS/FreeRTOS/Source/tasks.o (strlen)
e:/nucleistudio_ide_202102-win64/nucleistudio/toolchain/gcc/bin/../lib/gcc/riscv-nuclei-elf/9.2.0/../../../../riscv-nuclei-elf/lib/rv32imac/ilp32\libg_nano.a(lib_a-sysisatty.o)
                              ./nuclei_sdk/SoC/gd32vf103/Common/Source/Stubs/write.o (isatty)
e:/nucleistudio_ide_202102-win64/nucleistudio/toolchain/gcc/bin/../lib/gcc/riscv-nuclei-elf/9.2.0/../../../../riscv-nuclei-elf/lib/rv32imac/ilp32\libg_nano.a(lib_a-wbuf.o)
[...]
Memory Configuration

Name             Origin             Length             Attributes
flash            0x0000000008000000 0x0000000000020000 axrl !w
ram              0x0000000020000000 0x0000000000005000 axw !rl
*default*        0x0000000000000000 0xffffffffffffffff

Linker script and memory map

LOAD ./nuclei_sdk/SoC/gd32vf103/Common/Source/Stubs/clock_getres.o
LOAD ./nuclei_sdk/SoC/gd32vf103/Common/Source/Stubs/clock_gettime.o
LOAD ./nuclei_sdk/SoC/gd32vf103/Common/Source/Stubs/clock_settime.o
LOAD ./nuclei_sdk/SoC/gd32vf103/Common/Source/Stubs/close.o
LOAD ./nuclei_sdk/SoC/gd32vf103/Common/Source/Stubs/execve.o
LOAD ./nuclei_sdk/SoC/gd32vf103/Common/Source/Stubs/exit.o
LOAD ./nuclei_sdk/SoC/gd32vf103/Common/Source/Stubs/fork.o
LOAD ./nuclei_sdk/SoC/gd32vf103/Common/Source/Stubs/fstat.o
LOAD ./nuclei_sdk/SoC/gd32vf103/Common/Source/Stubs/getpid.o
LOAD ./nuclei_sdk/SoC/gd32vf103/Common/Source/Stubs/gettimeofday.o
LOAD ./nuclei_sdk/SoC/gd32vf103/Common/Source/Stubs/isatty.o
LOAD ./nuclei_sdk/SoC/gd32vf103/Common/Source/Stubs/kill.o
LOAD ./nuclei_sdk/SoC/gd32vf103/Common/Source/Stubs/link.o
LOAD ./nuclei_sdk/SoC/gd32vf103/Common/Source/Stubs/lseek.o
LOAD ./nuclei_sdk/SoC/gd32vf103/Common/Source/Stubs/open.o
LOAD ./nuclei_sdk/SoC/gd32vf103/Common/Source/Stubs/read.o
LOAD ./nuclei_sdk/SoC/gd32vf103/Common/Source/Stubs/sbrk.o
LOAD ./nuclei_sdk/SoC/gd32vf103/Common/Source/Stubs/stat.o
LOAD ./nuclei_sdk/SoC/gd32vf103/Common/Source/Stubs/times.o
LOAD ./nuclei_sdk/SoC/gd32vf103/Common/Source/Stubs/unlink.o
LOAD ./nuclei_sdk/SoC/gd32vf103/Common/Source/Stubs/wait.o
LOAD ./nuclei_sdk/SoC/gd32vf103/Common/Source/Stubs/write.o
LOAD ./nuclei_sdk/SoC/gd32vf103/Common/Source/GCC/intexc_gd32vf103.o
LOAD ./nuclei_sdk/SoC/gd32vf103/Common/Source/GCC/startup_gd32vf103.o
LOAD ./nuclei_sdk/SoC/gd32vf103/Common/Source/Drivers/Usb/drv_usb_core.o
LOAD ./nuclei_sdk/SoC/gd32vf103/Common/Source/Drivers/Usb/drv_usb_dev.o
LOAD ./nuclei_sdk/SoC/gd32vf103/Common/Source/Drivers/Usb/drv_usb_host.o
LOAD ./nuclei_sdk/SoC/gd32vf103/Common/Source/Drivers/Usb/drv_usbd_int.o
LOAD ./nuclei_sdk/SoC/gd32vf103/Common/Source/Drivers/Usb/drv_usbh_int.o
LOAD ./nuclei_sdk/SoC/gd32vf103/Common/Source/Drivers/Usb/gd32vf103_usb_hw.o
LOAD ./nuclei_sdk/SoC/gd32vf103/Common/Source/Drivers/Usb/usbd_core.o
LOAD ./nuclei_sdk/SoC/gd32vf103/Common/Source/Drivers/Usb/usbd_enum.o
LOAD ./nuclei_sdk/SoC/gd32vf103/Common/Source/Drivers/Usb/usbd_transc.o
LOAD ./nuclei_sdk/SoC/gd32vf103/Common/Source/Drivers/Usb/usbh_core.o
LOAD ./nuclei_sdk/SoC/gd32vf103/Common/Source/Drivers/Usb/usbh_enum.o
LOAD ./nuclei_sdk/SoC/gd32vf103/Common/Source/Drivers/Usb/usbh_pipe.o
LOAD ./nuclei_sdk/SoC/gd32vf103/Common/Source/Drivers/Usb/usbh_transc.o
LOAD ./nuclei_sdk/SoC/gd32vf103/Common/Source/Drivers/gd32vf103_adc.o
LOAD ./nuclei_sdk/SoC/gd32vf103/Common/Source/Drivers/gd32vf103_bkp.o
LOAD ./nuclei_sdk/SoC/gd32vf103/Common/Source/Drivers/gd32vf103_can.o
LOAD ./nuclei_sdk/SoC/gd32vf103/Common/Source/Drivers/gd32vf103_crc.o
LOAD ./nuclei_sdk/SoC/gd32vf103/Common/Source/Drivers/gd32vf103_dac.o
LOAD ./nuclei_sdk/SoC/gd32vf103/Common/Source/Drivers/gd32vf103_dbg.o
LOAD ./nuclei_sdk/SoC/gd32vf103/Common/Source/Drivers/gd32vf103_dma.o
LOAD ./nuclei_sdk/SoC/gd32vf103/Common/Source/Drivers/gd32vf103_eclic.o
LOAD ./nuclei_sdk/SoC/gd32vf103/Common/Source/Drivers/gd32vf103_exmc.o
LOAD ./nuclei_sdk/SoC/gd32vf103/Common/Source/Drivers/gd32vf103_exti.o
LOAD ./nuclei_sdk/SoC/gd32vf103/Common/Source/Drivers/gd32vf103_fmc.o
LOAD ./nuclei_sdk/SoC/gd32vf103/Common/Source/Drivers/gd32vf103_fwdgt.o
LOAD ./nuclei_sdk/SoC/gd32vf103/Common/Source/Drivers/gd32vf103_gpio.o
LOAD ./nuclei_sdk/SoC/gd32vf103/Common/Source/Drivers/gd32vf103_i2c.o
LOAD ./nuclei_sdk/SoC/gd32vf103/Common/Source/Drivers/gd32vf103_pmu.o
LOAD ./nuclei_sdk/SoC/gd32vf103/Common/Source/Drivers/gd32vf103_rcu.o
LOAD ./nuclei_sdk/SoC/gd32vf103/Common/Source/Drivers/gd32vf103_rtc.o
LOAD ./nuclei_sdk/SoC/gd32vf103/Common/Source/Drivers/gd32vf103_spi.o
LOAD ./nuclei_sdk/SoC/gd32vf103/Common/Source/Drivers/gd32vf103_timer.o
LOAD ./nuclei_sdk/SoC/gd32vf103/Common/Source/Drivers/gd32vf103_usart.o
LOAD ./nuclei_sdk/SoC/gd32vf103/Common/Source/Drivers/gd32vf103_wwdgt.o
LOAD ./nuclei_sdk/SoC/gd32vf103/Common/Source/gd32vf103_soc.o
LOAD ./nuclei_sdk/SoC/gd32vf103/Common/Source/system_gd32vf103.o
LOAD ./nuclei_sdk/SoC/gd32vf103/Common/Include/n200_func.o
LOAD ./nuclei_sdk/SoC/gd32vf103/Board/gd32vf103v_rvstar/Source/gd32vf103v_rvstar.o
LOAD ./nuclei_sdk/OS/FreeRTOS/Source/portable/MemMang/heap_4.o
LOAD ./nuclei_sdk/OS/FreeRTOS/Source/portable/GCC/port.o
LOAD ./nuclei_sdk/OS/FreeRTOS/Source/portable/GCC/portasm.o
LOAD ./nuclei_sdk/OS/FreeRTOS/Source/croutine.o
LOAD ./nuclei_sdk/OS/FreeRTOS/Source/event_groups.o
LOAD ./nuclei_sdk/OS/FreeRTOS/Source/list.o
LOAD ./nuclei_sdk/OS/FreeRTOS/Source/queue.o
LOAD ./nuclei_sdk/OS/FreeRTOS/Source/stream_buffer.o
LOAD ./nuclei_sdk/OS/FreeRTOS/Source/tasks.o
LOAD ./nuclei_sdk/OS/FreeRTOS/Source/timers.o
LOAD ./application/main.o
LOAD D:\risc_studio\789\nuclei_sdk\NMSIS\Library\DSP\GCC\libnmsis_dsp_rv32imac.a
LOAD D:\risc_studio\789\nuclei_sdk\NMSIS\Library\NN\GCC\libnmsis_nn_rv32imac.a
LOAD e:/nucleistudio_ide_202102-win64/nucleistudio/toolchain/gcc/bin/../lib/gcc/riscv-nuclei-elf/9.2.0/../../../../riscv-nuclei-elf/lib/rv32imac/ilp32\libstdc++.a
LOAD e:/nucleistudio_ide_202102-win64/nucleistudio/toolchain/gcc/bin/../lib/gcc/riscv-nuclei-elf/9.2.0/../../../../riscv-nuclei-elf/lib/rv32imac/ilp32\libstdc++.a
LOAD e:/nucleistudio_ide_202102-win64/nucleistudio/toolchain/gcc/bin/../lib/gcc/riscv-nuclei-elf/9.2.0/../../../../riscv-nuclei-elf/lib/rv32imac/ilp32\libm.a
LOAD e:/nucleistudio_ide_202102-win64/nucleistudio/toolchain/gcc/bin/../lib/gcc/riscv-nuclei-elf/9.2.0/rv32imac/ilp32\libgcc.a
LOAD e:/nucleistudio_ide_202102-win64/nucleistudio/toolchain/gcc/bin/../lib/gcc/riscv-nuclei-elf/9.2.0/../../../../riscv-nuclei-elf/lib/rv32imac/ilp32\libg_nano.a
LOAD e:/nucleistudio_ide_202102-win64/nucleistudio/toolchain/gcc/bin/../lib/gcc/riscv-nuclei-elf/9.2.0/../../../../riscv-nuclei-elf/lib/rv32imac/ilp32\libc_nano.a
LOAD e:/nucleistudio_ide_202102-win64/nucleistudio/toolchain/gcc/bin/../lib/gcc/riscv-nuclei-elf/9.2.0/rv32imac/ilp32\libgcc.a
START GROUP
LOAD e:/nucleistudio_ide_202102-win64/nucleistudio/toolchain/gcc/bin/../lib/gcc/riscv-nuclei-elf/9.2.0/rv32imac/ilp32\libgcc.a
LOAD e:/nucleistudio_ide_202102-win64/nucleistudio/toolchain/gcc/bin/../lib/gcc/riscv-nuclei-elf/9.2.0/../../../../riscv-nuclei-elf/lib/rv32imac/ilp32\libc_nano.a
LOAD e:/nucleistudio_ide_202102-win64/nucleistudio/toolchain/gcc/bin/../lib/gcc/riscv-nuclei-elf/9.2.0/../../../../riscv-nuclei-elf/lib/rv32imac/ilp32\libnosys.a
END GROUP
START GROUP
LOAD e:/nucleistudio_ide_202102-win64/nucleistudio/toolchain/gcc/bin/../lib/gcc/riscv-nuclei-elf/9.2.0/rv32imac/ilp32\libgcc.a
LOAD e:/nucleistudio_ide_202102-win64/nucleistudio/toolchain/gcc/bin/../lib/gcc/riscv-nuclei-elf/9.2.0/../../../../riscv-nuclei-elf/lib/rv32imac/ilp32\libc_nano.a
LOAD e:/nucleistudio_ide_202102-win64/nucleistudio/toolchain/gcc/bin/../lib/gcc/riscv-nuclei-elf/9.2.0/../../../../riscv-nuclei-elf/lib/rv32imac/ilp32\libnosys.a
END GROUP
                0x0000000008000000                __ROM_BASE = 0x8000000
                0x0000000000020000                __ROM_SIZE = 0x20000
                0x0000000080000000                __ILM_RAM_BASE = 0x80000000
                0x0000000000010000                __ILM_RAM_SIZE = 0x10000
                0x0000000020000000                __RAM_BASE = 0x20000000
                0x0000000000005000                __RAM_SIZE = 0x5000
                0x0000000000000800                __STACK_SIZE = 0x800
                0x0000000000000800                __HEAP_SIZE = 0x800
                0x0000000000000800                __STACK_SIZE = DEFINED (__STACK_SIZE)?__STACK_SIZE:0x800

.init           0x0000000008000000      0x272
 *(.vtable)
 .vtable        0x0000000008000000      0x15c ./nuclei_sdk/SoC/gd32vf103/Common/Source/GCC/startup_gd32vf103.o
                0x0000000008000000                vector_base
 *(SORT_NONE(.init))
 .init          0x000000000800015c      0x116 ./nuclei_sdk/SoC/gd32vf103/Common/Source/GCC/startup_gd32vf103.o
                0x000000000800015c                _start

.ilalign        0x0000000008000272        0x2
                0x0000000008000274                . = ALIGN (0x4)
 *fill*         0x0000000008000272        0x2 
                0x0000000008000274                PROVIDE (_ilm_lma = .)

.ialign         0x0000000008000274        0x0
                0x0000000008000274                PROVIDE (_ilm = .)

.text           0x0000000008000280     0xca1a
 *(.text.unlikely .text.unlikely.*)
 *(.text.startup .text.startup.*)
 *(.text .text.*)
 .text._close   0x0000000008000280       0x20 ./nuclei_sdk/SoC/gd32vf103/Common/Source/Stubs/close.o
                0x0000000008000280                _close
 .text._fstat   0x00000000080002a0       0x44 ./nuclei_sdk/SoC/gd32vf103/Common/Source/Stubs/fstat.o
                0x00000000080002a0                _fstat
 .text._isatty  0x00000000080002e4       0x14 ./nuclei_sdk/SoC/gd32vf103/Common/Source/Stubs/isatty.o
                0x00000000080002e4                _isatty
 .text._lseek   0x00000000080002f8       0x1c ./nuclei_sdk/SoC/gd32vf103/Common/Source/Stubs/lseek.o
                0x00000000080002f8                _lseek
 .text._read    0x0000000008000314       0x46 ./nuclei_sdk/SoC/gd32vf103/Common/Source/Stubs/read.o
                0x0000000008000314                _read
 .text._sbrk    0x000000000800035a       0x7c ./nuclei_sdk/SoC/gd32vf103/Common/Source/Stubs/sbrk.o
                0x000000000800035a                _sbrk
 .text._write   0x00000000080003d6       0x8c ./nuclei_sdk/SoC/gd32vf103/Common/Source/Stubs/write.o
                0x00000000080003d6                _write
 .text.eclic_global_interrupt_enable
                0x0000000008000462       0x16 ./nuclei_sdk/SoC/gd32vf103/Common/Source/Drivers/gd32vf103_eclic.o
                0x0000000008000462                eclic_global_interrupt_enable
 .text.eclic_irq_enable
                0x0000000008000478       0x48 ./nuclei_sdk/SoC/gd32vf103/Common/Source/Drivers/gd32vf103_eclic.o
                0x0000000008000478                eclic_irq_enable
 .text.exti_init
                0x00000000080004c0      0x1ae ./nuclei_sdk/SoC/gd32vf103/Common/Source/Drivers/gd32vf103_exti.o
                0x00000000080004c0                exti_init
 .text.exti_interrupt_flag_get
                0x000000000800066e       0x4c ./nuclei_sdk/SoC/gd32vf103/Common/Source/Drivers/gd32vf103_exti.o
                0x000000000800066e                exti_interrupt_flag_get
 .text.exti_interrupt_flag_clear
                0x00000000080006ba       0x20 ./nuclei_sdk/SoC/gd32vf103/Common/Source/Drivers/gd32vf103_exti.o
                0x00000000080006ba                exti_interrupt_flag_clear
 .text.gpio_init
                0x00000000080006da      0x1d4 ./nuclei_sdk/SoC/gd32vf103/Common/Source/Drivers/gd32vf103_gpio.o
                0x00000000080006da                gpio_init
 .text.gpio_input_bit_get
                0x00000000080008ae       0x2c ./nuclei_sdk/SoC/gd32vf103/Common/Source/Drivers/gd32vf103_gpio.o
                0x00000000080008ae                gpio_input_bit_get
 .text.gpio_exti_source_select
                0x00000000080008da      0x146 ./nuclei_sdk/SoC/gd32vf103/Common/Source/Drivers/gd32vf103_gpio.o
                0x00000000080008da                gpio_exti_source_select
 .text.rcu_periph_clock_enable
                0x0000000008000a20       0x40 ./nuclei_sdk/SoC/gd32vf103/Common/Source/Drivers/gd32vf103_rcu.o
                0x0000000008000a20                rcu_periph_clock_enable
 .text.rcu_periph_reset_enable
                0x0000000008000a60       0x40 ./nuclei_sdk/SoC/gd32vf103/Common/Source/Drivers/gd32vf103_rcu.o
                0x0000000008000a60                rcu_periph_reset_enable
 .text.rcu_periph_reset_disable
                0x0000000008000aa0       0x44 ./nuclei_sdk/SoC/gd32vf103/Common/Source/Drivers/gd32vf103_rcu.o
                0x0000000008000aa0                rcu_periph_reset_disable
 .text.rcu_clock_freq_get
                0x0000000008000ae4      0x2fa ./nuclei_sdk/SoC/gd32vf103/Common/Source/Drivers/gd32vf103_rcu.o
                0x0000000008000ae4                rcu_clock_freq_get
 .text.timer_deinit
                0x0000000008000dde      0x130 ./nuclei_sdk/SoC/gd32vf103/Common/Source/Drivers/gd32vf103_timer.o
                0x0000000008000dde                timer_deinit
 .text.timer_struct_para_init
                0x0000000008000f0e       0x44 ./nuclei_sdk/SoC/gd32vf103/Common/Source/Drivers/gd32vf103_timer.o
                0x0000000008000f0e                timer_struct_para_init
 .text.timer_init
                0x0000000008000f52      0x170 ./nuclei_sdk/SoC/gd32vf103/Common/Source/Drivers/gd32vf103_timer.o
                0x0000000008000f52                timer_init
 .text.timer_enable
                0x00000000080010c2       0x22 ./nuclei_sdk/SoC/gd32vf103/Common/Source/Drivers/gd32vf103_timer.o
                0x00000000080010c2                timer_enable
 .text.timer_channel_output_struct_para_init
                0x00000000080010e4       0x42 ./nuclei_sdk/SoC/gd32vf103/Common/Source/Drivers/gd32vf103_timer.o
                0x00000000080010e4                timer_channel_output_struct_para_init
 .text.timer_channel_output_config
                0x0000000008001126      0x54e ./nuclei_sdk/SoC/gd32vf103/Common/Source/Drivers/gd32vf103_timer.o
                0x0000000008001126                timer_channel_output_config
 .text.timer_channel_output_mode_config
                0x0000000008001674      0x104 ./nuclei_sdk/SoC/gd32vf103/Common/Source/Drivers/gd32vf103_timer.o
                0x0000000008001674                timer_channel_output_mode_config
 .text.timer_channel_output_pulse_value_config
                0x0000000008001778       0x8c ./nuclei_sdk/SoC/gd32vf103/Common/Source/Drivers/gd32vf103_timer.o
                0x0000000008001778                timer_channel_output_pulse_value_config
 .text.timer_channel_output_shadow_config
                0x0000000008001804      0x104 ./nuclei_sdk/SoC/gd32vf103/Common/Source/Drivers/gd32vf103_timer.o
                0x0000000008001804                timer_channel_output_shadow_config
 .text.timer_interrupt_enable
                0x0000000008001908       0x2e ./nuclei_sdk/SoC/gd32vf103/Common/Source/Drivers/gd32vf103_timer.o
                0x0000000008001908                timer_interrupt_enable
 .text.timer_interrupt_flag_get
                0x0000000008001936       0x44 ./nuclei_sdk/SoC/gd32vf103/Common/Source/Drivers/gd32vf103_timer.o
                0x0000000008001936                timer_interrupt_flag_get
 .text.timer_interrupt_flag_clear
                0x000000000800197a       0x28 ./nuclei_sdk/SoC/gd32vf103/Common/Source/Drivers/gd32vf103_timer.o
                0x000000000800197a                timer_interrupt_flag_clear
 .text.usart_deinit
                0x00000000080019a2       0xec ./nuclei_sdk/SoC/gd32vf103/Common/Source/Drivers/gd32vf103_usart.o
                0x00000000080019a2                usart_deinit
 .text.usart_baudrate_set
                0x0000000008001a8e      0x12e ./nuclei_sdk/SoC/gd32vf103/Common/Source/Drivers/gd32vf103_usart.o
                0x0000000008001a8e                usart_baudrate_set
 .text.usart_parity_config
                0x0000000008001bbc       0x42 ./nuclei_sdk/SoC/gd32vf103/Common/Source/Drivers/gd32vf103_usart.o
                0x0000000008001bbc                usart_parity_config
 .text.usart_word_length_set
                0x0000000008001bfe       0x46 ./nuclei_sdk/SoC/gd32vf103/Common/Source/Drivers/gd32vf103_usart.o
                0x0000000008001bfe                usart_word_length_set
 .text.usart_stop_bit_set
                0x0000000008001c44       0x46 ./nuclei_sdk/SoC/gd32vf103/Common/Source/Drivers/gd32vf103_usart.o
                0x0000000008001c44                usart_stop_bit_set
 .text.usart_enable
                0x0000000008001c8a       0x28 ./nuclei_sdk/SoC/gd32vf103/Common/Source/Drivers/gd32vf103_usart.o
                0x0000000008001c8a                usart_enable
 .text.usart_transmit_config
                0x0000000008001cb2       0x4c ./nuclei_sdk/SoC/gd32vf103/Common/Source/Drivers/gd32vf103_usart.o
                0x0000000008001cb2                usart_transmit_config
 .text.usart_receive_config
                0x0000000008001cfe       0x4c ./nuclei_sdk/SoC/gd32vf103/Common/Source/Drivers/gd32vf103_usart.o
                0x0000000008001cfe                usart_receive_config
 .text.usart_data_transmit
                0x0000000008001d4a       0x28 ./nuclei_sdk/SoC/gd32vf103/Common/Source/Drivers/gd32vf103_usart.o
                0x0000000008001d4a                usart_data_transmit
 .text.usart_data_receive
                0x0000000008001d72       0x26 ./nuclei_sdk/SoC/gd32vf103/Common/Source/Drivers/gd32vf103_usart.o
                0x0000000008001d72                usart_data_receive
 .text.usart_hardware_flow_rts_config
                0x0000000008001d98       0x4e ./nuclei_sdk/SoC/gd32vf103/Common/Source/Drivers/gd32vf103_usart.o
                0x0000000008001d98                usart_hardware_flow_rts_config
 .text.usart_hardware_flow_cts_config
                0x0000000008001de6       0x4e ./nuclei_sdk/SoC/gd32vf103/Common/Source/Drivers/gd32vf103_usart.o
                0x0000000008001de6                usart_hardware_flow_cts_config
 .text.usart_flag_get
                0x0000000008001e34       0x3c ./nuclei_sdk/SoC/gd32vf103/Common/Source/Drivers/gd32vf103_usart.o
                0x0000000008001e34                usart_flag_get
 .text.usart_write
                0x0000000008001e70       0x3c ./nuclei_sdk/SoC/gd32vf103/Common/Source/Drivers/gd32vf103_usart.o
                0x0000000008001e70                usart_write
 .text.usart_read
                0x0000000008001eac       0x30 ./nuclei_sdk/SoC/gd32vf103/Common/Source/Drivers/gd32vf103_usart.o
                0x0000000008001eac                usart_read
 .text.get_timer_freq
                0x0000000008001edc       0x1a ./nuclei_sdk/SoC/gd32vf103/Common/Source/gd32vf103_soc.o
 .text.measure_cpu_freq
                0x0000000008001ef6       0xb6 ./nuclei_sdk/SoC/gd32vf103/Common/Source/gd32vf103_soc.o
                0x0000000008001ef6                measure_cpu_freq
 .text.get_cpu_freq
                0x0000000008001fac       0x24 ./nuclei_sdk/SoC/gd32vf103/Common/Source/gd32vf103_soc.o
                0x0000000008001fac                get_cpu_freq
 .text.system_clock_108m_hxtal
                0x0000000008001fd0      0x198 ./nuclei_sdk/SoC/gd32vf103/Common/Source/system_gd32vf103.o
 .text.system_clock_config
                0x0000000008002168       0x14 ./nuclei_sdk/SoC/gd32vf103/Common/Source/system_gd32vf103.o
 .text.SystemInit
                0x000000000800217c       0xa8 ./nuclei_sdk/SoC/gd32vf103/Common/Source/system_gd32vf103.o
                0x000000000800217c                SystemInit
 .text.system_default_exception_handler
                0x0000000008002224       0x4e ./nuclei_sdk/SoC/gd32vf103/Common/Source/system_gd32vf103.o
 .text.Exception_Init
                0x0000000008002272       0x40 ./nuclei_sdk/SoC/gd32vf103/Common/Source/system_gd32vf103.o
 .text.core_exception_handler
                0x00000000080022b2       0x80 ./nuclei_sdk/SoC/gd32vf103/Common/Source/system_gd32vf103.o
                0x00000000080022b2                core_exception_handler
 .text.SystemBannerPrint
                0x0000000008002332       0x78 ./nuclei_sdk/SoC/gd32vf103/Common/Source/system_gd32vf103.o
                0x0000000008002332                SystemBannerPrint
 .text.ECLIC_Init
                0x00000000080023aa       0x80 ./nuclei_sdk/SoC/gd32vf103/Common/Source/system_gd32vf103.o
                0x00000000080023aa                ECLIC_Init
 .text.ECLIC_Register_IRQ
                0x000000000800242a      0x3ec ./nuclei_sdk/SoC/gd32vf103/Common/Source/system_gd32vf103.o
                0x000000000800242a                ECLIC_Register_IRQ
 .text._premain_init
                0x0000000008002816       0x2e ./nuclei_sdk/SoC/gd32vf103/Common/Source/system_gd32vf103.o
                0x0000000008002816                _premain_init
 .text._postmain_fini
                0x0000000008002844       0x12 ./nuclei_sdk/SoC/gd32vf103/Common/Source/system_gd32vf103.o
                0x0000000008002844                _postmain_fini
 .text._init    0x0000000008002856        0xe ./nuclei_sdk/SoC/gd32vf103/Common/Source/system_gd32vf103.o
                0x0000000008002856                _init
 .text._fini    0x0000000008002864        0xe ./nuclei_sdk/SoC/gd32vf103/Common/Source/system_gd32vf103.o
                0x0000000008002864                _fini
 .text.eclic_enable_interrupt
                0x0000000008002872       0x2a ./nuclei_sdk/SoC/gd32vf103/Common/Include/n200_func.o
                0x0000000008002872                eclic_enable_interrupt
 .text.eclic_set_intctrl
                0x000000000800289c       0x32 ./nuclei_sdk/SoC/gd32vf103/Common/Include/n200_func.o
                0x000000000800289c                eclic_set_intctrl
 .text.eclic_get_intctrl
                0x00000000080028ce       0x2a ./nuclei_sdk/SoC/gd32vf103/Common/Include/n200_func.o
                0x00000000080028ce                eclic_get_intctrl
 .text.eclic_set_cliccfg
                0x00000000080028f8       0x20 ./nuclei_sdk/SoC/gd32vf103/Common/Include/n200_func.o
                0x00000000080028f8                eclic_set_cliccfg
 .text.eclic_get_cliccfg
                0x0000000008002918       0x1a ./nuclei_sdk/SoC/gd32vf103/Common/Include/n200_func.o
                0x0000000008002918                eclic_get_cliccfg
 .text.eclic_set_nlbits
                0x0000000008002932       0x4c ./nuclei_sdk/SoC/gd32vf103/Common/Include/n200_func.o
                0x0000000008002932                eclic_set_nlbits
 .text.eclic_get_nlbits
                0x000000000800297e       0x2e ./nuclei_sdk/SoC/gd32vf103/Common/Include/n200_func.o
                0x000000000800297e                eclic_get_nlbits
 .text.eclic_set_irq_lvl_abs
                0x00000000080029ac       0x8c ./nuclei_sdk/SoC/gd32vf103/Common/Include/n200_func.o
                0x00000000080029ac                eclic_set_irq_lvl_abs
 .text.eclic_set_irq_priority
                0x0000000008002a38       0x94 ./nuclei_sdk/SoC/gd32vf103/Common/Include/n200_func.o
                0x0000000008002a38                eclic_set_irq_priority
 .text.gd_led_init
                0x0000000008002acc       0x86 ./nuclei_sdk/SoC/gd32vf103/Board/gd32vf103v_rvstar/Source/gd32vf103v_rvstar.o
                0x0000000008002acc                gd_led_init
 .text.gd_key_init
                0x0000000008002b52      0x2bc ./nuclei_sdk/SoC/gd32vf103/Board/gd32vf103v_rvstar/Source/gd32vf103v_rvstar.o
                0x0000000008002b52                gd_key_init
 .text.gd_key_state_get
                0x0000000008002e0e       0x2e ./nuclei_sdk/SoC/gd32vf103/Board/gd32vf103v_rvstar/Source/gd32vf103v_rvstar.o
                0x0000000008002e0e                gd_key_state_get
 .text.gd_com_init
                0x0000000008002e3c       0xb2 ./nuclei_sdk/SoC/gd32vf103/Board/gd32vf103v_rvstar/Source/gd32vf103v_rvstar.o
                0x0000000008002e3c                gd_com_init
 .text.pvPortMalloc
                0x0000000008002eee      0x244 ./nuclei_sdk/OS/FreeRTOS/Source/portable/MemMang/heap_4.o
                0x0000000008002eee                pvPortMalloc
 .text.vPortFree
                0x0000000008003132      0x118 ./nuclei_sdk/OS/FreeRTOS/Source/portable/MemMang/heap_4.o
                0x0000000008003132                vPortFree
 .text.prvHeapInit
                0x000000000800324a      0x120 ./nuclei_sdk/OS/FreeRTOS/Source/portable/MemMang/heap_4.o
 .text.prvInsertBlockIntoFreeList
                0x000000000800336a       0xfc ./nuclei_sdk/OS/FreeRTOS/Source/portable/MemMang/heap_4.o
 .text.SysTick_Config
                0x0000000008003466      0x202 ./nuclei_sdk/OS/FreeRTOS/Source/portable/GCC/port.o
 .text.pxPortInitialiseStack
                0x0000000008003668       0x76 ./nuclei_sdk/OS/FreeRTOS/Source/portable/GCC/port.o
                0x0000000008003668                pxPortInitialiseStack
 .text.prvTaskExitError
                0x00000000080036de       0x7a ./nuclei_sdk/OS/FreeRTOS/Source/portable/GCC/port.o
 .text.prvCheckMaxSysCallPrio
                0x0000000008003758       0x78 ./nuclei_sdk/OS/FreeRTOS/Source/portable/GCC/port.o
 .text.prvCalcMaxSysCallMTH
                0x00000000080037d0       0xbe ./nuclei_sdk/OS/FreeRTOS/Source/portable/GCC/port.o
 .text.xPortStartScheduler
                0x000000000800388e       0x54 ./nuclei_sdk/OS/FreeRTOS/Source/portable/GCC/port.o
                0x000000000800388e                xPortStartScheduler
 .text.vPortEnterCritical
                0x00000000080038e2       0x84 ./nuclei_sdk/OS/FreeRTOS/Source/portable/GCC/port.o
                0x00000000080038e2                vPortEnterCritical
 .text.vPortExitCritical
                0x0000000008003966       0x70 ./nuclei_sdk/OS/FreeRTOS/Source/portable/GCC/port.o
                0x0000000008003966                vPortExitCritical
 .text.xPortTaskSwitch
                0x00000000080039d6       0x74 ./nuclei_sdk/OS/FreeRTOS/Source/portable/GCC/port.o
                0x00000000080039d6                xPortTaskSwitch
 .text.eclic_mtip_handler
                0x0000000008003a4a      0x130 ./nuclei_sdk/OS/FreeRTOS/Source/portable/GCC/port.o
                0x0000000008003a4a                eclic_mtip_handler
 .text.vPortSetupTimerInterrupt
                0x0000000008003b7a      0x3c8 ./nuclei_sdk/OS/FreeRTOS/Source/portable/GCC/port.o
                0x0000000008003b7a                vPortSetupTimerInterrupt
 .text.vPortValidateInterruptPriority
                0x0000000008003f42      0x12e ./nuclei_sdk/OS/FreeRTOS/Source/portable/GCC/port.o
                0x0000000008003f42                vPortValidateInterruptPriority
 *fill*         0x0000000008004070       0x10 
 .text.trap     0x0000000008004080       0x7e ./nuclei_sdk/OS/FreeRTOS/Source/portable/GCC/portasm.o
                0x0000000008004080                exc_entry
 *fill*         0x00000000080040fe        0x2 
 .text.irq      0x0000000008004100      0x194 ./nuclei_sdk/OS/FreeRTOS/Source/portable/GCC/portasm.o
                0x0000000008004100                irq_entry
                0x000000000800417a                default_intexc_handler
                0x0000000008004180                prvPortStartFirstTask
                0x00000000080041e4                eclic_msip_handler
 .text.xEventGroupCreate
                0x0000000008004294       0x3e ./nuclei_sdk/OS/FreeRTOS/Source/event_groups.o
                0x0000000008004294                xEventGroupCreate
 .text.vListInitialise
                0x00000000080042d2       0x50 ./nuclei_sdk/OS/FreeRTOS/Source/list.o
                0x00000000080042d2                vListInitialise
 .text.vListInitialiseItem
                0x0000000008004322       0x1a ./nuclei_sdk/OS/FreeRTOS/Source/list.o
                0x0000000008004322                vListInitialiseItem
 .text.vListInsertEnd
                0x000000000800433c       0x66 ./nuclei_sdk/OS/FreeRTOS/Source/list.o
                0x000000000800433c                vListInsertEnd
 .text.vListInsert
                0x00000000080043a2       0xca ./nuclei_sdk/OS/FreeRTOS/Source/list.o
                0x00000000080043a2                vListInsert
 .text.uxListRemove
                0x000000000800446c       0x70 ./nuclei_sdk/OS/FreeRTOS/Source/list.o
                0x000000000800446c                uxListRemove
 .text.xQueueGenericReset
                0x00000000080044dc      0x114 ./nuclei_sdk/OS/FreeRTOS/Source/queue.o
                0x00000000080044dc                xQueueGenericReset
 .text.xQueueGenericCreate
                0x00000000080045f0       0xa0 ./nuclei_sdk/OS/FreeRTOS/Source/queue.o
                0x00000000080045f0                xQueueGenericCreate
 .text.prvInitialiseNewQueue
                0x0000000008004690       0x6c ./nuclei_sdk/OS/FreeRTOS/Source/queue.o
 .text.xQueueCreateCountingSemaphore
                0x00000000080046fc       0x92 ./nuclei_sdk/OS/FreeRTOS/Source/queue.o
                0x00000000080046fc                xQueueCreateCountingSemaphore
 .text.xQueueGenericSend
                0x000000000800478e      0x2b0 ./nuclei_sdk/OS/FreeRTOS/Source/queue.o
                0x000000000800478e                xQueueGenericSend
 .text.xQueueGenericSendFromISR
                0x0000000008004a3e      0x1c8 ./nuclei_sdk/OS/FreeRTOS/Source/queue.o
                0x0000000008004a3e                xQueueGenericSendFromISR
 .text.xQueueGiveFromISR
                0x0000000008004c06      0x19e ./nuclei_sdk/OS/FreeRTOS/Source/queue.o
                0x0000000008004c06                xQueueGiveFromISR
 .text.xQueueReceive
                0x0000000008004da4      0x24c ./nuclei_sdk/OS/FreeRTOS/Source/queue.o
                0x0000000008004da4                xQueueReceive
 .text.xQueueSemaphoreTake
                0x0000000008004ff0      0x2ac ./nuclei_sdk/OS/FreeRTOS/Source/queue.o
                0x0000000008004ff0                xQueueSemaphoreTake
 .text.xQueuePeek
                0x000000000800529c      0x248 ./nuclei_sdk/OS/FreeRTOS/Source/queue.o
                0x000000000800529c                xQueuePeek
 .text.uxQueueMessagesWaiting
                0x00000000080054e4       0x54 ./nuclei_sdk/OS/FreeRTOS/Source/queue.o
                0x00000000080054e4                uxQueueMessagesWaiting
 .text.uxQueueSpacesAvailable
                0x0000000008005538       0x66 ./nuclei_sdk/OS/FreeRTOS/Source/queue.o
                0x0000000008005538                uxQueueSpacesAvailable
 .text.prvGetDisinheritPriorityAfterTimeout
                0x000000000800559e       0x36 ./nuclei_sdk/OS/FreeRTOS/Source/queue.o
 .text.prvCopyDataToQueue
                0x00000000080055d4      0x12a ./nuclei_sdk/OS/FreeRTOS/Source/queue.o
 .text.prvCopyDataFromQueue
                0x00000000080056fe       0x6a ./nuclei_sdk/OS/FreeRTOS/Source/queue.o
 .text.prvUnlockQueue
                0x0000000008005768       0xc4 ./nuclei_sdk/OS/FreeRTOS/Source/queue.o
 .text.prvIsQueueEmpty
                0x000000000800582c       0x36 ./nuclei_sdk/OS/FreeRTOS/Source/queue.o
 .text.prvIsQueueFull
                0x0000000008005862       0x3e ./nuclei_sdk/OS/FreeRTOS/Source/queue.o
 .text.vQueueAddToRegistry
                0x00000000080058a0       0x74 ./nuclei_sdk/OS/FreeRTOS/Source/queue.o
                0x00000000080058a0                vQueueAddToRegistry
 .text.vQueueWaitForMessageRestricted
                0x0000000008005914       0x92 ./nuclei_sdk/OS/FreeRTOS/Source/queue.o
                0x0000000008005914                vQueueWaitForMessageRestricted
 .text.xTaskCreate
                0x00000000080059a6       0xac ./nuclei_sdk/OS/FreeRTOS/Source/tasks.o
                0x00000000080059a6                xTaskCreate
 .text.prvInitialiseNewTask
                0x0000000008005a52      0x1f0 ./nuclei_sdk/OS/FreeRTOS/Source/tasks.o
 .text.prvAddNewTaskToReadyList
                0x0000000008005c42      0x124 ./nuclei_sdk/OS/FreeRTOS/Source/tasks.o
 .text.vTaskDelayUntil
                0x0000000008005d66      0x21c ./nuclei_sdk/OS/FreeRTOS/Source/tasks.o
                0x0000000008005d66                vTaskDelayUntil
 .text.vTaskDelay
                0x0000000008005f82       0x92 ./nuclei_sdk/OS/FreeRTOS/Source/tasks.o
                0x0000000008005f82                vTaskDelay
 .text.vTaskStartScheduler
                0x0000000008006014       0xc8 ./nuclei_sdk/OS/FreeRTOS/Source/tasks.o
                0x0000000008006014                vTaskStartScheduler
 .text.vTaskSuspendAll
                0x00000000080060dc       0x1e ./nuclei_sdk/OS/FreeRTOS/Source/tasks.o
                0x00000000080060dc                vTaskSuspendAll
 .text.xTaskResumeAll
                0x00000000080060fa      0x1ae ./nuclei_sdk/OS/FreeRTOS/Source/tasks.o
                0x00000000080060fa                xTaskResumeAll
 .text.xTaskGetTickCount
                0x00000000080062a8       0x34 ./nuclei_sdk/OS/FreeRTOS/Source/tasks.o
                0x00000000080062a8                xTaskGetTickCount
 .text.xTaskIncrementTick
                0x00000000080062dc      0x258 ./nuclei_sdk/OS/FreeRTOS/Source/tasks.o
                0x00000000080062dc                xTaskIncrementTick
 .text.vTaskSwitchContext
                0x0000000008006534      0x16a ./nuclei_sdk/OS/FreeRTOS/Source/tasks.o
                0x0000000008006534                vTaskSwitchContext
 .text.vTaskPlaceOnEventList
                0x000000000800669e       0x6c ./nuclei_sdk/OS/FreeRTOS/Source/tasks.o
                0x000000000800669e                vTaskPlaceOnEventList
 .text.vTaskPlaceOnEventListRestricted
                0x000000000800670a       0x84 ./nuclei_sdk/OS/FreeRTOS/Source/tasks.o
                0x000000000800670a                vTaskPlaceOnEventListRestricted
 .text.xTaskRemoveFromEventList
                0x000000000800678e       0xf4 ./nuclei_sdk/OS/FreeRTOS/Source/tasks.o
                0x000000000800678e                xTaskRemoveFromEventList
 .text.vTaskInternalSetTimeOutState
                0x0000000008006882       0x2e ./nuclei_sdk/OS/FreeRTOS/Source/tasks.o
                0x0000000008006882                vTaskInternalSetTimeOutState
 .text.xTaskCheckForTimeOut
                0x00000000080068b0      0x182 ./nuclei_sdk/OS/FreeRTOS/Source/tasks.o
                0x00000000080068b0                xTaskCheckForTimeOut
 .text.vTaskMissedYield
                0x0000000008006a32       0x16 ./nuclei_sdk/OS/FreeRTOS/Source/tasks.o
                0x0000000008006a32                vTaskMissedYield
 .text.prvIdleTask
                0x0000000008006a48       0x14 ./nuclei_sdk/OS/FreeRTOS/Source/tasks.o
 .text.prvInitialiseTaskLists
                0x0000000008006a5c       0xa4 ./nuclei_sdk/OS/FreeRTOS/Source/tasks.o
 .text.prvCheckTasksWaitingTermination
                0x0000000008006b00       0x68 ./nuclei_sdk/OS/FreeRTOS/Source/tasks.o
 .text.prvDeleteTCB
                0x0000000008006b68       0x2a ./nuclei_sdk/OS/FreeRTOS/Source/tasks.o
 .text.prvResetNextTaskUnblockTime
                0x0000000008006b92       0x4c ./nuclei_sdk/OS/FreeRTOS/Source/tasks.o
 .text.xTaskGetSchedulerState
                0x0000000008006bde       0x36 ./nuclei_sdk/OS/FreeRTOS/Source/tasks.o
                0x0000000008006bde                xTaskGetSchedulerState
 .text.xTaskPriorityInherit
                0x0000000008006c14      0x148 ./nuclei_sdk/OS/FreeRTOS/Source/tasks.o
                0x0000000008006c14                xTaskPriorityInherit
 .text.xTaskPriorityDisinherit
                0x0000000008006d5c      0x146 ./nuclei_sdk/OS/FreeRTOS/Source/tasks.o
                0x0000000008006d5c                xTaskPriorityDisinherit
 .text.vTaskPriorityDisinheritAfterTimeout
                0x0000000008006ea2      0x190 ./nuclei_sdk/OS/FreeRTOS/Source/tasks.o
                0x0000000008006ea2                vTaskPriorityDisinheritAfterTimeout
 .text.pvTaskIncrementMutexHeldCount
                0x0000000008007032       0x34 ./nuclei_sdk/OS/FreeRTOS/Source/tasks.o
                0x0000000008007032                pvTaskIncrementMutexHeldCount
 .text.prvAddCurrentTaskToDelayedList
                0x0000000008007066      0x14c ./nuclei_sdk/OS/FreeRTOS/Source/tasks.o
 .text.xTimerCreateTimerTask
                0x00000000080071b2       0x72 ./nuclei_sdk/OS/FreeRTOS/Source/timers.o
                0x00000000080071b2                xTimerCreateTimerTask
 .text.xTimerGenericCommand
                0x0000000008007224       0xf4 ./nuclei_sdk/OS/FreeRTOS/Source/timers.o
                0x0000000008007224                xTimerGenericCommand
 .text.prvProcessExpiredTimer
                0x0000000008007318       0xf4 ./nuclei_sdk/OS/FreeRTOS/Source/timers.o
 .text.prvTimerTask
                0x000000000800740c       0x30 ./nuclei_sdk/OS/FreeRTOS/Source/timers.o
 .text.prvProcessTimerOrBlockTask
                0x000000000800743c      0x100 ./nuclei_sdk/OS/FreeRTOS/Source/timers.o
 .text.prvGetNextExpireTime
                0x000000000800753c       0x5c ./nuclei_sdk/OS/FreeRTOS/Source/timers.o
 .text.prvSampleTimeNow
                0x0000000008007598       0x76 ./nuclei_sdk/OS/FreeRTOS/Source/timers.o
 .text.prvInsertTimerInActiveList
                0x000000000800760e      0x13a ./nuclei_sdk/OS/FreeRTOS/Source/timers.o
 .text.prvProcessReceivedCommands
                0x0000000008007748      0x2a6 ./nuclei_sdk/OS/FreeRTOS/Source/timers.o
 .text.prvSwitchTimerLists
                0x00000000080079ee      0x148 ./nuclei_sdk/OS/FreeRTOS/Source/timers.o
 .text.prvCheckForValidListAndQueue
                0x0000000008007b36       0x84 ./nuclei_sdk/OS/FreeRTOS/Source/timers.o
 .text.prvSetupHardware
                0x0000000008007bba        0xe ./application/main.o
 .text.main     0x0000000008007bc8       0xde ./application/main.o
                0x0000000008007bc8                main
 .text.start_task1
                0x0000000008007ca6      0x1ac ./application/main.o
                0x0000000008007ca6                start_task1
 .text.start_task2
                0x0000000008007e52       0x46 ./application/main.o
                0x0000000008007e52                start_task2
 .text.key_task
                0x0000000008007e98       0x4c ./application/main.o
                0x0000000008007e98                key_task
 .text.vApplicationMallocFailedHook
                0x0000000008007ee4       0x16 ./application/main.o
                0x0000000008007ee4                vApplicationMallocFailedHook
 .text.vApplicationStackOverflowHook
                0x0000000008007efa       0x1e ./application/main.o
                0x0000000008007efa                vApplicationStackOverflowHook
 .text.vApplicationIdleHook
                0x0000000008007f18        0xe ./application/main.o
                0x0000000008007f18                vApplicationIdleHook
 .text.timer_config
                0x0000000008007f26       0xb8 ./application/main.o
                0x0000000008007f26                timer_config
 .text.TIMER1_IRQHandler
                0x0000000008007fde       0x3e ./application/main.o
                0x0000000008007fde                TIMER1_IRQHandler
 .text.TIMER2_IRQHandler
                0x000000000800801c       0x42 ./application/main.o
                0x000000000800801c                TIMER2_IRQHandler
 .text.user_key_exti_config
                0x000000000800805e       0x32 ./application/main.o
                0x000000000800805e                user_key_exti_config
 .text.EXTI0_IRQHandler
                0x0000000008008090       0x42 ./application/main.o
                0x0000000008008090                EXTI0_IRQHandler
 .text.atexit   0x00000000080080d2        0xc e:/nucleistudio_ide_202102-win64/nucleistudio/toolchain/gcc/bin/../lib/gcc/riscv-nuclei-elf/9.2.0/../../../../riscv-nuclei-elf/lib/rv32imac/ilp32\libg_nano.a(lib_a-atexit.o)
                0x00000000080080d2                atexit
 .text.__libc_fini_array
                0x00000000080080de       0x3a e:/nucleistudio_ide_202102-win64/nucleistudio/toolchain/gcc/bin/../lib/gcc/riscv-nuclei-elf/9.2.0/../../../../riscv-nuclei-elf/lib/rv32imac/ilp32\libg_nano.a(lib_a-fini.o)
                0x00000000080080de                __libc_fini_array
 .text.__libc_init_array
                0x0000000008008118       0x6e e:/nucleistudio_ide_202102-win64/nucleistudio/toolchain/gcc/bin/../lib/gcc/riscv-nuclei-elf/9.2.0/../../../../riscv-nuclei-elf/lib/rv32imac/ilp32\libg_nano.a(lib_a-init.o)
                0x0000000008008118                __libc_init_array
 .text.memcpy   0x0000000008008186       0xd4 e:/nucleistudio_ide_202102-win64/nucleistudio/toolchain/gcc/bin/../lib/gcc/riscv-nuclei-elf/9.2.0/../../../../riscv-nuclei-elf/lib/rv32imac/ilp32\libg_nano.a(lib_a-memcpy.o)
                0x0000000008008186                memcpy
 .text          0x000000000800825a       0xa8 e:/nucleistudio_ide_202102-win64/nucleistudio/toolchain/gcc/bin/../lib/gcc/riscv-nuclei-elf/9.2.0/../../../../riscv-nuclei-elf/lib/rv32imac/ilp32\libg_nano.a(lib_a-memset.o)
                0x000000000800825a                memset
 .text.__cvt    0x0000000008008302       0xf2 e:/nucleistudio_ide_202102-win64/nucleistudio/toolchain/gcc/bin/../lib/gcc/riscv-nuclei-elf/9.2.0/../../../../riscv-nuclei-elf/lib/rv32imac/ilp32\libg_nano.a(lib_a-nano-vfprintf_float.o)
                0x0000000008008302                __cvt
 .text.__exponent
                0x00000000080083f4       0x9c e:/nucleistudio_ide_202102-win64/nucleistudio/toolchain/gcc/bin/../lib/gcc/riscv-nuclei-elf/9.2.0/../../../../riscv-nuclei-elf/lib/rv32imac/ilp32\libg_nano.a(lib_a-nano-vfprintf_float.o)
                0x00000000080083f4                __exponent
 .text._printf_float
                0x0000000008008490      0x4d2 e:/nucleistudio_ide_202102-win64/nucleistudio/toolchain/gcc/bin/../lib/gcc/riscv-nuclei-elf/9.2.0/../../../../riscv-nuclei-elf/lib/rv32imac/ilp32\libg_nano.a(lib_a-nano-vfprintf_float.o)
                0x0000000008008490                _printf_float
 .text._printf_common
                0x0000000008008962      0x10c e:/nucleistudio_ide_202102-win64/nucleistudio/toolchain/gcc/bin/../lib/gcc/riscv-nuclei-elf/9.2.0/../../../../riscv-nuclei-elf/lib/rv32imac/ilp32\libg_nano.a(lib_a-nano-vfprintf_i.o)
                0x0000000008008962                _printf_common
 .text._printf_i
                0x0000000008008a6e      0x276 e:/nucleistudio_ide_202102-win64/nucleistudio/toolchain/gcc/bin/../lib/gcc/riscv-nuclei-elf/9.2.0/../../../../riscv-nuclei-elf/lib/rv32imac/ilp32\libg_nano.a(lib_a-nano-vfprintf_i.o)
                0x0000000008008a6e                _printf_i
 .text.printf   0x0000000008008ce4       0x3c e:/nucleistudio_ide_202102-win64/nucleistudio/toolchain/gcc/bin/../lib/gcc/riscv-nuclei-elf/9.2.0/../../../../riscv-nuclei-elf/lib/rv32imac/ilp32\libg_nano.a(lib_a-printf.o)
                0x0000000008008ce4                iprintf
                0x0000000008008ce4                printf
 .text._puts_r  0x0000000008008d20       0xde e:/nucleistudio_ide_202102-win64/nucleistudio/toolchain/gcc/bin/../lib/gcc/riscv-nuclei-elf/9.2.0/../../../../riscv-nuclei-elf/lib/rv32imac/ilp32\libg_nano.a(lib_a-puts.o)
                0x0000000008008d20                _puts_r
 .text.puts     0x0000000008008dfe        0xa e:/nucleistudio_ide_202102-win64/nucleistudio/toolchain/gcc/bin/../lib/gcc/riscv-nuclei-elf/9.2.0/../../../../riscv-nuclei-elf/lib/rv32imac/ilp32\libg_nano.a(lib_a-puts.o)
                0x0000000008008dfe                puts
 .text.strlen   0x0000000008008e08       0x12 e:/nucleistudio_ide_202102-win64/nucleistudio/toolchain/gcc/bin/../lib/gcc/riscv-nuclei-elf/9.2.0/../../../../riscv-nuclei-elf/lib/rv32imac/ilp32\libg_nano.a(lib_a-strlen.o)
                0x0000000008008e08                strlen
 .text.isatty   0x0000000008008e1a        0x4 e:/nucleistudio_ide_202102-win64/nucleistudio/toolchain/gcc/bin/../lib/gcc/riscv-nuclei-elf/9.2.0/../../../../riscv-nuclei-elf/lib/rv32imac/ilp32\libg_nano.a(lib_a-sysisatty.o)
                0x0000000008008e1a                isatty
 .text.__swbuf_r
                0x0000000008008e1e       0xc6 e:/nucleistudio_ide_202102-win64/nucleistudio/toolchain/gcc/bin/../lib/gcc/riscv-nuclei-elf/9.2.0/../../../../riscv-nuclei-elf/lib/rv32imac/ilp32\libg_nano.a(lib_a-wbuf.o)
                0x0000000008008e1e                __swbuf_r
 .text.__swsetup_r
                0x0000000008008ee4      0x10c e:/nucleistudio_ide_202102-win64/nucleistudio/toolchain/gcc/bin/../lib/gcc/riscv-nuclei-elf/9.2.0/../../../../riscv-nuclei-elf/lib/rv32imac/ilp32\libg_nano.a(lib_a-wsetup.o)
                0x0000000008008ee4                __swsetup_r
 .text.__register_exitproc
                0x0000000008008ff0       0x7c e:/nucleistudio_ide_202102-win64/nucleistudio/toolchain/gcc/bin/../lib/gcc/riscv-nuclei-elf/9.2.0/../../../../riscv-nuclei-elf/lib/rv32imac/ilp32\libg_nano.a(lib_a-__atexit.o)
                0x0000000008008ff0                __register_exitproc
 .text.quorem   0x000000000800906c      0x138 e:/nucleistudio_ide_202102-win64/nucleistudio/toolchain/gcc/bin/../lib/gcc/riscv-nuclei-elf/9.2.0/../../../../riscv-nuclei-elf/lib/rv32imac/ilp32\libg_nano.a(lib_a-dtoa.o)
 .text._dtoa_r  0x00000000080091a4      0xc24 e:/nucleistudio_ide_202102-win64/nucleistudio/toolchain/gcc/bin/../lib/gcc/riscv-nuclei-elf/9.2.0/../../../../riscv-nuclei-elf/lib/rv32imac/ilp32\libg_nano.a(lib_a-dtoa.o)
                0x00000000080091a4                _dtoa_r
 .text.__sflush_r
                0x0000000008009dc8      0x14c e:/nucleistudio_ide_202102-win64/nucleistudio/toolchain/gcc/bin/../lib/gcc/riscv-nuclei-elf/9.2.0/../../../../riscv-nuclei-elf/lib/rv32imac/ilp32\libg_nano.a(lib_a-fflush.o)
                0x0000000008009dc8                __sflush_r
 .text._fflush_r
                0x0000000008009f14       0x66 e:/nucleistudio_ide_202102-win64/nucleistudio/toolchain/gcc/bin/../lib/gcc/riscv-nuclei-elf/9.2.0/../../../../riscv-nuclei-elf/lib/rv32imac/ilp32\libg_nano.a(lib_a-fflush.o)
                0x0000000008009f14                _fflush_r
 .text.std      0x0000000008009f7a       0x6a e:/nucleistudio_ide_202102-win64/nucleistudio/toolchain/gcc/bin/../lib/gcc/riscv-nuclei-elf/9.2.0/../../../../riscv-nuclei-elf/lib/rv32imac/ilp32\libg_nano.a(lib_a-findfp.o)
 .text._cleanup_r
                0x0000000008009fe4        0xa e:/nucleistudio_ide_202102-win64/nucleistudio/toolchain/gcc/bin/../lib/gcc/riscv-nuclei-elf/9.2.0/../../../../riscv-nuclei-elf/lib/rv32imac/ilp32\libg_nano.a(lib_a-findfp.o)
                0x0000000008009fe4                _cleanup_r
 .text.__sfmoreglue
                0x0000000008009fee       0x48 e:/nucleistudio_ide_202102-win64/nucleistudio/toolchain/gcc/bin/../lib/gcc/riscv-nuclei-elf/9.2.0/../../../../riscv-nuclei-elf/lib/rv32imac/ilp32\libg_nano.a(lib_a-findfp.o)
                0x0000000008009fee                __sfmoreglue
 .text.__sinit  0x000000000800a036       0x6c e:/nucleistudio_ide_202102-win64/nucleistudio/toolchain/gcc/bin/../lib/gcc/riscv-nuclei-elf/9.2.0/../../../../riscv-nuclei-elf/lib/rv32imac/ilp32\libg_nano.a(lib_a-findfp.o)
                0x000000000800a036                __sinit
 .text.__sfp    0x000000000800a0a2       0x9e e:/nucleistudio_ide_202102-win64/nucleistudio/toolchain/gcc/bin/../lib/gcc/riscv-nuclei-elf/9.2.0/../../../../riscv-nuclei-elf/lib/rv32imac/ilp32\libg_nano.a(lib_a-findfp.o)
                0x000000000800a0a2                __sfp
 .text._fwalk_reent
                0x000000000800a140       0x6a e:/nucleistudio_ide_202102-win64/nucleistudio/toolchain/gcc/bin/../lib/gcc/riscv-nuclei-elf/9.2.0/../../../../riscv-nuclei-elf/lib/rv32imac/ilp32\libg_nano.a(lib_a-fwalk.o)
                0x000000000800a140                _fwalk_reent
 .text._localeconv_r
                0x000000000800a1aa       0x16 e:/nucleistudio_ide_202102-win64/nucleistudio/toolchain/gcc/bin/../lib/gcc/riscv-nuclei-elf/9.2.0/../../../../riscv-nuclei-elf/lib/rv32imac/ilp32\libg_nano.a(lib_a-localeconv.o)
                0x000000000800a1aa                _localeconv_r
 .text.__swhatbuf_r
                0x000000000800a1c0       0x5c e:/nucleistudio_ide_202102-win64/nucleistudio/toolchain/gcc/bin/../lib/gcc/riscv-nuclei-elf/9.2.0/../../../../riscv-nuclei-elf/lib/rv32imac/ilp32\libg_nano.a(lib_a-makebuf.o)
                0x000000000800a1c0                __swhatbuf_r
 .text.__smakebuf_r
                0x000000000800a21c       0xa2 e:/nucleistudio_ide_202102-win64/nucleistudio/toolchain/gcc/bin/../lib/gcc/riscv-nuclei-elf/9.2.0/../../../../riscv-nuclei-elf/lib/rv32imac/ilp32\libg_nano.a(lib_a-makebuf.o)
                0x000000000800a21c                __smakebuf_r
 .text.malloc   0x000000000800a2be        0xa e:/nucleistudio_ide_202102-win64/nucleistudio/toolchain/gcc/bin/../lib/gcc/riscv-nuclei-elf/9.2.0/../../../../riscv-nuclei-elf/lib/rv32imac/ilp32\libg_nano.a(lib_a-malloc.o)
                0x000000000800a2be                malloc
 .text.__ascii_mbtowc
                0x000000000800a2c8       0x3a e:/nucleistudio_ide_202102-win64/nucleistudio/toolchain/gcc/bin/../lib/gcc/riscv-nuclei-elf/9.2.0/../../../../riscv-nuclei-elf/lib/rv32imac/ilp32\libg_nano.a(lib_a-mbtowc_r.o)
                0x000000000800a2c8                __ascii_mbtowc
 .text.memchr   0x000000000800a302       0x1a e:/nucleistudio_ide_202102-win64/nucleistudio/toolchain/gcc/bin/../lib/gcc/riscv-nuclei-elf/9.2.0/../../../../riscv-nuclei-elf/lib/rv32imac/ilp32\libg_nano.a(lib_a-memchr.o)
                0x000000000800a302                memchr
 .text._Balloc  0x000000000800a31c       0x8e e:/nucleistudio_ide_202102-win64/nucleistudio/toolchain/gcc/bin/../lib/gcc/riscv-nuclei-elf/9.2.0/../../../../riscv-nuclei-elf/lib/rv32imac/ilp32\libg_nano.a(lib_a-mprec.o)
                0x000000000800a31c                _Balloc
 .text._Bfree   0x000000000800a3aa       0x46 e:/nucleistudio_ide_202102-win64/nucleistudio/toolchain/gcc/bin/../lib/gcc/riscv-nuclei-elf/9.2.0/../../../../riscv-nuclei-elf/lib/rv32imac/ilp32\libg_nano.a(lib_a-mprec.o)
                0x000000000800a3aa                _Bfree
 .text.__multadd
                0x000000000800a3f0       0xa0 e:/nucleistudio_ide_202102-win64/nucleistudio/toolchain/gcc/bin/../lib/gcc/riscv-nuclei-elf/9.2.0/../../../../riscv-nuclei-elf/lib/rv32imac/ilp32\libg_nano.a(lib_a-mprec.o)
                0x000000000800a3f0                __multadd
 .text.__hi0bits
                0x000000000800a490       0x46 e:/nucleistudio_ide_202102-win64/nucleistudio/toolchain/gcc/bin/../lib/gcc/riscv-nuclei-elf/9.2.0/../../../../riscv-nuclei-elf/lib/rv32imac/ilp32\libg_nano.a(lib_a-mprec.o)
                0x000000000800a490                __hi0bits
 .text.__lo0bits
                0x000000000800a4d6       0x6a e:/nucleistudio_ide_202102-win64/nucleistudio/toolchain/gcc/bin/../lib/gcc/riscv-nuclei-elf/9.2.0/../../../../riscv-nuclei-elf/lib/rv32imac/ilp32\libg_nano.a(lib_a-mprec.o)
                0x000000000800a4d6                __lo0bits
 .text.__i2b    0x000000000800a540       0x1c e:/nucleistudio_ide_202102-win64/nucleistudio/toolchain/gcc/bin/../lib/gcc/riscv-nuclei-elf/9.2.0/../../../../riscv-nuclei-elf/lib/rv32imac/ilp32\libg_nano.a(lib_a-mprec.o)
                0x000000000800a540                __i2b
 .text.__multiply
                0x000000000800a55c      0x164 e:/nucleistudio_ide_202102-win64/nucleistudio/toolchain/gcc/bin/../lib/gcc/riscv-nuclei-elf/9.2.0/../../../../riscv-nuclei-elf/lib/rv32imac/ilp32\libg_nano.a(lib_a-mprec.o)
                0x000000000800a55c                __multiply
 .text.__pow5mult
                0x000000000800a6c0       0xbe e:/nucleistudio_ide_202102-win64/nucleistudio/toolchain/gcc/bin/../lib/gcc/riscv-nuclei-elf/9.2.0/../../../../riscv-nuclei-elf/lib/rv32imac/ilp32\libg_nano.a(lib_a-mprec.o)
                0x000000000800a6c0                __pow5mult
 .text.__lshift
                0x000000000800a77e       0xe8 e:/nucleistudio_ide_202102-win64/nucleistudio/toolchain/gcc/bin/../lib/gcc/riscv-nuclei-elf/9.2.0/../../../../riscv-nuclei-elf/lib/rv32imac/ilp32\libg_nano.a(lib_a-mprec.o)
                0x000000000800a77e                __lshift
 .text.__mcmp   0x000000000800a866       0x3a e:/nucleistudio_ide_202102-win64/nucleistudio/toolchain/gcc/bin/../lib/gcc/riscv-nuclei-elf/9.2.0/../../../../riscv-nuclei-elf/lib/rv32imac/ilp32\libg_nano.a(lib_a-mprec.o)
                0x000000000800a866                __mcmp
 .text.__mdiff  0x000000000800a8a0      0x134 e:/nucleistudio_ide_202102-win64/nucleistudio/toolchain/gcc/bin/../lib/gcc/riscv-nuclei-elf/9.2.0/../../../../riscv-nuclei-elf/lib/rv32imac/ilp32\libg_nano.a(lib_a-mprec.o)
                0x000000000800a8a0                __mdiff
 .text.__d2b    0x000000000800a9d4       0xd4 e:/nucleistudio_ide_202102-win64/nucleistudio/toolchain/gcc/bin/../lib/gcc/riscv-nuclei-elf/9.2.0/../../../../riscv-nuclei-elf/lib/rv32imac/ilp32\libg_nano.a(lib_a-mprec.o)
                0x000000000800a9d4                __d2b
 .text._calloc_r
                0x000000000800aaa8       0x26 e:/nucleistudio_ide_202102-win64/nucleistudio/toolchain/gcc/bin/../lib/gcc/riscv-nuclei-elf/9.2.0/../../../../riscv-nuclei-elf/lib/rv32imac/ilp32\libg_nano.a(lib_a-nano-callocr.o)
                0x000000000800aaa8                _calloc_r
 .text._free_r  0x000000000800aace       0xa2 e:/nucleistudio_ide_202102-win64/nucleistudio/toolchain/gcc/bin/../lib/gcc/riscv-nuclei-elf/9.2.0/../../../../riscv-nuclei-elf/lib/rv32imac/ilp32\libg_nano.a(lib_a-nano-freer.o)
                0x000000000800aace                _free_r
 .text._malloc_r
                0x000000000800ab70       0xd2 e:/nucleistudio_ide_202102-win64/nucleistudio/toolchain/gcc/bin/../lib/gcc/riscv-nuclei-elf/9.2.0/../../../../riscv-nuclei-elf/lib/rv32imac/ilp32\libg_nano.a(lib_a-nano-mallocr.o)
                0x000000000800ab70                _malloc_r
 .text.__sfputc_r
                0x000000000800ac42       0x2a e:/nucleistudio_ide_202102-win64/nucleistudio/toolchain/gcc/bin/../lib/gcc/riscv-nuclei-elf/9.2.0/../../../../riscv-nuclei-elf/lib/rv32imac/ilp32\libg_nano.a(lib_a-nano-vfprintf.o)
 .text.__sfputs_r
                0x000000000800ac6c       0x44 e:/nucleistudio_ide_202102-win64/nucleistudio/toolchain/gcc/bin/../lib/gcc/riscv-nuclei-elf/9.2.0/../../../../riscv-nuclei-elf/lib/rv32imac/ilp32\libg_nano.a(lib_a-nano-vfprintf.o)
                0x000000000800ac6c                __sfputs_r
 .text._vfprintf_r
                0x000000000800acb0      0x2a0 e:/nucleistudio_ide_202102-win64/nucleistudio/toolchain/gcc/bin/../lib/gcc/riscv-nuclei-elf/9.2.0/../../../../riscv-nuclei-elf/lib/rv32imac/ilp32\libg_nano.a(lib_a-nano-vfprintf.o)
                0x000000000800acb0                _vfprintf_r
                0x000000000800acb0                _vfiprintf_r
 .text._sbrk_r  0x000000000800af50       0x30 e:/nucleistudio_ide_202102-win64/nucleistudio/toolchain/gcc/bin/../lib/gcc/riscv-nuclei-elf/9.2.0/../../../../riscv-nuclei-elf/lib/rv32imac/ilp32\libg_nano.a(lib_a-sbrkr.o)
                0x000000000800af50                _sbrk_r
 .text.__sread  0x000000000800af80       0x30 e:/nucleistudio_ide_202102-win64/nucleistudio/toolchain/gcc/bin/../lib/gcc/riscv-nuclei-elf/9.2.0/../../../../riscv-nuclei-elf/lib/rv32imac/ilp32\libg_nano.a(lib_a-stdio.o)
                0x000000000800af80                __sread
 .text.__swrite
                0x000000000800afb0       0x4e e:/nucleistudio_ide_202102-win64/nucleistudio/toolchain/gcc/bin/../lib/gcc/riscv-nuclei-elf/9.2.0/../../../../riscv-nuclei-elf/lib/rv32imac/ilp32\libg_nano.a(lib_a-stdio.o)
                0x000000000800afb0                __swrite
 .text.__sseek  0x000000000800affe       0x36 e:/nucleistudio_ide_202102-win64/nucleistudio/toolchain/gcc/bin/../lib/gcc/riscv-nuclei-elf/9.2.0/../../../../riscv-nuclei-elf/lib/rv32imac/ilp32\libg_nano.a(lib_a-stdio.o)
                0x000000000800affe                __sseek
 .text.__sclose
                0x000000000800b034        0x6 e:/nucleistudio_ide_202102-win64/nucleistudio/toolchain/gcc/bin/../lib/gcc/riscv-nuclei-elf/9.2.0/../../../../riscv-nuclei-elf/lib/rv32imac/ilp32\libg_nano.a(lib_a-stdio.o)
                0x000000000800b034                __sclose
 .text.__ascii_wctomb
                0x000000000800b03a       0x20 e:/nucleistudio_ide_202102-win64/nucleistudio/toolchain/gcc/bin/../lib/gcc/riscv-nuclei-elf/9.2.0/../../../../riscv-nuclei-elf/lib/rv32imac/ilp32\libg_nano.a(lib_a-wctomb_r.o)
                0x000000000800b03a                __ascii_wctomb
 .text._write_r
                0x000000000800b05a       0x34 e:/nucleistudio_ide_202102-win64/nucleistudio/toolchain/gcc/bin/../lib/gcc/riscv-nuclei-elf/9.2.0/../../../../riscv-nuclei-elf/lib/rv32imac/ilp32\libg_nano.a(lib_a-writer.o)
                0x000000000800b05a                _write_r
 .text._close_r
                0x000000000800b08e       0x30 e:/nucleistudio_ide_202102-win64/nucleistudio/toolchain/gcc/bin/../lib/gcc/riscv-nuclei-elf/9.2.0/../../../../riscv-nuclei-elf/lib/rv32imac/ilp32\libg_nano.a(lib_a-closer.o)
                0x000000000800b08e                _close_r
 .text._fstat_r
                0x000000000800b0be       0x32 e:/nucleistudio_ide_202102-win64/nucleistudio/toolchain/gcc/bin/../lib/gcc/riscv-nuclei-elf/9.2.0/../../../../riscv-nuclei-elf/lib/rv32imac/ilp32\libg_nano.a(lib_a-fstatr.o)
                0x000000000800b0be                _fstat_r
 .text._isatty_r
                0x000000000800b0f0       0x30 e:/nucleistudio_ide_202102-win64/nucleistudio/toolchain/gcc/bin/../lib/gcc/riscv-nuclei-elf/9.2.0/../../../../riscv-nuclei-elf/lib/rv32imac/ilp32\libg_nano.a(lib_a-isattyr.o)
                0x000000000800b0f0                _isatty_r
 .text._lseek_r
                0x000000000800b120       0x34 e:/nucleistudio_ide_202102-win64/nucleistudio/toolchain/gcc/bin/../lib/gcc/riscv-nuclei-elf/9.2.0/../../../../riscv-nuclei-elf/lib/rv32imac/ilp32\libg_nano.a(lib_a-lseekr.o)
                0x000000000800b120                _lseek_r
 .text.__malloc_lock
                0x000000000800b154        0x2 e:/nucleistudio_ide_202102-win64/nucleistudio/toolchain/gcc/bin/../lib/gcc/riscv-nuclei-elf/9.2.0/../../../../riscv-nuclei-elf/lib/rv32imac/ilp32\libg_nano.a(lib_a-mlock.o)
                0x000000000800b154                __malloc_lock
 .text.__malloc_unlock
                0x000000000800b156        0x2 e:/nucleistudio_ide_202102-win64/nucleistudio/toolchain/gcc/bin/../lib/gcc/riscv-nuclei-elf/9.2.0/../../../../riscv-nuclei-elf/lib/rv32imac/ilp32\libg_nano.a(lib_a-mlock.o)
                0x000000000800b156                __malloc_unlock
 .text._read_r  0x000000000800b158       0x34 e:/nucleistudio_ide_202102-win64/nucleistudio/toolchain/gcc/bin/../lib/gcc/riscv-nuclei-elf/9.2.0/../../../../riscv-nuclei-elf/lib/rv32imac/ilp32\libg_nano.a(lib_a-readr.o)
                0x000000000800b158                _read_r
 .text          0x000000000800b18c      0x5f0 e:/nucleistudio_ide_202102-win64/nucleistudio/toolchain/gcc/bin/../lib/gcc/riscv-nuclei-elf/9.2.0/rv32imac/ilp32\libgcc.a(adddf3.o)
                0x000000000800b18c                __adddf3
 .text          0x000000000800b77c      0x546 e:/nucleistudio_ide_202102-win64/nucleistudio/toolchain/gcc/bin/../lib/gcc/riscv-nuclei-elf/9.2.0/rv32imac/ilp32\libgcc.a(divdf3.o)
                0x000000000800b77c                __divdf3
 .text          0x000000000800bcc2       0x6a e:/nucleistudio_ide_202102-win64/nucleistudio/toolchain/gcc/bin/../lib/gcc/riscv-nuclei-elf/9.2.0/rv32imac/ilp32\libgcc.a(eqdf2.o)
                0x000000000800bcc2                __nedf2
                0x000000000800bcc2                __eqdf2
 .text          0x000000000800bd2c       0xa6 e:/nucleistudio_ide_202102-win64/nucleistudio/toolchain/gcc/bin/../lib/gcc/riscv-nuclei-elf/9.2.0/rv32imac/ilp32\libgcc.a(gedf2.o)
                0x000000000800bd2c                __gedf2
                0x000000000800bd2c                __gtdf2
 .text          0x000000000800bdd2       0xa6 e:/nucleistudio_ide_202102-win64/nucleistudio/toolchain/gcc/bin/../lib/gcc/riscv-nuclei-elf/9.2.0/rv32imac/ilp32\libgcc.a(ledf2.o)
                0x000000000800bdd2                __ledf2
                0x000000000800bdd2                __ltdf2
 .text          0x000000000800be78      0x44a e:/nucleistudio_ide_202102-win64/nucleistudio/toolchain/gcc/bin/../lib/gcc/riscv-nuclei-elf/9.2.0/rv32imac/ilp32\libgcc.a(muldf3.o)
                0x000000000800be78                __muldf3
 .text          0x000000000800c2c2      0x5fe e:/nucleistudio_ide_202102-win64/nucleistudio/toolchain/gcc/bin/../lib/gcc/riscv-nuclei-elf/9.2.0/rv32imac/ilp32\libgcc.a(subdf3.o)
                0x000000000800c2c2                __subdf3
 .text          0x000000000800c8c0       0x3a e:/nucleistudio_ide_202102-win64/nucleistudio/toolchain/gcc/bin/../lib/gcc/riscv-nuclei-elf/9.2.0/rv32imac/ilp32\libgcc.a(unorddf2.o)
                0x000000000800c8c0                __unorddf2
 .text          0x000000000800c8fa       0x64 e:/nucleistudio_ide_202102-win64/nucleistudio/toolchain/gcc/bin/../lib/gcc/riscv-nuclei-elf/9.2.0/rv32imac/ilp32\libgcc.a(fixdfsi.o)
                0x000000000800c8fa                __fixdfsi
 .text          0x000000000800c95e       0x68 e:/nucleistudio_ide_202102-win64/nucleistudio/toolchain/gcc/bin/../lib/gcc/riscv-nuclei-elf/9.2.0/rv32imac/ilp32\libgcc.a(floatsidf.o)
                0x000000000800c95e                __floatsidf
 .text          0x000000000800c9c6       0x4e e:/nucleistudio_ide_202102-win64/nucleistudio/toolchain/gcc/bin/../lib/gcc/riscv-nuclei-elf/9.2.0/rv32imac/ilp32\libgcc.a(floatunsidf.o)
                0x000000000800c9c6                __floatunsidf
 .text          0x000000000800ca14      0x24a e:/nucleistudio_ide_202102-win64/nucleistudio/toolchain/gcc/bin/../lib/gcc/riscv-nuclei-elf/9.2.0/rv32imac/ilp32\libgcc.a(trunctfdf2.o)
                0x000000000800ca14                __trunctfdf2
 .text          0x000000000800cc5e       0x3c e:/nucleistudio_ide_202102-win64/nucleistudio/toolchain/gcc/bin/../lib/gcc/riscv-nuclei-elf/9.2.0/rv32imac/ilp32\libgcc.a(_clzsi2.o)
                0x000000000800cc5e                __clzsi2
 *(.gnu.linkonce.t.*)

.rodata         0x000000000800cca0      0x7c0
                0x000000000800cca0                . = ALIGN (0x4)
 *(.rdata)
 *(.rodata .rodata.*)
 .rodata        0x000000000800cca0       0x10 ./nuclei_sdk/SoC/gd32vf103/Common/Source/Drivers/gd32vf103_rcu.o
 .rodata        0x000000000800ccb0       0xc0 ./nuclei_sdk/SoC/gd32vf103/Common/Source/system_gd32vf103.o
 .rodata.GPIO_PORT
                0x000000000800cd70        0xc ./nuclei_sdk/SoC/gd32vf103/Board/gd32vf103v_rvstar/Source/gd32vf103v_rvstar.o
 .rodata.GPIO_PIN
                0x000000000800cd7c        0xc ./nuclei_sdk/SoC/gd32vf103/Board/gd32vf103v_rvstar/Source/gd32vf103v_rvstar.o
 .rodata.GPIO_CLK
                0x000000000800cd88        0xc ./nuclei_sdk/SoC/gd32vf103/Board/gd32vf103v_rvstar/Source/gd32vf103v_rvstar.o
 .rodata        0x000000000800cd94       0x30 ./nuclei_sdk/OS/FreeRTOS/Source/tasks.o
 .rodata        0x000000000800cdc4        0xd ./nuclei_sdk/OS/FreeRTOS/Source/timers.o
 *fill*         0x000000000800cdd1        0x3 
 .rodata.prvProcessReceivedCommands
                0x000000000800cdd4       0x28 ./nuclei_sdk/OS/FreeRTOS/Source/timers.o
 .rodata        0x000000000800cdfc      0x16a ./application/main.o
 *fill*         0x000000000800cf66        0x2 
 .rodata        0x000000000800cf68      0x100 e:/nucleistudio_ide_202102-win64/nucleistudio/toolchain/gcc/bin/../lib/gcc/riscv-nuclei-elf/9.2.0/rv32imac/ilp32\libgcc.a(_clz.o)
                0x000000000800cf68                __clz_tab
 .rodata._printf_float.str1.4
                0x000000000800d068       0x12 e:/nucleistudio_ide_202102-win64/nucleistudio/toolchain/gcc/bin/../lib/gcc/riscv-nuclei-elf/9.2.0/../../../../riscv-nuclei-elf/lib/rv32imac/ilp32\libg_nano.a(lib_a-nano-vfprintf_float.o)
 *fill*         0x000000000800d07a        0x2 
 .rodata._printf_i.str1.4
                0x000000000800d07c       0x25 e:/nucleistudio_ide_202102-win64/nucleistudio/toolchain/gcc/bin/../lib/gcc/riscv-nuclei-elf/9.2.0/../../../../riscv-nuclei-elf/lib/rv32imac/ilp32\libg_nano.a(lib_a-nano-vfprintf_i.o)
 *fill*         0x000000000800d0a1        0x3 
 .rodata._printf_i
                0x000000000800d0a4       0x58 e:/nucleistudio_ide_202102-win64/nucleistudio/toolchain/gcc/bin/../lib/gcc/riscv-nuclei-elf/9.2.0/../../../../riscv-nuclei-elf/lib/rv32imac/ilp32\libg_nano.a(lib_a-nano-vfprintf_i.o)
 .rodata._dtoa_r.str1.4
                0x000000000800d0fc       0x10 e:/nucleistudio_ide_202102-win64/nucleistudio/toolchain/gcc/bin/../lib/gcc/riscv-nuclei-elf/9.2.0/../../../../riscv-nuclei-elf/lib/rv32imac/ilp32\libg_nano.a(lib_a-dtoa.o)
                                         0x12 (size before relaxing)
 .rodata.__sf_fake_stderr
                0x000000000800d10c       0x20 e:/nucleistudio_ide_202102-win64/nucleistudio/toolchain/gcc/bin/../lib/gcc/riscv-nuclei-elf/9.2.0/../../../../riscv-nuclei-elf/lib/rv32imac/ilp32\libg_nano.a(lib_a-findfp.o)
                0x000000000800d10c                __sf_fake_stderr
 .rodata.__sf_fake_stdin
                0x000000000800d12c       0x20 e:/nucleistudio_ide_202102-win64/nucleistudio/toolchain/gcc/bin/../lib/gcc/riscv-nuclei-elf/9.2.0/../../../../riscv-nuclei-elf/lib/rv32imac/ilp32\libg_nano.a(lib_a-findfp.o)
                0x000000000800d12c                __sf_fake_stdin
 .rodata.__sf_fake_stdout
                0x000000000800d14c       0x20 e:/nucleistudio_ide_202102-win64/nucleistudio/toolchain/gcc/bin/../lib/gcc/riscv-nuclei-elf/9.2.0/../../../../riscv-nuclei-elf/lib/rv32imac/ilp32\libg_nano.a(lib_a-findfp.o)
                0x000000000800d14c                __sf_fake_stdout
 .rodata._setlocale_r.str1.4
                0x000000000800d16c        0xa e:/nucleistudio_ide_202102-win64/nucleistudio/toolchain/gcc/bin/../lib/gcc/riscv-nuclei-elf/9.2.0/../../../../riscv-nuclei-elf/lib/rv32imac/ilp32\libg_nano.a(lib_a-locale.o)
                                          0xd (size before relaxing)
 *fill*         0x000000000800d176        0x2 
 .rodata.str1.4
                0x000000000800d178        0x2 e:/nucleistudio_ide_202102-win64/nucleistudio/toolchain/gcc/bin/../lib/gcc/riscv-nuclei-elf/9.2.0/../../../../riscv-nuclei-elf/lib/rv32imac/ilp32\libg_nano.a(lib_a-locale.o)
 *fill*         0x000000000800d17a        0x6 
 .rodata.__mprec_bigtens
                0x000000000800d180       0x28 e:/nucleistudio_ide_202102-win64/nucleistudio/toolchain/gcc/bin/../lib/gcc/riscv-nuclei-elf/9.2.0/../../../../riscv-nuclei-elf/lib/rv32imac/ilp32\libg_nano.a(lib_a-mprec.o)
                0x000000000800d180                __mprec_bigtens
 .rodata.__mprec_tens
                0x000000000800d1a8       0xc8 e:/nucleistudio_ide_202102-win64/nucleistudio/toolchain/gcc/bin/../lib/gcc/riscv-nuclei-elf/9.2.0/../../../../riscv-nuclei-elf/lib/rv32imac/ilp32\libg_nano.a(lib_a-mprec.o)
                0x000000000800d1a8                __mprec_tens
 .rodata.p05.3298
                0x000000000800d270        0xc e:/nucleistudio_ide_202102-win64/nucleistudio/toolchain/gcc/bin/../lib/gcc/riscv-nuclei-elf/9.2.0/../../../../riscv-nuclei-elf/lib/rv32imac/ilp32\libg_nano.a(lib_a-mprec.o)
 .rodata._vfprintf_r.str1.4
                0x000000000800d27c       0x14 e:/nucleistudio_ide_202102-win64/nucleistudio/toolchain/gcc/bin/../lib/gcc/riscv-nuclei-elf/9.2.0/../../../../riscv-nuclei-elf/lib/rv32imac/ilp32\libg_nano.a(lib_a-nano-vfprintf.o)
                                         0x13 (size before relaxing)
 .rodata._ctype_
                0x000000000800d290      0x101 e:/nucleistudio_ide_202102-win64/nucleistudio/toolchain/gcc/bin/../lib/gcc/riscv-nuclei-elf/9.2.0/../../../../riscv-nuclei-elf/lib/rv32imac/ilp32\libg_nano.a(lib_a-ctype_.o)
                0x000000000800d290                _ctype_
 *fill*         0x000000000800d391        0x3 
 .rodata        0x000000000800d394       0x3c e:/nucleistudio_ide_202102-win64/nucleistudio/toolchain/gcc/bin/../lib/gcc/riscv-nuclei-elf/9.2.0/rv32imac/ilp32\libgcc.a(divdf3.o)
 .rodata        0x000000000800d3d0       0x3c e:/nucleistudio_ide_202102-win64/nucleistudio/toolchain/gcc/bin/../lib/gcc/riscv-nuclei-elf/9.2.0/rv32imac/ilp32\libgcc.a(muldf3.o)
                0x000000000800d40c                . = ALIGN (0x4)
                0x000000000800d40c                __rt_init_start = .
 *(SORT_BY_NAME(.rti_fn*))
                0x000000000800d40c                __rt_init_end = .
                0x000000000800d40c                . = ALIGN (0x4)
                0x000000000800d40c                __fsymtab_start = .
 *(FSymTab)
                0x000000000800d40c                __fsymtab_end = .
                0x000000000800d40c                . = ALIGN (0x4)
                0x000000000800d40c                __vsymtab_start = .
 *(VSymTab)
                0x000000000800d40c                __vsymtab_end = .
 *(.gnu.linkonce.r.*)
                0x000000000800d410                . = ALIGN (0x8)
 *fill*         0x000000000800d40c        0x4 
 *(.srodata.cst16)
 *(.srodata.cst8)
 .srodata.cst8  0x000000000800d410        0x8 e:/nucleistudio_ide_202102-win64/nucleistudio/toolchain/gcc/bin/../lib/gcc/riscv-nuclei-elf/9.2.0/../../../../riscv-nuclei-elf/lib/rv32imac/ilp32\libg_nano.a(lib_a-nano-vfprintf_float.o)
 .srodata.cst8  0x000000000800d418       0x48 e:/nucleistudio_ide_202102-win64/nucleistudio/toolchain/gcc/bin/../lib/gcc/riscv-nuclei-elf/9.2.0/../../../../riscv-nuclei-elf/lib/rv32imac/ilp32\libg_nano.a(lib_a-dtoa.o)
 *(.srodata.cst4)
 *(.srodata.cst2)
 *(.srodata .srodata.*)

.rela.dyn       0x000000000800d460        0x0
 .rela.text._close
                0x000000000800d460        0x0 ./nuclei_sdk/SoC/gd32vf103/Common/Source/Stubs/close.o
 .rela.text._fstat
                0x000000000800d460        0x0 ./nuclei_sdk/SoC/gd32vf103/Common/Source/Stubs/close.o
 .rela.sdata.curbrk.4557
                0x000000000800d460        0x0 ./nuclei_sdk/SoC/gd32vf103/Common/Source/Stubs/close.o
 .rela.text._sbrk
                0x000000000800d460        0x0 ./nuclei_sdk/SoC/gd32vf103/Common/Source/Stubs/close.o
 .rela.init     0x000000000800d460        0x0 ./nuclei_sdk/SoC/gd32vf103/Common/Source/Stubs/close.o
 .rela.text.xPortStartScheduler
                0x000000000800d460        0x0 ./nuclei_sdk/SoC/gd32vf103/Common/Source/Stubs/close.o
 .rela.text.irq
                0x000000000800d460        0x0 ./nuclei_sdk/SoC/gd32vf103/Common/Source/Stubs/close.o
 .rela.text.__libc_fini_array
                0x000000000800d460        0x0 ./nuclei_sdk/SoC/gd32vf103/Common/Source/Stubs/close.o
 .rela.text.__libc_init_array
                0x000000000800d460        0x0 ./nuclei_sdk/SoC/gd32vf103/Common/Source/Stubs/close.o
 .rela.text.isatty
                0x000000000800d460        0x0 ./nuclei_sdk/SoC/gd32vf103/Common/Source/Stubs/close.o
 .rela.text.__register_exitproc
                0x000000000800d460        0x0 ./nuclei_sdk/SoC/gd32vf103/Common/Source/Stubs/close.o
 .rela.text._vfprintf_r
                0x000000000800d460        0x0 ./nuclei_sdk/SoC/gd32vf103/Common/Source/Stubs/close.o
 .rela.text._sbrk_r
                0x000000000800d460        0x0 ./nuclei_sdk/SoC/gd32vf103/Common/Source/Stubs/close.o
 .rela.text._write_r
                0x000000000800d460        0x0 ./nuclei_sdk/SoC/gd32vf103/Common/Source/Stubs/close.o
 .rela.text._close_r
                0x000000000800d460        0x0 ./nuclei_sdk/SoC/gd32vf103/Common/Source/Stubs/close.o
 .rela.text._fstat_r
                0x000000000800d460        0x0 ./nuclei_sdk/SoC/gd32vf103/Common/Source/Stubs/close.o
 .rela.text._isatty_r
                0x000000000800d460        0x0 ./nuclei_sdk/SoC/gd32vf103/Common/Source/Stubs/close.o
 .rela.text._lseek_r
                0x000000000800d460        0x0 ./nuclei_sdk/SoC/gd32vf103/Common/Source/Stubs/close.o
 .rela.text._read_r
                0x000000000800d460        0x0 ./nuclei_sdk/SoC/gd32vf103/Common/Source/Stubs/close.o

.fini
 *(SORT_NONE(.fini))
                0x000000000800d460                . = ALIGN (0x4)
                [!provide]                        PROVIDE (__etext = .)
                [!provide]                        PROVIDE (_etext = .)
                [!provide]                        PROVIDE (etext = .)
                0x000000000800d460                PROVIDE (_eilm = .)

.preinit_array  0x000000000800d460        0x0
                0x000000000800d460                PROVIDE (__preinit_array_start = .)
 *(.preinit_array)
                0x000000000800d460                PROVIDE (__preinit_array_end = .)

.init_array     0x000000000800d460        0x0
                0x000000000800d460                PROVIDE (__init_array_start = .)
 *(SORT_BY_INIT_PRIORITY(.init_array.*) SORT_BY_INIT_PRIORITY(.ctors.*))
 *(.init_array EXCLUDE_FILE(*crtend?.o *crtend.o *crtbegin?.o *crtbegin.o) .ctors)
                0x000000000800d460                PROVIDE (__init_array_end = .)

.fini_array     0x000000000800d460        0x0
                0x000000000800d460                PROVIDE (__fini_array_start = .)
 *(SORT_BY_INIT_PRIORITY(.fini_array.*) SORT_BY_INIT_PRIORITY(.dtors.*))
 *(.fini_array EXCLUDE_FILE(*crtend?.o *crtend.o *crtbegin?.o *crtbegin.o) .dtors)
                0x000000000800d460                PROVIDE (__fini_array_end = .)

.ctors
 *crtbegin.o(.ctors)
 *crtbegin?.o(.ctors)
 *(EXCLUDE_FILE(*crtend?.o *crtend.o) .ctors)
 *(SORT_BY_NAME(.ctors.*))
 *(.ctors)

.dtors
 *crtbegin.o(.dtors)
 *crtbegin?.o(.dtors)
 *(EXCLUDE_FILE(*crtend?.o *crtend.o) .dtors)
 *(SORT_BY_NAME(.dtors.*))
 *(.dtors)

.lalign         0x000000000800d460        0x0
                0x000000000800d460                . = ALIGN (0x4)
                0x000000000800d460                PROVIDE (_data_lma = .)

.dalign         0x0000000020000000        0x0 load address 0x000000000800d460
                0x0000000020000000                . = ALIGN (0x4)
                0x0000000020000000                PROVIDE (_data = .)

.data           0x0000000020000000      0x1f0 load address 0x000000000800d460
 *(.data .data.*)
 .data.sendbuf  0x0000000020000000        0xa ./application/main.o
                0x0000000020000000                sendbuf
 *fill*         0x000000002000000a        0x2 
 .data.impure_data
                0x000000002000000c       0x60 e:/nucleistudio_ide_202102-win64/nucleistudio/toolchain/gcc/bin/../lib/gcc/riscv-nuclei-elf/9.2.0/../../../../riscv-nuclei-elf/lib/rv32imac/ilp32\libg_nano.a(lib_a-impure.o)
 .data.__global_locale
                0x000000002000006c      0x16c e:/nucleistudio_ide_202102-win64/nucleistudio/toolchain/gcc/bin/../lib/gcc/riscv-nuclei-elf/9.2.0/../../../../riscv-nuclei-elf/lib/rv32imac/ilp32\libg_nano.a(lib_a-locale.o)
                0x000000002000006c                __global_locale
 *(.gnu.linkonce.d.*)
                0x00000000200001d8                . = ALIGN (0x8)
                0x00000000200009d8                PROVIDE (__global_pointer$ = (. + 0x800))
 *(.sdata .sdata.* .sdata*)
 .sdata.curbrk.4557
                0x00000000200001d8        0x4 ./nuclei_sdk/SoC/gd32vf103/Common/Source/Stubs/sbrk.o
 .sdata.SystemCoreClock
                0x00000000200001dc        0x4 ./nuclei_sdk/SoC/gd32vf103/Common/Source/system_gd32vf103.o
                0x00000000200001dc                SystemCoreClock
 .sdata.uxCriticalNesting
                0x00000000200001e0        0x4 ./nuclei_sdk/OS/FreeRTOS/Source/portable/GCC/port.o
 .sdata.uxMaxSysCallMTH
                0x00000000200001e4        0x1 ./nuclei_sdk/OS/FreeRTOS/Source/portable/GCC/port.o
                0x00000000200001e4                uxMaxSysCallMTH
 *fill*         0x00000000200001e5        0x3 
 .sdata._impure_ptr
                0x00000000200001e8        0x4 e:/nucleistudio_ide_202102-win64/nucleistudio/toolchain/gcc/bin/../lib/gcc/riscv-nuclei-elf/9.2.0/../../../../riscv-nuclei-elf/lib/rv32imac/ilp32\libg_nano.a(lib_a-impure.o)
                0x00000000200001e8                _impure_ptr
 .sdata2._global_impure_ptr
                0x00000000200001ec        0x4 e:/nucleistudio_ide_202102-win64/nucleistudio/toolchain/gcc/bin/../lib/gcc/riscv-nuclei-elf/9.2.0/../../../../riscv-nuclei-elf/lib/rv32imac/ilp32\libg_nano.a(lib_a-impure.o)
                0x00000000200001ec                _global_impure_ptr
 *(.gnu.linkonce.s.*)
                0x00000000200001f0                . = ALIGN (0x4)
                0x00000000200001f0                PROVIDE (_edata = .)
                [!provide]                        PROVIDE (edata = .)
                [!provide]                        PROVIDE (_fbss = .)
                0x00000000200001f0                PROVIDE (__bss_start = .)

.bss            0x00000000200001f0     0x3aec
 *(.sbss*)
 .sbss.xStart   0x00000000200001f0        0x8 ./nuclei_sdk/OS/FreeRTOS/Source/portable/MemMang/heap_4.o
 .sbss.pxEnd    0x00000000200001f8        0x4 ./nuclei_sdk/OS/FreeRTOS/Source/portable/MemMang/heap_4.o
 .sbss.xFreeBytesRemaining
                0x00000000200001fc        0x4 ./nuclei_sdk/OS/FreeRTOS/Source/portable/MemMang/heap_4.o
 .sbss.xMinimumEverFreeBytesRemaining
                0x0000000020000200        0x4 ./nuclei_sdk/OS/FreeRTOS/Source/portable/MemMang/heap_4.o
 .sbss.xNumberOfSuccessfulAllocations
                0x0000000020000204        0x4 ./nuclei_sdk/OS/FreeRTOS/Source/portable/MemMang/heap_4.o
 .sbss.xNumberOfSuccessfulFrees
                0x0000000020000208        0x4 ./nuclei_sdk/OS/FreeRTOS/Source/portable/MemMang/heap_4.o
 .sbss.xBlockAllocatedBit
                0x000000002000020c        0x4 ./nuclei_sdk/OS/FreeRTOS/Source/portable/MemMang/heap_4.o
 .sbss.ucMaxSysCallPriority
                0x0000000020000210        0x1 ./nuclei_sdk/OS/FreeRTOS/Source/portable/GCC/port.o
 *fill*         0x0000000020000211        0x3 
 .sbss.pxCurrentTCB
                0x0000000020000214        0x4 ./nuclei_sdk/OS/FreeRTOS/Source/tasks.o
                0x0000000020000214                pxCurrentTCB
 .sbss.pxDelayedTaskList
                0x0000000020000218        0x4 ./nuclei_sdk/OS/FreeRTOS/Source/tasks.o
 .sbss.pxOverflowDelayedTaskList
                0x000000002000021c        0x4 ./nuclei_sdk/OS/FreeRTOS/Source/tasks.o
 .sbss.uxDeletedTasksWaitingCleanUp
                0x0000000020000220        0x4 ./nuclei_sdk/OS/FreeRTOS/Source/tasks.o
 .sbss.uxCurrentNumberOfTasks
                0x0000000020000224        0x4 ./nuclei_sdk/OS/FreeRTOS/Source/tasks.o
 .sbss.xTickCount
                0x0000000020000228        0x8 ./nuclei_sdk/OS/FreeRTOS/Source/tasks.o
 .sbss.uxTopReadyPriority
                0x0000000020000230        0x4 ./nuclei_sdk/OS/FreeRTOS/Source/tasks.o
 .sbss.xSchedulerRunning
                0x0000000020000234        0x4 ./nuclei_sdk/OS/FreeRTOS/Source/tasks.o
 .sbss.xPendedTicks
                0x0000000020000238        0x8 ./nuclei_sdk/OS/FreeRTOS/Source/tasks.o
 .sbss.xYieldPending
                0x0000000020000240        0x4 ./nuclei_sdk/OS/FreeRTOS/Source/tasks.o
 .sbss.xNumOfOverflows
                0x0000000020000244        0x4 ./nuclei_sdk/OS/FreeRTOS/Source/tasks.o
 .sbss.uxTaskNumber
                0x0000000020000248        0x4 ./nuclei_sdk/OS/FreeRTOS/Source/tasks.o
 *fill*         0x000000002000024c        0x4 
 .sbss.xNextTaskUnblockTime
                0x0000000020000250        0x8 ./nuclei_sdk/OS/FreeRTOS/Source/tasks.o
 .sbss.xIdleTaskHandle
                0x0000000020000258        0x4 ./nuclei_sdk/OS/FreeRTOS/Source/tasks.o
 .sbss.uxSchedulerSuspended
                0x000000002000025c        0x4 ./nuclei_sdk/OS/FreeRTOS/Source/tasks.o
 .sbss.ulTaskSwitchedInTime
                0x0000000020000260        0x4 ./nuclei_sdk/OS/FreeRTOS/Source/tasks.o
 .sbss.ulTotalRunTime
                0x0000000020000264        0x4 ./nuclei_sdk/OS/FreeRTOS/Source/tasks.o
 .sbss.pxCurrentTimerList
                0x0000000020000268        0x4 ./nuclei_sdk/OS/FreeRTOS/Source/timers.o
 .sbss.pxOverflowTimerList
                0x000000002000026c        0x4 ./nuclei_sdk/OS/FreeRTOS/Source/timers.o
 .sbss.xTimerQueue
                0x0000000020000270        0x4 ./nuclei_sdk/OS/FreeRTOS/Source/timers.o
 .sbss.xTimerTaskHandle
                0x0000000020000274        0x4 ./nuclei_sdk/OS/FreeRTOS/Source/timers.o
 .sbss.xLastTime.5396
                0x0000000020000278        0x8 ./nuclei_sdk/OS/FreeRTOS/Source/timers.o
 .sbss.xQueue   0x0000000020000280        0x4 ./application/main.o
 .sbss.StartTask1_Handler
                0x0000000020000284        0x4 ./application/main.o
 .sbss.StartTask2_Handler
                0x0000000020000288        0x4 ./application/main.o
 .sbss.keyTask_Handler
                0x000000002000028c        0x4 ./application/main.o
 .sbss.EventGroupHandler
                0x0000000020000290        0x4 ./application/main.o
                0x0000000020000290                EventGroupHandler
 .sbss.countSemaphore
                0x0000000020000294        0x4 ./application/main.o
                0x0000000020000294                countSemaphore
 .sbss.BinarySemaphore
                0x0000000020000298        0x4 ./application/main.o
                0x0000000020000298                BinarySemaphore
 .sbss.FreeRTOSRunTimeTicks
                0x000000002000029c        0x4 ./application/main.o
                0x000000002000029c                FreeRTOSRunTimeTicks
 .sbss.Msg_Queue
                0x00000000200002a0        0x4 ./application/main.o
                0x00000000200002a0                Msg_Queue
 .sbss.msgq_remain_size
                0x00000000200002a4        0x1 ./application/main.o
                0x00000000200002a4                msgq_remain_size
 .sbss.msgq_total_size
                0x00000000200002a5        0x1 ./application/main.o
                0x00000000200002a5                msgq_total_size
 *fill*         0x00000000200002a6        0x2 
 .sbss._global_atexit
                0x00000000200002a8        0x4 e:/nucleistudio_ide_202102-win64/nucleistudio/toolchain/gcc/bin/../lib/gcc/riscv-nuclei-elf/9.2.0/../../../../riscv-nuclei-elf/lib/rv32imac/ilp32\libg_nano.a(lib_a-__call_atexit.o)
                0x00000000200002a8                _global_atexit
 .sbss.__malloc_free_list
                0x00000000200002ac        0x4 e:/nucleistudio_ide_202102-win64/nucleistudio/toolchain/gcc/bin/../lib/gcc/riscv-nuclei-elf/9.2.0/../../../../riscv-nuclei-elf/lib/rv32imac/ilp32\libg_nano.a(lib_a-nano-mallocr.o)
                0x00000000200002ac                __malloc_free_list
 .sbss.__malloc_sbrk_start
                0x00000000200002b0        0x4 e:/nucleistudio_ide_202102-win64/nucleistudio/toolchain/gcc/bin/../lib/gcc/riscv-nuclei-elf/9.2.0/../../../../riscv-nuclei-elf/lib/rv32imac/ilp32\libg_nano.a(lib_a-nano-mallocr.o)
                0x00000000200002b0                __malloc_sbrk_start
 *(.gnu.linkonce.sb.*)
 *(.bss .bss.*)
 .bss.SystemExceptionHandlers
                0x00000000200002b4       0x34 ./nuclei_sdk/SoC/gd32vf103/Common/Source/system_gd32vf103.o
 .bss.ucHeap    0x00000000200002e8     0x3800 ./nuclei_sdk/OS/FreeRTOS/Source/portable/MemMang/heap_4.o
 .bss.xQueueRegistry
                0x0000000020003ae8       0x50 ./nuclei_sdk/OS/FreeRTOS/Source/queue.o
                0x0000000020003ae8                xQueueRegistry
 .bss.pxReadyTasksLists
                0x0000000020003b38       0x60 ./nuclei_sdk/OS/FreeRTOS/Source/tasks.o
 .bss.xDelayedTaskList1
                0x0000000020003b98       0x18 ./nuclei_sdk/OS/FreeRTOS/Source/tasks.o
 .bss.xDelayedTaskList2
                0x0000000020003bb0       0x18 ./nuclei_sdk/OS/FreeRTOS/Source/tasks.o
 .bss.xPendingReadyList
                0x0000000020003bc8       0x18 ./nuclei_sdk/OS/FreeRTOS/Source/tasks.o
 .bss.xTasksWaitingTermination
                0x0000000020003be0       0x18 ./nuclei_sdk/OS/FreeRTOS/Source/tasks.o
 .bss.xSuspendedTaskList
                0x0000000020003bf8       0x18 ./nuclei_sdk/OS/FreeRTOS/Source/tasks.o
 .bss.xActiveTimerList1
                0x0000000020003c10       0x18 ./nuclei_sdk/OS/FreeRTOS/Source/timers.o
 .bss.xActiveTimerList2
                0x0000000020003c28       0x18 ./nuclei_sdk/OS/FreeRTOS/Source/timers.o
 .bss.queuebuf  0x0000000020003c40        0xa ./application/main.o
                0x0000000020003c40                queuebuf
 *fill*         0x0000000020003c4a        0x2 
 .bss._global_atexit0
                0x0000000020003c4c       0x8c e:/nucleistudio_ide_202102-win64/nucleistudio/toolchain/gcc/bin/../lib/gcc/riscv-nuclei-elf/9.2.0/../../../../riscv-nuclei-elf/lib/rv32imac/ilp32\libg_nano.a(lib_a-__atexit.o)
 *(.gnu.linkonce.b.*)
 *(COMMON)
 COMMON         0x0000000020003cd8        0x4 e:/nucleistudio_ide_202102-win64/nucleistudio/toolchain/gcc/bin/../lib/gcc/riscv-nuclei-elf/9.2.0/../../../../riscv-nuclei-elf/lib/rv32imac/ilp32\libg_nano.a(lib_a-reent.o)
                0x0000000020003cd8                errno
                0x0000000020003cdc                . = ALIGN (0x4)
                0x0000000020003ce0                . = ALIGN (0x8)
                0x0000000020003ce0                PROVIDE (_end = .)
                [!provide]                        PROVIDE (end = .)

.stack          0x0000000020004800      0x800 load address 0x0000000020003cdc
                0x0000000020004800                PROVIDE (_heap_end = .)
                0x0000000000000800                . = __STACK_SIZE
 *fill*         0x0000000020004800      0x800 
                0x0000000020005000                PROVIDE (_sp = .)
OUTPUT(789.elf elf32-littleriscv)

.debug_info     0x0000000000000000    0x1c0c6
 .debug_info    0x0000000000000000      0x998 ./nuclei_sdk/SoC/gd32vf103/Common/Source/Stubs/close.o
 .debug_info    0x0000000000000998      0xc1e ./nuclei_sdk/SoC/gd32vf103/Common/Source/Stubs/fstat.o
 .debug_info    0x00000000000015b6      0x117 ./nuclei_sdk/SoC/gd32vf103/Common/Source/Stubs/isatty.o
 .debug_info    0x00000000000016cd      0x9b7 ./nuclei_sdk/SoC/gd32vf103/Common/Source/Stubs/lseek.o
 .debug_info    0x0000000000002084      0xa41 ./nuclei_sdk/SoC/gd32vf103/Common/Source/Stubs/read.o
 .debug_info    0x0000000000002ac5      0x15b ./nuclei_sdk/SoC/gd32vf103/Common/Source/Stubs/sbrk.o
 .debug_info    0x0000000000002c20      0xa64 ./nuclei_sdk/SoC/gd32vf103/Common/Source/Stubs/write.o
 .debug_info    0x0000000000003684       0x22 ./nuclei_sdk/SoC/gd32vf103/Common/Source/GCC/startup_gd32vf103.o
 .debug_info    0x00000000000036a6      0x22b ./nuclei_sdk/SoC/gd32vf103/Common/Source/Drivers/gd32vf103_eclic.o
 .debug_info    0x00000000000038d1      0x3b7 ./nuclei_sdk/SoC/gd32vf103/Common/Source/Drivers/gd32vf103_exti.o
 .debug_info    0x0000000000003c88      0x5f6 ./nuclei_sdk/SoC/gd32vf103/Common/Source/Drivers/gd32vf103_gpio.o
 .debug_info    0x000000000000427e      0xdbc ./nuclei_sdk/SoC/gd32vf103/Common/Source/Drivers/gd32vf103_rcu.o
 .debug_info    0x000000000000503a     0x136f ./nuclei_sdk/SoC/gd32vf103/Common/Source/Drivers/gd32vf103_timer.o
 .debug_info    0x00000000000063a9      0xbdc ./nuclei_sdk/SoC/gd32vf103/Common/Source/Drivers/gd32vf103_usart.o
 .debug_info    0x0000000000006f85      0x2fb ./nuclei_sdk/SoC/gd32vf103/Common/Source/gd32vf103_soc.o
 .debug_info    0x0000000000007280     0x152f ./nuclei_sdk/SoC/gd32vf103/Common/Source/system_gd32vf103.o
 .debug_info    0x00000000000087af     0x122b ./nuclei_sdk/SoC/gd32vf103/Common/Include/n200_func.o
 .debug_info    0x00000000000099da      0xb84 ./nuclei_sdk/SoC/gd32vf103/Board/gd32vf103v_rvstar/Source/gd32vf103v_rvstar.o
 .debug_info    0x000000000000a55e      0xf2b ./nuclei_sdk/OS/FreeRTOS/Source/portable/MemMang/heap_4.o
 .debug_info    0x000000000000b489     0x1ae5 ./nuclei_sdk/OS/FreeRTOS/Source/portable/GCC/port.o
 .debug_info    0x000000000000cf6e       0x22 ./nuclei_sdk/OS/FreeRTOS/Source/portable/GCC/portasm.o
 .debug_info    0x000000000000cf90     0x15a3 ./nuclei_sdk/OS/FreeRTOS/Source/event_groups.o
 .debug_info    0x000000000000e533      0xbcc ./nuclei_sdk/OS/FreeRTOS/Source/list.o
 .debug_info    0x000000000000f0ff     0x2444 ./nuclei_sdk/OS/FreeRTOS/Source/queue.o
 .debug_info    0x0000000000011543     0x32f2 ./nuclei_sdk/OS/FreeRTOS/Source/tasks.o
 .debug_info    0x0000000000014835     0x1a47 ./nuclei_sdk/OS/FreeRTOS/Source/timers.o
 .debug_info    0x000000000001627c     0x1676 ./application/main.o
 .debug_info    0x00000000000178f2      0xb6a e:/nucleistudio_ide_202102-win64/nucleistudio/toolchain/gcc/bin/../lib/gcc/riscv-nuclei-elf/9.2.0/rv32imac/ilp32\libgcc.a(_clz.o)
 .debug_info    0x000000000001845c      0x599 e:/nucleistudio_ide_202102-win64/nucleistudio/toolchain/gcc/bin/../lib/gcc/riscv-nuclei-elf/9.2.0/rv32imac/ilp32\libgcc.a(adddf3.o)
 .debug_info    0x00000000000189f5      0x730 e:/nucleistudio_ide_202102-win64/nucleistudio/toolchain/gcc/bin/../lib/gcc/riscv-nuclei-elf/9.2.0/rv32imac/ilp32\libgcc.a(divdf3.o)
 .debug_info    0x0000000000019125      0x288 e:/nucleistudio_ide_202102-win64/nucleistudio/toolchain/gcc/bin/../lib/gcc/riscv-nuclei-elf/9.2.0/rv32imac/ilp32\libgcc.a(eqdf2.o)
 .debug_info    0x00000000000193ad      0x286 e:/nucleistudio_ide_202102-win64/nucleistudio/toolchain/gcc/bin/../lib/gcc/riscv-nuclei-elf/9.2.0/rv32imac/ilp32\libgcc.a(gedf2.o)
 .debug_info    0x0000000000019633      0x286 e:/nucleistudio_ide_202102-win64/nucleistudio/toolchain/gcc/bin/../lib/gcc/riscv-nuclei-elf/9.2.0/rv32imac/ilp32\libgcc.a(ledf2.o)
 .debug_info    0x00000000000198b9      0x75c e:/nucleistudio_ide_202102-win64/nucleistudio/toolchain/gcc/bin/../lib/gcc/riscv-nuclei-elf/9.2.0/rv32imac/ilp32\libgcc.a(muldf3.o)
 .debug_info    0x000000000001a015      0x599 e:/nucleistudio_ide_202102-win64/nucleistudio/toolchain/gcc/bin/../lib/gcc/riscv-nuclei-elf/9.2.0/rv32imac/ilp32\libgcc.a(subdf3.o)
 .debug_info    0x000000000001a5ae      0x289 e:/nucleistudio_ide_202102-win64/nucleistudio/toolchain/gcc/bin/../lib/gcc/riscv-nuclei-elf/9.2.0/rv32imac/ilp32\libgcc.a(unorddf2.o)
 .debug_info    0x000000000001a837      0x21a e:/nucleistudio_ide_202102-win64/nucleistudio/toolchain/gcc/bin/../lib/gcc/riscv-nuclei-elf/9.2.0/rv32imac/ilp32\libgcc.a(fixdfsi.o)
 .debug_info    0x000000000001aa51      0x2bc e:/nucleistudio_ide_202102-win64/nucleistudio/toolchain/gcc/bin/../lib/gcc/riscv-nuclei-elf/9.2.0/rv32imac/ilp32\libgcc.a(floatsidf.o)
 .debug_info    0x000000000001ad0d      0x2af e:/nucleistudio_ide_202102-win64/nucleistudio/toolchain/gcc/bin/../lib/gcc/riscv-nuclei-elf/9.2.0/rv32imac/ilp32\libgcc.a(floatunsidf.o)
 .debug_info    0x000000000001afbc      0x533 e:/nucleistudio_ide_202102-win64/nucleistudio/toolchain/gcc/bin/../lib/gcc/riscv-nuclei-elf/9.2.0/rv32imac/ilp32\libgcc.a(trunctfdf2.o)
 .debug_info    0x000000000001b4ef      0xbd7 e:/nucleistudio_ide_202102-win64/nucleistudio/toolchain/gcc/bin/../lib/gcc/riscv-nuclei-elf/9.2.0/rv32imac/ilp32\libgcc.a(_clzsi2.o)

.debug_abbrev   0x0000000000000000     0x55b5
 .debug_abbrev  0x0000000000000000      0x1e7 ./nuclei_sdk/SoC/gd32vf103/Common/Source/Stubs/close.o
 .debug_abbrev  0x00000000000001e7      0x1fa ./nuclei_sdk/SoC/gd32vf103/Common/Source/Stubs/fstat.o
 .debug_abbrev  0x00000000000003e1       0x82 ./nuclei_sdk/SoC/gd32vf103/Common/Source/Stubs/isatty.o
 .debug_abbrev  0x0000000000000463      0x1e7 ./nuclei_sdk/SoC/gd32vf103/Common/Source/Stubs/lseek.o
 .debug_abbrev  0x000000000000064a      0x1fa ./nuclei_sdk/SoC/gd32vf103/Common/Source/Stubs/read.o
 .debug_abbrev  0x0000000000000844       0xa8 ./nuclei_sdk/SoC/gd32vf103/Common/Source/Stubs/sbrk.o
 .debug_abbrev  0x00000000000008ec      0x219 ./nuclei_sdk/SoC/gd32vf103/Common/Source/Stubs/write.o
 .debug_abbrev  0x0000000000000b05       0x12 ./nuclei_sdk/SoC/gd32vf103/Common/Source/GCC/startup_gd32vf103.o
 .debug_abbrev  0x0000000000000b17      0x110 ./nuclei_sdk/SoC/gd32vf103/Common/Source/Drivers/gd32vf103_eclic.o
 .debug_abbrev  0x0000000000000c27      0x102 ./nuclei_sdk/SoC/gd32vf103/Common/Source/Drivers/gd32vf103_exti.o
 .debug_abbrev  0x0000000000000d29      0x1d1 ./nuclei_sdk/SoC/gd32vf103/Common/Source/Drivers/gd32vf103_gpio.o
 .debug_abbrev  0x0000000000000efa      0x1ea ./nuclei_sdk/SoC/gd32vf103/Common/Source/Drivers/gd32vf103_rcu.o
 .debug_abbrev  0x00000000000010e4      0x1cf ./nuclei_sdk/SoC/gd32vf103/Common/Source/Drivers/gd32vf103_timer.o
 .debug_abbrev  0x00000000000012b3      0x1b7 ./nuclei_sdk/SoC/gd32vf103/Common/Source/Drivers/gd32vf103_usart.o
 .debug_abbrev  0x000000000000146a      0x15b ./nuclei_sdk/SoC/gd32vf103/Common/Source/gd32vf103_soc.o
 .debug_abbrev  0x00000000000015c5      0x47c ./nuclei_sdk/SoC/gd32vf103/Common/Source/system_gd32vf103.o
 .debug_abbrev  0x0000000000001a41      0x39e ./nuclei_sdk/SoC/gd32vf103/Common/Include/n200_func.o
 .debug_abbrev  0x0000000000001ddf      0x2a7 ./nuclei_sdk/SoC/gd32vf103/Board/gd32vf103v_rvstar/Source/gd32vf103v_rvstar.o
 .debug_abbrev  0x0000000000002086      0x364 ./nuclei_sdk/OS/FreeRTOS/Source/portable/MemMang/heap_4.o
 .debug_abbrev  0x00000000000023ea      0x47c ./nuclei_sdk/OS/FreeRTOS/Source/portable/GCC/port.o
 .debug_abbrev  0x0000000000002866       0x12 ./nuclei_sdk/OS/FreeRTOS/Source/portable/GCC/portasm.o
 .debug_abbrev  0x0000000000002878      0x3d7 ./nuclei_sdk/OS/FreeRTOS/Source/event_groups.o
 .debug_abbrev  0x0000000000002c4f      0x232 ./nuclei_sdk/OS/FreeRTOS/Source/list.o
 .debug_abbrev  0x0000000000002e81      0x41b ./nuclei_sdk/OS/FreeRTOS/Source/queue.o
 .debug_abbrev  0x000000000000329c      0x466 ./nuclei_sdk/OS/FreeRTOS/Source/tasks.o
 .debug_abbrev  0x0000000000003702      0x38e ./nuclei_sdk/OS/FreeRTOS/Source/timers.o
 .debug_abbrev  0x0000000000003a90      0x42f ./application/main.o
 .debug_abbrev  0x0000000000003ebf      0x1e8 e:/nucleistudio_ide_202102-win64/nucleistudio/toolchain/gcc/bin/../lib/gcc/riscv-nuclei-elf/9.2.0/rv32imac/ilp32\libgcc.a(_clz.o)
 .debug_abbrev  0x00000000000040a7      0x196 e:/nucleistudio_ide_202102-win64/nucleistudio/toolchain/gcc/bin/../lib/gcc/riscv-nuclei-elf/9.2.0/rv32imac/ilp32\libgcc.a(adddf3.o)
 .debug_abbrev  0x000000000000423d      0x187 e:/nucleistudio_ide_202102-win64/nucleistudio/toolchain/gcc/bin/../lib/gcc/riscv-nuclei-elf/9.2.0/rv32imac/ilp32\libgcc.a(divdf3.o)
 .debug_abbrev  0x00000000000043c4      0x186 e:/nucleistudio_ide_202102-win64/nucleistudio/toolchain/gcc/bin/../lib/gcc/riscv-nuclei-elf/9.2.0/rv32imac/ilp32\libgcc.a(eqdf2.o)
 .debug_abbrev  0x000000000000454a      0x199 e:/nucleistudio_ide_202102-win64/nucleistudio/toolchain/gcc/bin/../lib/gcc/riscv-nuclei-elf/9.2.0/rv32imac/ilp32\libgcc.a(gedf2.o)
 .debug_abbrev  0x00000000000046e3      0x199 e:/nucleistudio_ide_202102-win64/nucleistudio/toolchain/gcc/bin/../lib/gcc/riscv-nuclei-elf/9.2.0/rv32imac/ilp32\libgcc.a(ledf2.o)
 .debug_abbrev  0x000000000000487c      0x18e e:/nucleistudio_ide_202102-win64/nucleistudio/toolchain/gcc/bin/../lib/gcc/riscv-nuclei-elf/9.2.0/rv32imac/ilp32\libgcc.a(muldf3.o)
 .debug_abbrev  0x0000000000004a0a      0x196 e:/nucleistudio_ide_202102-win64/nucleistudio/toolchain/gcc/bin/../lib/gcc/riscv-nuclei-elf/9.2.0/rv32imac/ilp32\libgcc.a(subdf3.o)
 .debug_abbrev  0x0000000000004ba0      0x1a2 e:/nucleistudio_ide_202102-win64/nucleistudio/toolchain/gcc/bin/../lib/gcc/riscv-nuclei-elf/9.2.0/rv32imac/ilp32\libgcc.a(unorddf2.o)
 .debug_abbrev  0x0000000000004d42      0x18a e:/nucleistudio_ide_202102-win64/nucleistudio/toolchain/gcc/bin/../lib/gcc/riscv-nuclei-elf/9.2.0/rv32imac/ilp32\libgcc.a(fixdfsi.o)